******************************************************************************
                  TI ARM Linker PC v18.1.4                     
******************************************************************************
>> Linked Wed Mar  6 14:05:10 2019

OUTPUT FILE NAME:   <Lab5.out>
ENTRY POINT SYMBOL: "_c_int00_noargs"  address: 00003531


MEMORY CONFIGURATION

         name            origin    length      used     unused   attr    fill
----------------------  --------  ---------  --------  --------  ----  --------
  FLASH                 00000000   00040000  00004034  0003bfcc  R  X
  SRAM                  20000000   00008000  000012bb  00006d45  RW X


SEGMENT ALLOCATION MAP

run origin  load origin   length   init length attrs members
----------  ----------- ---------- ----------- ----- -------
00000000    00000000    00004038   00004038    r-x
  00000000    00000000    0000026c   0000026c    r-- .intvecs
  0000026c    0000026c    00003874   00003874    r-x .text
  00003ae0    00003ae0    000004a4   000004a4    r-- .const
  00003f88    00003f88    000000b0   000000b0    r-- .cinit
20000000    20000000    000012c2   00000000    rw-
  20000000    20000000    0000026c   00000000    rw- .vtable
  20000270    20000270    00000800   00000000    rw- .sysmem
  20000a70    20000a70    00000400   00000000    rw- .stack
  20000e70    20000e70    0000024d   00000000    rw- .bss
  200010c0    200010c0    00000202   00000000    rw- .data


SECTION ALLOCATION MAP

 output                                  attributes/
section   page    origin      length       input sections
--------  ----  ----------  ----------   ----------------
.intvecs   0    00000000    0000026c     
                  00000000    0000026c     tm4c123gh6pm_startup_ccs.obj (.intvecs)

.text      0    0000026c    00003874     
                  0000026c    00000a5e     rtsv7M4_T_le_v4SPD16_eabi.lib : _printfi.c.obj (.text:__TI_printfi)
                  00000cca    00000002                                   : _lock.c.obj (.text:_nop)
                  00000ccc    000003d0     Util2.lib : launchpad.obj (.text)
                  0000109c    00000270     rtsv7M4_T_le_v4SPD16_eabi.lib : _printfi.c.obj (.text:_pconv_a)
                  0000130c    0000023c     main(5).obj (.text)
                  00001548    000001d0     rtsv7M4_T_le_v4SPD16_eabi.lib : _printfi.c.obj (.text:_pconv_g)
                  00001718    000001b6                                   : fd_add_t2.asm.obj (.text)
                  000018ce    00000002                                   : div0.asm.obj (.text)
                  000018d0    0000013c                                   : _printfi.c.obj (.text:_pconv_e)
                  00001a0c    00000136                                   : fd_div_t2.asm.obj (.text)
                  00001b42    00000132     driverlib.lib : gpio.obj (.text:GPIOPadConfigSet)
                  00001c74    00000124     rtsv7M4_T_le_v4SPD16_eabi.lib : _printfi.c.obj (.text:fcvt)
                  00001d98    00000114                                   : fputs.c.obj (.text:fputs)
                  00001eac    00000110     driverlib.lib : sysctl.obj (.text:SysCtlClockGet)
                  00001fbc    00000110     rtsv7M4_T_le_v4SPD16_eabi.lib : s_scalbn.c.obj (.text:scalbn)
                  000020cc    000000fc                                   : fd_mul_t2.asm.obj (.text)
                  000021c8    000000f4     driverlib.lib : sysctl.obj (.text:SysCtlClockSet)
                  000022bc    000000dc     rtsv7M4_T_le_v4SPD16_eabi.lib : setvbuf.c.obj (.text:setvbuf)
                  00002398    000000d8                                   : memory.c.obj (.text:free)
                  00002470    000000c4     Util2.lib : uart.obj (.text)
                  00002534    000000b1     rtsv7M4_T_le_v4SPD16_eabi.lib : _printfi.c.obj (.text:_ltostr)
                  000025e5    00000003     --HOLE-- [fill = 0]
                  000025e8    0000009c     Util2.lib : led.obj (.text)
                  00002684    0000009c     rtsv7M4_T_le_v4SPD16_eabi.lib : memcpy_t2.asm.obj (.text)
                  00002720    00000096                                   : ull_div_t2.asm.obj (.text)
                  000027b6    00000002     --HOLE-- [fill = 0]
                  000027b8    0000008c     Util2.lib : pushbutton.obj (.text)
                  00002844    00000086     rtsv7M4_T_le_v4SPD16_eabi.lib : fd_cmp_t2.asm.obj (.text:__aeabi_cdcmple)
                  000028ca    00000086                                   : fd_cmp_t2.asm.obj (.text:__aeabi_cdrcmple)
                  00002950    0000007c                                   : fflush.c.obj (.text:fflush)
                  000029cc    0000007a                                   : memset_t2.asm.obj (.text)
                  00002a46    00000002     --HOLE-- [fill = 0]
                  00002a48    00000078                                   : memory.c.obj (.text:malloc)
                  00002ac0    00000074                                   : fclose.c.obj (.text:__TI_closefile)
                  00002b34    0000006e                                   : _printfi.c.obj (.text:_mcpy)
                  00002ba2    00000002     --HOLE-- [fill = 0]
                  00002ba4    00000068                                   : hostlseek.c.obj (.text:HOSTlseek)
                  00002c0c    00000068                                   : hostrename.c.obj (.text:HOSTrename)
                  00002c74    00000068     driverlib.lib : interrupt.obj (.text:IntEnable)
                  00002cdc    00000068     rtsv7M4_T_le_v4SPD16_eabi.lib : copy_decompress_lzss.c.obj (.text:decompress:lzss:__TI_decompress_lzss)
                  00002d44    00000064                                   : s_frexp.c.obj (.text:frexp)
                  00002da8    00000064                                   : fseek.c.obj (.text:fseek)
                  00002e0c    00000062                                   : _io_perm.c.obj (.text:__TI_wrt_ok)
                  00002e6e    00000002     --HOLE-- [fill = 0]
                  00002e70    00000060                                   : hostopen.c.obj (.text:HOSTopen)
                  00002ed0    0000005c                                   : close.c.obj (.text:close)
                  00002f2c    00000058                                   : hostread.c.obj (.text:HOSTread)
                  00002f84    00000058                                   : hostwrite.c.obj (.text:HOSTwrite)
                  00002fdc    00000056     driverlib.lib : gpio.obj (.text:GPIOIntTypeSet)
                  00003032    00000056     rtsv7M4_T_le_v4SPD16_eabi.lib : _printfi.c.obj (.text:_pconv_f)
                  00003088    00000054                                   : ltoa.c.obj (.text:ltoa)
                  000030dc    00000052                                   : _printfi.c.obj (.text:_ecpy)
                  0000312e    0000004c                                   : fflush.c.obj (.text:__TI_doflush)
                  0000317a    00000002     --HOLE-- [fill = 0]
                  0000317c    0000004c                                   : atoi.c.obj (.text:atoi)
                  000031c8    00000048     driverlib.lib : gpio.obj (.text:GPIOPinConfigure)
                  00003210    00000048     rtsv7M4_T_le_v4SPD16_eabi.lib : exit.c.obj (.text:exit)
                  00003258    00000048                                   : fd_toi_t2.asm.obj (.text)
                  000032a0    00000046     driverlib.lib : uart.obj (.text:UARTConfigSetExpClk)
                  000032e6    00000002     --HOLE-- [fill = 0]
                  000032e8    00000044     rtsv7M4_T_le_v4SPD16_eabi.lib : hostclose.c.obj (.text:HOSTclose)
                  0000332c    00000044                                   : hostunlink.c.obj (.text:HOSTunlink)
                  00003370    00000044     driverlib.lib : gpio.obj (.text:_GPIOIntNumberGet)
                  000033b4    00000044     rtsv7M4_T_le_v4SPD16_eabi.lib : autoinit.c.obj (.text:__TI_auto_init_nobinit_nopinit:__TI_auto_init_nobinit_nopinit)
                  000033f8    00000044                                   : getdevice.c.obj (.text:getdevice)
                  0000343c    00000040                                   : vsnprintf.c.obj (.text:vsnprintf)
                  0000347c    0000003e                                   : _printfi.c.obj (.text:_fcpy)
                  000034ba    00000002     --HOLE-- [fill = 0]
                  000034bc    0000003c                                   : memory.c.obj (.text:minsert)
                  000034f8    00000038                                   : trgmsg.c.obj (.text:__TI_writemsg)
                  00003530    00000038                                   : boot_cortex_m.c.obj (.text:_c_int00_noargs:_c_int00_noargs)
                  00003568    00000038                                   : memory.c.obj (.text:minit)
                  000035a0    00000036                                   : strncpy.c.obj (.text:strncpy)
                  000035d6    00000002     --HOLE-- [fill = 0]
                  000035d8    00000034     driverlib.lib : interrupt.obj (.text:IntRegister)
                  0000360c    00000034                   : sysctl.obj (.text:SysCtlPeripheralEnable)
                  00003640    00000034     rtsv7M4_T_le_v4SPD16_eabi.lib : fopen.c.obj (.text:__TI_cleanup)
                  00003674    00000034                                   : trgmsg.c.obj (.text:__TI_readmsg)
                  000036a8    00000030                                   : vsnprintf.c.obj (.text:_outs)
                  000036d8    00000030                                   : getdevice.c.obj (.text:finddevice)
                  00003708    0000002e                                   : i_tofd_t2.asm.obj (.text)
                  00003736    00000002     --HOLE-- [fill = 0]
                  00003738    0000002c     buzzer_asm.obj (.text)
                  00003764    0000002c     rtsv7M4_T_le_v4SPD16_eabi.lib : unlink.c.obj (.text:unlink)
                  00003790    0000002a     driverlib.lib : gpio.obj (.text:GPIODirModeSet)
                  000037ba    00000002     --HOLE-- [fill = 0]
                  000037bc    00000028     rtsv7M4_T_le_v4SPD16_eabi.lib : lseek.c.obj (.text:lseek)
                  000037e4    00000028                                   : memory.c.obj (.text:mremove)
                  0000380c    00000028                                   : write.c.obj (.text:write)
                  00003834    00000024     driverlib.lib : interrupt.obj (.text:IntPrioritySet)
                  00003858    00000020                   : uart.obj (.text:UARTDisable)
                  00003878    00000020     rtsv7M4_T_le_v4SPD16_eabi.lib : memchr.c.obj (.text:memchr)
                  00003898    0000001c     driverlib.lib : systick.obj (.text:SysTickIntRegister)
                  000038b4    0000001c     rtsv7M4_T_le_v4SPD16_eabi.lib : assert.c.obj (.text:_abort_msg)
                  000038d0    0000001c     buzzer.obj (.text)
                  000038ec    0000001c     rtsv7M4_T_le_v4SPD16_eabi.lib : memccpy.c.obj (.text:memccpy)
                  00003908    0000001c     motion.obj (.text)
                  00003924    00000018     driverlib.lib : gpio.obj (.text:GPIOIntRegister)
                  0000393c    00000018                   : gpio.obj (.text:GPIOPinTypeGPIOOutput)
                  00003954    00000018     rtsv7M4_T_le_v4SPD16_eabi.lib : vsnprintf.c.obj (.text:_outc)
                  0000396c    00000018                                   : strcmp.c.obj (.text:strcmp)
                  00003984    00000016                                   : strchr.c.obj (.text:strchr)
                  0000399a    00000002     --HOLE-- [fill = 0]
                  0000399c    00000014     driverlib.lib : systick.obj (.text:SysTickEnable)
                  000039b0    00000014                   : systick.obj (.text:SysTickIntEnable)
                  000039c4    00000014                   : uart.obj (.text:UARTEnable)
                  000039d8    00000014     rtsv7M4_T_le_v4SPD16_eabi.lib : s_copysign.c.obj (.text:copysign)
                  000039ec    00000014     motion_asm.obj (.text)
                  00003a00    00000014     rtsv7M4_T_le_v4SPD16_eabi.lib : strcpy.c.obj (.text:strcpy)
                  00003a14    00000014                                   : strlen.c.obj (.text:strlen)
                  00003a28    00000012     driverlib.lib : gpio.obj (.text:GPIOPinTypeGPIOInput)
                  00003a3a    00000012                   : gpio.obj (.text:GPIOPinTypeUART)
                  00003a4c    00000012     rtsv7M4_T_le_v4SPD16_eabi.lib : wcslen.c.obj (.text:wcslen)
                  00003a5e    00000002     --HOLE-- [fill = 0]
                  00003a60    00000010     driverlib.lib : systick.obj (.text:SysTickPeriodSet)
                  00003a70    0000000e     rtsv7M4_T_le_v4SPD16_eabi.lib : copy_decompress_none.c.obj (.text:decompress:none:__TI_decompress_none)
                  00003a7e    0000000c     driverlib.lib : gpio.obj (.text:GPIOIntEnable)
                  00003a8a    0000000c     rtsv7M4_T_le_v4SPD16_eabi.lib : copy_zero_init.c.obj (.text:decompress:ZI:__TI_zero_init)
                  00003a96    0000000c     tm4c123gh6pm_startup_ccs.obj (.text)
                  00003aa2    0000000a     driverlib.lib : uart.obj (.text:UARTCharGet)
                  00003aac    0000000a                   : uart.obj (.text:UARTCharPut)
                  00003ab6    00000002     --HOLE-- [fill = 0]
                  00003ab8    00000008     rtsv7M4_T_le_v4SPD16_eabi.lib : errno.c.obj (.text:__aeabi_errno_addr)
                  00003ac0    00000006     driverlib.lib : gpio.obj (.text:GPIOIntClear)
                  00003ac6    00000006                   : gpio.obj (.text:GPIOPinRead)
                  00003acc    00000006                   : gpio.obj (.text:GPIOPinWrite)
                  00003ad2    00000006                   : sysctl.obj (.text:SysCtlDelay)
                  00003ad8    00000004     rtsv7M4_T_le_v4SPD16_eabi.lib : pre_init.c.obj (.text:_system_pre_init)
                  00003adc    00000004                                   : exit.c.obj (.text:abort:abort)

.const     0    00003ae0    000004a4     
                  00003ae0    00000101     rtsv7M4_T_le_v4SPD16_eabi.lib : ctype.c.obj (.const:.string:_ctypes_)
                  00003be1    00000003     --HOLE-- [fill = 0]
                  00003be4    000000d8     driverlib.lib : gpio.obj (.const:g_ppui32GPIOIntMapSnowflake)
                  00003cbc    000000c0                   : gpio.obj (.const:g_ppui32GPIOIntMapBlizzard)
                  00003d7c    0000009c                   : interrupt.obj (.const:g_pui32Regs)
                  00003e18    00000090                   : gpio.obj (.const:g_pui32GPIOBaseAddrs)
                  00003ea8    00000070                   : interrupt.obj (.const)
                  00003f18    0000006c                   : sysctl.obj (.const:g_pui32Xtals)

.cinit     0    00003f88    000000b0     
                  00003f88    00000078     (.cinit..data.load) [load image, compression = lzss]
                  00004000    0000000c     (__TI_handler_table)
                  0000400c    00000004     --HOLE-- [fill = 0]
                  00004010    00000008     (.cinit..bss.load) [load image, compression = zero_init]
                  00004018    00000008     (.cinit..vtable.load) [load image, compression = zero_init]
                  00004020    00000018     (__TI_cinit_table)

.init_array 
*          0    00000000    00000000     UNINITIALIZED

.vtable    0    20000000    0000026c     UNINITIALIZED
                  20000000    0000026c     driverlib.lib : interrupt.obj (.vtable)

.sysmem    0    20000270    00000800     UNINITIALIZED
                  20000270    00000008     rtsv7M4_T_le_v4SPD16_eabi.lib : memory.c.obj (.sysmem)
                  20000278    000007f8     --HOLE--

.stack     0    20000a70    00000400     UNINITIALIZED
                  20000a70    00000004     rtsv7M4_T_le_v4SPD16_eabi.lib : boot_cortex_m.c.obj (.stack)
                  20000a74    000003fc     --HOLE--

.bss       0    20000e70    0000024d     UNINITIALIZED
                  20000e70    00000120     rtsv7M4_T_le_v4SPD16_eabi.lib : trgmsg.c.obj (.bss:_CIOBUF_)
                  20000f90    000000a0     (.common:__TI_tmpnams)
                  20001030    00000080     Util2.lib : launchpad.obj (.bss:callbackHeap)
                  200010b0    00000008     (.common:parmbuf)
                  200010b8    00000004               : launchpad.obj (.bss)
                  200010bc    00000001     (.common:motion)

.data      0    200010c0    00000202     UNINITIALIZED
                  200010c0    000000f0     rtsv7M4_T_le_v4SPD16_eabi.lib : defs.c.obj (.data:_ftable)
                  200011b0    00000078                                   : write.c.obj (.data:_device)
                  20001228    00000050                                   : write.c.obj (.data:_stream)
                  20001278    00000010                                   : defs.c.obj (.data)
                  20001288    0000000c                                   : exit.c.obj (.data:$O1$$)
                  20001294    0000000c                                   : memory.c.obj (.data:$O1$$)
                  200012a0    0000000c     main(5).obj (.data)
                  200012ac    00000008     rtsv7M4_T_le_v4SPD16_eabi.lib : _lock.c.obj (.data:$O1$$)
                  200012b4    00000008     Util2.lib : launchpad.obj (.data)
                  200012bc    00000004     rtsv7M4_T_le_v4SPD16_eabi.lib : errno.c.obj (.data)
                  200012c0    00000001     Util2.lib : led.obj (.data)
                  200012c1    00000001               : pushbutton.obj (.data)

MODULE SUMMARY

       Module                         code    ro data   rw data
       ------                         ----    -------   -------
    .\
       tm4c123gh6pm_startup_ccs.obj   12      620       0      
       main(5).obj                    572     0         13     
       buzzer_asm.obj                 44      0         0      
       buzzer.obj                     28      0         0      
       motion.obj                     28      0         0      
       motion_asm.obj                 20      0         0      
    +--+------------------------------+-------+---------+---------+
       Total:                         704     620       13     
                                                               
    C:/Users/arago/OneDrive/Documents/GitHub/LabGroupC2/Util/Debug/Util2.lib
       launchpad.obj                  976     0         140    
       uart.obj                       196     0         0      
       led.obj                        156     0         1      
       pushbutton.obj                 140     0         1      
    +--+------------------------------+-------+---------+---------+
       Total:                         1468    0         142    
                                                               
    C:/ti/TivaWare_C_Series-2.1.4.178/driverlib/ccs/Debug/driverlib.lib
       gpio.obj                       688     552       0      
       interrupt.obj                  192     268       620    
       sysctl.obj                     574     108       0      
       uart.obj                       142     0         0      
       systick.obj                    84      0         0      
    +--+------------------------------+-------+---------+---------+
       Total:                         1680    928       620    
                                                               
    C:\ti\ccsv8\tools\compiler\ti-cgt-arm_18.1.4.LTS\lib\rtsv7M4_T_le_v4SPD16_eabi.lib
       _printfi.c.obj                 4867    0         0      
       memory.c.obj                   492     0         12     
       fd_add_t2.asm.obj              438     0         0      
       defs.c.obj                     0       0         416    
       trgmsg.c.obj                   108     0         288    
       fd_div_t2.asm.obj              310     0         0      
       fputs.c.obj                    276     0         0      
       s_scalbn.c.obj                 272     0         0      
       fd_cmp_t2.asm.obj              268     0         0      
       ctype.c.obj                    0       257       0      
       fd_mul_t2.asm.obj              252     0         0      
       write.c.obj                    40      0         200    
       setvbuf.c.obj                  220     0         0      
       fflush.c.obj                   200     0         0      
       memcpy_t2.asm.obj              156     0         0      
       ull_div_t2.asm.obj             150     0         0      
       vsnprintf.c.obj                136     0         0      
       memset_t2.asm.obj              122     0         0      
       fclose.c.obj                   116     0         0      
       getdevice.c.obj                116     0         0      
       copy_decompress_lzss.c.obj     104     0         0      
       hostlseek.c.obj                104     0         0      
       hostopen.c.obj                 96      0         8      
       hostrename.c.obj               104     0         0      
       fseek.c.obj                    100     0         0      
       s_frexp.c.obj                  100     0         0      
       _io_perm.c.obj                 98      0         0      
       close.c.obj                    92      0         0      
       exit.c.obj                     76      0         12     
       hostread.c.obj                 88      0         0      
       hostwrite.c.obj                88      0         0      
       ltoa.c.obj                     84      0         0      
       atoi.c.obj                     76      0         0      
       fd_toi_t2.asm.obj              72      0         0      
       autoinit.c.obj                 68      0         0      
       hostclose.c.obj                68      0         0      
       hostunlink.c.obj               68      0         0      
       boot_cortex_m.c.obj            56      0         0      
       strncpy.c.obj                  54      0         0      
       fopen.c.obj                    52      0         0      
       i_tofd_t2.asm.obj              46      0         0      
       unlink.c.obj                   44      0         0      
       lseek.c.obj                    40      0         0      
       memchr.c.obj                   32      0         0      
       assert.c.obj                   28      0         0      
       memccpy.c.obj                  28      0         0      
       strcmp.c.obj                   24      0         0      
       strchr.c.obj                   22      0         0      
       s_copysign.c.obj               20      0         0      
       strcpy.c.obj                   20      0         0      
       strlen.c.obj                   20      0         0      
       wcslen.c.obj                   18      0         0      
       copy_decompress_none.c.obj     14      0         0      
       copy_zero_init.c.obj           12      0         0      
       errno.c.obj                    8       0         4      
       _lock.c.obj                    2       0         8      
       pre_init.c.obj                 4       0         0      
       div0.asm.obj                   2       0         0      
    +--+------------------------------+-------+---------+---------+
       Total:                         10571   257       948    
                                                               
       Heap:                          0       0         2048   
       Stack:                         0       0         1024   
       Linker Generated:              0       172       0      
    +--+------------------------------+-------+---------+---------+
       Grand Total:                   14423   1977      4795   


LINKER GENERATED COPY TABLES

__TI_cinit_table @ 00004020 records: 3, size/record: 8, table size: 24
	.data: load addr=00003f88, load size=00000078 bytes, run addr=200010c0, run size=00000202 bytes, compression=lzss
	.bss: load addr=00004010, load size=00000008 bytes, run addr=20000e70, run size=0000024d bytes, compression=zero_init
	.vtable: load addr=00004018, load size=00000008 bytes, run addr=20000000, run size=0000026c bytes, compression=zero_init


LINKER GENERATED HANDLER TABLE

__TI_handler_table @ 00004000 records: 3, size/record: 4, table size: 12
	index: 0, handler: __TI_zero_init
	index: 1, handler: __TI_decompress_lzss
	index: 2, handler: __TI_decompress_none


GLOBAL SYMBOLS: SORTED ALPHABETICALLY BY Name 

address   name                           
-------   ----                           
00003add  C$$EXIT                        
00003527  C$$IO$$                        
00003791  GPIODirModeSet                 
00003ac1  GPIOIntClear                   
00003a7f  GPIOIntEnable                  
00003925  GPIOIntRegister                
00002fdd  GPIOIntTypeSet                 
00001b43  GPIOPadConfigSet               
000031c9  GPIOPinConfigure               
00003ac7  GPIOPinRead                    
00003a29  GPIOPinTypeGPIOInput           
0000393d  GPIOPinTypeGPIOOutput          
00003a3b  GPIOPinTypeUART                
00003acd  GPIOPinWrite                   
000032e9  HOSTclose                      
00002ba5  HOSTlseek                      
00002e71  HOSTopen                       
00002f2d  HOSTread                       
00002c0d  HOSTrename                     
0000332d  HOSTunlink                     
00002f85  HOSTwrite                      
00002c75  IntEnable                      
00003835  IntPrioritySet                 
000035d9  IntRegister                    
00003a97  ResetISR                       
00001ead  SysCtlClockGet                 
000021c9  SysCtlClockSet                 
00003ad3  SysCtlDelay                    
0000360d  SysCtlPeripheralEnable         
0000399d  SysTickEnable                  
000039b1  SysTickIntEnable               
00003899  SysTickIntRegister             
00003a61  SysTickPeriodSet               
00003aa3  UARTCharGet                    
00003aad  UARTCharPut                    
000032a1  UARTConfigSetExpClk            
00003859  UARTDisable                    
000039c5  UARTEnable                     
20000e70  __CIOBUF_                      
20000e70  __STACK_END                    
00000400  __STACK_SIZE                   
20000c70  __STACK_TOP                    
00000800  __SYSMEM_SIZE                  
00004020  __TI_CINIT_Base                
00004038  __TI_CINIT_Limit               
00004000  __TI_Handler_Table_Base        
0000400c  __TI_Handler_Table_Limit       
000033b5  __TI_auto_init_nobinit_nopinit 
00003641  __TI_cleanup                   
20001288  __TI_cleanup_ptr               
00002ac1  __TI_closefile                 
00002cdd  __TI_decompress_lzss           
00003a71  __TI_decompress_none           
0000312f  __TI_doflush                   
2000128c  __TI_dtors_ptr                 
20001290  __TI_enable_exit_profile_output
20001278  __TI_ft_end                    
ffffffff  __TI_pprof_out_hndl            
0000026d  __TI_printfi                   
ffffffff  __TI_prof_data_size            
ffffffff  __TI_prof_data_start           
00003675  __TI_readmsg                   
00000000  __TI_static_base__             
20000f90  __TI_tmpnams                   
000034f9  __TI_writemsg                  
00002e0d  __TI_wrt_ok                    
00003a8b  __TI_zero_init                 
00002845  __aeabi_cdcmpeq                
00002845  __aeabi_cdcmple                
000028cb  __aeabi_cdrcmple               
00003259  __aeabi_d2iz                   
00001723  __aeabi_dadd                   
00001a0d  __aeabi_ddiv                   
000020cd  __aeabi_dmul                   
00001719  __aeabi_dsub                   
00003ab9  __aeabi_errno_addr             
00003709  __aeabi_i2d                    
000018cf  __aeabi_idiv0                  
000018cf  __aeabi_ldiv0                  
000029cd  __aeabi_memclr                 
000029cd  __aeabi_memclr4                
000029cd  __aeabi_memclr8                
00002685  __aeabi_memcpy                 
00002685  __aeabi_memcpy4                
00002685  __aeabi_memcpy8                
000029cf  __aeabi_memset                 
000029cf  __aeabi_memset4                
000029cf  __aeabi_memset8                
20001284  __aeabi_stderr                 
2000127c  __aeabi_stdin                  
20001280  __aeabi_stdout                 
00002721  __aeabi_uldivmod               
ffffffff  __binit__                      
ffffffff  __c_args__                     
UNDEFED   __mpu_init                     
20000a70  __stack                        
000038b5  _abort_msg                     
00003531  _c_int00_noargs                
00003ae0  _ctypes_                       
200011b0  _device                        
200010c0  _ftable                        
200012ac  _lock                          
00000ccb  _nop                           
20001228  _stream                        
20000270  _sys_memory                    
UNDEFED   _system_post_cinit             
00003ad9  _system_pre_init               
200012b0  _unlock                        
00003add  abort                          
0000317d  atoi                           
ffffffff  binit                          
000038d1  buzzerInit                     
00003751  buzzerOff                      
0000373d  buzzerOn                       
0000130d  callbackBuzzerPlay             
00002ed1  close                          
000039d9  copysign                       
000039d9  copysignl                      
200012bc  errno                          
00003211  exit                           
00002951  fflush                         
000036d9  finddevice                     
00001d99  fputs                          
00002399  free                           
00002d45  frexp                          
00002d45  frexpl                         
00002da9  fseek                          
20000000  g_pfnRAMVectors                
00000000  g_pfnVectors                   
000033f9  getdevice                      
000013f7  intrInit                       
00001fbd  ldexp                          
00001fbd  ldexpl                         
0000260b  ledInit                        
000025e9  ledInitForced                  
0000261f  ledTurnOnOff                   
00000fd7  lpInit                         
000037bd  lseek                          
00003089  ltoa                           
0000143f  main                           
00002a49  malloc                         
000038ed  memccpy                        
00003879  memchr                         
00002685  memcpy                         
000029d5  memset                         
00003569  minit                          
200010bc  motion                         
000039f1  motionDetect                   
000013c9  motionISR                      
00003909  motionInit                     
200010b0  parmbuf                        
0000136b  pbISR                          
000027ed  pbInit                         
000027b9  pbInitForced                   
00002801  pbRead                         
00003765  remove                         
00001fbd  scalbn                         
00001fbd  scalbnl                        
00000dfb  schdCallback                   
00000e75  schdExecute                    
000022bd  setvbuf                        
00003985  strchr                         
0000396d  strcmp                         
00003a01  strcpy                         
00003a15  strlen                         
000035a1  strncpy                        
00000d5f  sysTimeGet                     
00000d65  sysTimeReached                 
00000d8b  sysTimeWait                    
00000daf  sysTimeWaitAbsolute            
000024bd  uartGetChar                    
00002471  uartInit                       
000024ab  uartPutChar                    
000024cf  uartPutString                  
00003765  unlink                         
000024fb  uprintf                        
0000343d  vsnprintf                      
00000f79  waitMs                         
00000fa9  waitUs                         
00003a4d  wcslen                         
0000380d  write                          


GLOBAL SYMBOLS: SORTED BY Symbol Address 

address   name                           
-------   ----                           
00000000  __TI_static_base__             
00000000  g_pfnVectors                   
0000026d  __TI_printfi                   
00000400  __STACK_SIZE                   
00000800  __SYSMEM_SIZE                  
00000ccb  _nop                           
00000d5f  sysTimeGet                     
00000d65  sysTimeReached                 
00000d8b  sysTimeWait                    
00000daf  sysTimeWaitAbsolute            
00000dfb  schdCallback                   
00000e75  schdExecute                    
00000f79  waitMs                         
00000fa9  waitUs                         
00000fd7  lpInit                         
0000130d  callbackBuzzerPlay             
0000136b  pbISR                          
000013c9  motionISR                      
000013f7  intrInit                       
0000143f  main                           
00001719  __aeabi_dsub                   
00001723  __aeabi_dadd                   
000018cf  __aeabi_idiv0                  
000018cf  __aeabi_ldiv0                  
00001a0d  __aeabi_ddiv                   
00001b43  GPIOPadConfigSet               
00001d99  fputs                          
00001ead  SysCtlClockGet                 
00001fbd  ldexp                          
00001fbd  ldexpl                         
00001fbd  scalbn                         
00001fbd  scalbnl                        
000020cd  __aeabi_dmul                   
000021c9  SysCtlClockSet                 
000022bd  setvbuf                        
00002399  free                           
00002471  uartInit                       
000024ab  uartPutChar                    
000024bd  uartGetChar                    
000024cf  uartPutString                  
000024fb  uprintf                        
000025e9  ledInitForced                  
0000260b  ledInit                        
0000261f  ledTurnOnOff                   
00002685  __aeabi_memcpy                 
00002685  __aeabi_memcpy4                
00002685  __aeabi_memcpy8                
00002685  memcpy                         
00002721  __aeabi_uldivmod               
000027b9  pbInitForced                   
000027ed  pbInit                         
00002801  pbRead                         
00002845  __aeabi_cdcmpeq                
00002845  __aeabi_cdcmple                
000028cb  __aeabi_cdrcmple               
00002951  fflush                         
000029cd  __aeabi_memclr                 
000029cd  __aeabi_memclr4                
000029cd  __aeabi_memclr8                
000029cf  __aeabi_memset                 
000029cf  __aeabi_memset4                
000029cf  __aeabi_memset8                
000029d5  memset                         
00002a49  malloc                         
00002ac1  __TI_closefile                 
00002ba5  HOSTlseek                      
00002c0d  HOSTrename                     
00002c75  IntEnable                      
00002cdd  __TI_decompress_lzss           
00002d45  frexp                          
00002d45  frexpl                         
00002da9  fseek                          
00002e0d  __TI_wrt_ok                    
00002e71  HOSTopen                       
00002ed1  close                          
00002f2d  HOSTread                       
00002f85  HOSTwrite                      
00002fdd  GPIOIntTypeSet                 
00003089  ltoa                           
0000312f  __TI_doflush                   
0000317d  atoi                           
000031c9  GPIOPinConfigure               
00003211  exit                           
00003259  __aeabi_d2iz                   
000032a1  UARTConfigSetExpClk            
000032e9  HOSTclose                      
0000332d  HOSTunlink                     
000033b5  __TI_auto_init_nobinit_nopinit 
000033f9  getdevice                      
0000343d  vsnprintf                      
000034f9  __TI_writemsg                  
00003527  C$$IO$$                        
00003531  _c_int00_noargs                
00003569  minit                          
000035a1  strncpy                        
000035d9  IntRegister                    
0000360d  SysCtlPeripheralEnable         
00003641  __TI_cleanup                   
00003675  __TI_readmsg                   
000036d9  finddevice                     
00003709  __aeabi_i2d                    
0000373d  buzzerOn                       
00003751  buzzerOff                      
00003765  remove                         
00003765  unlink                         
00003791  GPIODirModeSet                 
000037bd  lseek                          
0000380d  write                          
00003835  IntPrioritySet                 
00003859  UARTDisable                    
00003879  memchr                         
00003899  SysTickIntRegister             
000038b5  _abort_msg                     
000038d1  buzzerInit                     
000038ed  memccpy                        
00003909  motionInit                     
00003925  GPIOIntRegister                
0000393d  GPIOPinTypeGPIOOutput          
0000396d  strcmp                         
00003985  strchr                         
0000399d  SysTickEnable                  
000039b1  SysTickIntEnable               
000039c5  UARTEnable                     
000039d9  copysign                       
000039d9  copysignl                      
000039f1  motionDetect                   
00003a01  strcpy                         
00003a15  strlen                         
00003a29  GPIOPinTypeGPIOInput           
00003a3b  GPIOPinTypeUART                
00003a4d  wcslen                         
00003a61  SysTickPeriodSet               
00003a71  __TI_decompress_none           
00003a7f  GPIOIntEnable                  
00003a8b  __TI_zero_init                 
00003a97  ResetISR                       
00003aa3  UARTCharGet                    
00003aad  UARTCharPut                    
00003ab9  __aeabi_errno_addr             
00003ac1  GPIOIntClear                   
00003ac7  GPIOPinRead                    
00003acd  GPIOPinWrite                   
00003ad3  SysCtlDelay                    
00003ad9  _system_pre_init               
00003add  C$$EXIT                        
00003add  abort                          
00003ae0  _ctypes_                       
00004000  __TI_Handler_Table_Base        
0000400c  __TI_Handler_Table_Limit       
00004020  __TI_CINIT_Base                
00004038  __TI_CINIT_Limit               
20000000  g_pfnRAMVectors                
20000270  _sys_memory                    
20000a70  __stack                        
20000c70  __STACK_TOP                    
20000e70  __CIOBUF_                      
20000e70  __STACK_END                    
20000f90  __TI_tmpnams                   
200010b0  parmbuf                        
200010bc  motion                         
200010c0  _ftable                        
200011b0  _device                        
20001228  _stream                        
20001278  __TI_ft_end                    
2000127c  __aeabi_stdin                  
20001280  __aeabi_stdout                 
20001284  __aeabi_stderr                 
20001288  __TI_cleanup_ptr               
2000128c  __TI_dtors_ptr                 
20001290  __TI_enable_exit_profile_output
200012ac  _lock                          
200012b0  _unlock                        
200012bc  errno                          
ffffffff  __TI_pprof_out_hndl            
ffffffff  __TI_prof_data_size            
ffffffff  __TI_prof_data_start           
ffffffff  __binit__                      
ffffffff  __c_args__                     
ffffffff  binit                          
UNDEFED   __mpu_init                     
UNDEFED   _system_post_cinit             

[181 symbols]
