******************************************************************************
                  TI ARM Linker PC v18.1.4                     
******************************************************************************
>> Linked Mon Mar  4 23:30:40 2019

OUTPUT FILE NAME:   <Lab5.out>
ENTRY POINT SYMBOL: "_c_int00_noargs"  address: 00003475


MEMORY CONFIGURATION

         name            origin    length      used     unused   attr    fill
----------------------  --------  ---------  --------  --------  ----  --------
  FLASH                 00000000   00040000  00003f48  0003c0b8  R  X
  SRAM                  20000000   00008000  000012b6  00006d4a  RW X


SEGMENT ALLOCATION MAP

run origin  load origin   length   init length attrs members
----------  ----------- ---------- ----------- ----- -------
00000000    00000000    00003f48   00003f48    r-x
  00000000    00000000    0000026c   0000026c    r-- .intvecs
  0000026c    0000026c    00003788   00003788    r-x .text
  000039f4    000039f4    000004a4   000004a4    r-- .const
  00003e98    00003e98    000000b0   000000b0    r-- .cinit
20000000    20000000    000012ba   00000000    rw-
  20000000    20000000    0000026c   00000000    rw- .vtable
  20000270    20000270    00000800   00000000    rw- .sysmem
  20000a70    20000a70    00000400   00000000    rw- .stack
  20000e70    20000e70    0000024c   00000000    rw- .bss
  200010bc    200010bc    000001fe   00000000    rw- .data


SECTION ALLOCATION MAP

 output                                  attributes/
section   page    origin      length       input sections
--------  ----  ----------  ----------   ----------------
.intvecs   0    00000000    0000026c     
                  00000000    0000026c     tm4c123gh6pm_startup_ccs.obj (.intvecs)

.text      0    0000026c    00003788     
                  0000026c    00000a5e     rtsv7M4_T_le_v4SPD16_eabi.lib : _printfi.c.obj (.text:__TI_printfi)
                  00000cca    00000002                                   : _lock.c.obj (.text:_nop)
                  00000ccc    000003d0     Util2.lib : launchpad.obj (.text)
                  0000109c    00000270     rtsv7M4_T_le_v4SPD16_eabi.lib : _printfi.c.obj (.text:_pconv_a)
                  0000130c    000001d0                                   : _printfi.c.obj (.text:_pconv_g)
                  000014dc    000001b6                                   : fd_add_t2.asm.obj (.text)
                  00001692    00000002                                   : div0.asm.obj (.text)
                  00001694    00000180     main(5).obj (.text)
                  00001814    0000013c     rtsv7M4_T_le_v4SPD16_eabi.lib : _printfi.c.obj (.text:_pconv_e)
                  00001950    00000136                                   : fd_div_t2.asm.obj (.text)
                  00001a86    00000132     driverlib.lib : gpio.obj (.text:GPIOPadConfigSet)
                  00001bb8    00000124     rtsv7M4_T_le_v4SPD16_eabi.lib : _printfi.c.obj (.text:fcvt)
                  00001cdc    00000114                                   : fputs.c.obj (.text:fputs)
                  00001df0    00000110     driverlib.lib : sysctl.obj (.text:SysCtlClockGet)
                  00001f00    00000110     rtsv7M4_T_le_v4SPD16_eabi.lib : s_scalbn.c.obj (.text:scalbn)
                  00002010    000000fc                                   : fd_mul_t2.asm.obj (.text)
                  0000210c    000000f4     driverlib.lib : sysctl.obj (.text:SysCtlClockSet)
                  00002200    000000dc     rtsv7M4_T_le_v4SPD16_eabi.lib : setvbuf.c.obj (.text:setvbuf)
                  000022dc    000000d8                                   : memory.c.obj (.text:free)
                  000023b4    000000c4     Util2.lib : uart.obj (.text)
                  00002478    000000b1     rtsv7M4_T_le_v4SPD16_eabi.lib : _printfi.c.obj (.text:_ltostr)
                  00002529    00000003     --HOLE-- [fill = 0]
                  0000252c    0000009c     Util2.lib : led.obj (.text)
                  000025c8    0000009c     rtsv7M4_T_le_v4SPD16_eabi.lib : memcpy_t2.asm.obj (.text)
                  00002664    00000096                                   : ull_div_t2.asm.obj (.text)
                  000026fa    00000002     --HOLE-- [fill = 0]
                  000026fc    0000008c     Util2.lib : pushbutton.obj (.text)
                  00002788    00000086     rtsv7M4_T_le_v4SPD16_eabi.lib : fd_cmp_t2.asm.obj (.text:__aeabi_cdcmple)
                  0000280e    00000086                                   : fd_cmp_t2.asm.obj (.text:__aeabi_cdrcmple)
                  00002894    0000007c                                   : fflush.c.obj (.text:fflush)
                  00002910    0000007a                                   : memset_t2.asm.obj (.text)
                  0000298a    00000002     --HOLE-- [fill = 0]
                  0000298c    00000078                                   : memory.c.obj (.text:malloc)
                  00002a04    00000074                                   : fclose.c.obj (.text:__TI_closefile)
                  00002a78    0000006e                                   : _printfi.c.obj (.text:_mcpy)
                  00002ae6    00000002     --HOLE-- [fill = 0]
                  00002ae8    00000068                                   : hostlseek.c.obj (.text:HOSTlseek)
                  00002b50    00000068                                   : hostrename.c.obj (.text:HOSTrename)
                  00002bb8    00000068     driverlib.lib : interrupt.obj (.text:IntEnable)
                  00002c20    00000068     rtsv7M4_T_le_v4SPD16_eabi.lib : copy_decompress_lzss.c.obj (.text:decompress:lzss:__TI_decompress_lzss)
                  00002c88    00000064                                   : s_frexp.c.obj (.text:frexp)
                  00002cec    00000064                                   : fseek.c.obj (.text:fseek)
                  00002d50    00000062                                   : _io_perm.c.obj (.text:__TI_wrt_ok)
                  00002db2    00000002     --HOLE-- [fill = 0]
                  00002db4    00000060                                   : hostopen.c.obj (.text:HOSTopen)
                  00002e14    0000005c                                   : close.c.obj (.text:close)
                  00002e70    00000058                                   : hostread.c.obj (.text:HOSTread)
                  00002ec8    00000058                                   : hostwrite.c.obj (.text:HOSTwrite)
                  00002f20    00000056     driverlib.lib : gpio.obj (.text:GPIOIntTypeSet)
                  00002f76    00000056     rtsv7M4_T_le_v4SPD16_eabi.lib : _printfi.c.obj (.text:_pconv_f)
                  00002fcc    00000054                                   : ltoa.c.obj (.text:ltoa)
                  00003020    00000052                                   : _printfi.c.obj (.text:_ecpy)
                  00003072    0000004c                                   : fflush.c.obj (.text:__TI_doflush)
                  000030be    00000002     --HOLE-- [fill = 0]
                  000030c0    0000004c                                   : atoi.c.obj (.text:atoi)
                  0000310c    00000048     driverlib.lib : gpio.obj (.text:GPIOPinConfigure)
                  00003154    00000048     rtsv7M4_T_le_v4SPD16_eabi.lib : exit.c.obj (.text:exit)
                  0000319c    00000048                                   : fd_toi_t2.asm.obj (.text)
                  000031e4    00000046     driverlib.lib : uart.obj (.text:UARTConfigSetExpClk)
                  0000322a    00000002     --HOLE-- [fill = 0]
                  0000322c    00000044     rtsv7M4_T_le_v4SPD16_eabi.lib : hostclose.c.obj (.text:HOSTclose)
                  00003270    00000044                                   : hostunlink.c.obj (.text:HOSTunlink)
                  000032b4    00000044     driverlib.lib : gpio.obj (.text:_GPIOIntNumberGet)
                  000032f8    00000044     rtsv7M4_T_le_v4SPD16_eabi.lib : autoinit.c.obj (.text:__TI_auto_init_nobinit_nopinit:__TI_auto_init_nobinit_nopinit)
                  0000333c    00000044                                   : getdevice.c.obj (.text:getdevice)
                  00003380    00000040                                   : vsnprintf.c.obj (.text:vsnprintf)
                  000033c0    0000003e                                   : _printfi.c.obj (.text:_fcpy)
                  000033fe    00000002     --HOLE-- [fill = 0]
                  00003400    0000003c                                   : memory.c.obj (.text:minsert)
                  0000343c    00000038                                   : trgmsg.c.obj (.text:__TI_writemsg)
                  00003474    00000038                                   : boot_cortex_m.c.obj (.text:_c_int00_noargs:_c_int00_noargs)
                  000034ac    00000038                                   : memory.c.obj (.text:minit)
                  000034e4    00000036                                   : strncpy.c.obj (.text:strncpy)
                  0000351a    00000002     --HOLE-- [fill = 0]
                  0000351c    00000034     driverlib.lib : interrupt.obj (.text:IntRegister)
                  00003550    00000034                   : sysctl.obj (.text:SysCtlPeripheralEnable)
                  00003584    00000034     rtsv7M4_T_le_v4SPD16_eabi.lib : fopen.c.obj (.text:__TI_cleanup)
                  000035b8    00000034                                   : trgmsg.c.obj (.text:__TI_readmsg)
                  000035ec    00000030                                   : vsnprintf.c.obj (.text:_outs)
                  0000361c    00000030                                   : getdevice.c.obj (.text:finddevice)
                  0000364c    0000002e                                   : i_tofd_t2.asm.obj (.text)
                  0000367a    00000002     --HOLE-- [fill = 0]
                  0000367c    0000002c     buzzer_asm.obj (.text)
                  000036a8    0000002c     rtsv7M4_T_le_v4SPD16_eabi.lib : unlink.c.obj (.text:unlink)
                  000036d4    0000002a     driverlib.lib : gpio.obj (.text:GPIODirModeSet)
                  000036fe    00000002     --HOLE-- [fill = 0]
                  00003700    00000028     rtsv7M4_T_le_v4SPD16_eabi.lib : lseek.c.obj (.text:lseek)
                  00003728    00000028                                   : memory.c.obj (.text:mremove)
                  00003750    00000028                                   : write.c.obj (.text:write)
                  00003778    00000024     driverlib.lib : interrupt.obj (.text:IntPrioritySet)
                  0000379c    00000020                   : uart.obj (.text:UARTDisable)
                  000037bc    00000020     rtsv7M4_T_le_v4SPD16_eabi.lib : memchr.c.obj (.text:memchr)
                  000037dc    0000001c     driverlib.lib : systick.obj (.text:SysTickIntRegister)
                  000037f8    0000001c     rtsv7M4_T_le_v4SPD16_eabi.lib : assert.c.obj (.text:_abort_msg)
                  00003814    0000001c     buzzer.obj (.text)
                  00003830    0000001c     rtsv7M4_T_le_v4SPD16_eabi.lib : memccpy.c.obj (.text:memccpy)
                  0000384c    00000018     driverlib.lib : gpio.obj (.text:GPIOIntRegister)
                  00003864    00000018                   : gpio.obj (.text:GPIOPinTypeGPIOOutput)
                  0000387c    00000018     rtsv7M4_T_le_v4SPD16_eabi.lib : vsnprintf.c.obj (.text:_outc)
                  00003894    00000018                                   : strcmp.c.obj (.text:strcmp)
                  000038ac    00000016                                   : strchr.c.obj (.text:strchr)
                  000038c2    00000002     --HOLE-- [fill = 0]
                  000038c4    00000014     driverlib.lib : systick.obj (.text:SysTickEnable)
                  000038d8    00000014                   : systick.obj (.text:SysTickIntEnable)
                  000038ec    00000014                   : uart.obj (.text:UARTEnable)
                  00003900    00000014     rtsv7M4_T_le_v4SPD16_eabi.lib : s_copysign.c.obj (.text:copysign)
                  00003914    00000014                                   : strcpy.c.obj (.text:strcpy)
                  00003928    00000014                                   : strlen.c.obj (.text:strlen)
                  0000393c    00000012     driverlib.lib : gpio.obj (.text:GPIOPinTypeGPIOInput)
                  0000394e    00000012                   : gpio.obj (.text:GPIOPinTypeUART)
                  00003960    00000012     rtsv7M4_T_le_v4SPD16_eabi.lib : wcslen.c.obj (.text:wcslen)
                  00003972    00000002     --HOLE-- [fill = 0]
                  00003974    00000010     driverlib.lib : systick.obj (.text:SysTickPeriodSet)
                  00003984    0000000e     rtsv7M4_T_le_v4SPD16_eabi.lib : copy_decompress_none.c.obj (.text:decompress:none:__TI_decompress_none)
                  00003992    0000000c     driverlib.lib : gpio.obj (.text:GPIOIntEnable)
                  0000399e    0000000c     rtsv7M4_T_le_v4SPD16_eabi.lib : copy_zero_init.c.obj (.text:decompress:ZI:__TI_zero_init)
                  000039aa    0000000c     tm4c123gh6pm_startup_ccs.obj (.text)
                  000039b6    0000000a     driverlib.lib : uart.obj (.text:UARTCharGet)
                  000039c0    0000000a                   : uart.obj (.text:UARTCharPut)
                  000039ca    00000002     --HOLE-- [fill = 0]
                  000039cc    00000008     rtsv7M4_T_le_v4SPD16_eabi.lib : errno.c.obj (.text:__aeabi_errno_addr)
                  000039d4    00000006     driverlib.lib : gpio.obj (.text:GPIOIntClear)
                  000039da    00000006                   : gpio.obj (.text:GPIOPinRead)
                  000039e0    00000006                   : gpio.obj (.text:GPIOPinWrite)
                  000039e6    00000006                   : sysctl.obj (.text:SysCtlDelay)
                  000039ec    00000004     rtsv7M4_T_le_v4SPD16_eabi.lib : pre_init.c.obj (.text:_system_pre_init)
                  000039f0    00000004                                   : exit.c.obj (.text:abort:abort)

.const     0    000039f4    000004a4     
                  000039f4    00000101     rtsv7M4_T_le_v4SPD16_eabi.lib : ctype.c.obj (.const:.string:_ctypes_)
                  00003af5    00000003     --HOLE-- [fill = 0]
                  00003af8    000000d8     driverlib.lib : gpio.obj (.const:g_ppui32GPIOIntMapSnowflake)
                  00003bd0    000000c0                   : gpio.obj (.const:g_ppui32GPIOIntMapBlizzard)
                  00003c90    0000009c                   : interrupt.obj (.const:g_pui32Regs)
                  00003d2c    00000090                   : gpio.obj (.const:g_pui32GPIOBaseAddrs)
                  00003dbc    00000070                   : interrupt.obj (.const)
                  00003e2c    0000006c                   : sysctl.obj (.const:g_pui32Xtals)

.cinit     0    00003e98    000000b0     
                  00003e98    00000075     (.cinit..data.load) [load image, compression = lzss]
                  00003f0d    00000003     --HOLE-- [fill = 0]
                  00003f10    0000000c     (__TI_handler_table)
                  00003f1c    00000004     --HOLE-- [fill = 0]
                  00003f20    00000008     (.cinit..bss.load) [load image, compression = zero_init]
                  00003f28    00000008     (.cinit..vtable.load) [load image, compression = zero_init]
                  00003f30    00000018     (__TI_cinit_table)

.init_array 
*          0    00000000    00000000     UNINITIALIZED

.vtable    0    20000000    0000026c     UNINITIALIZED
                  20000000    0000026c     driverlib.lib : interrupt.obj (.vtable)

.sysmem    0    20000270    00000800     UNINITIALIZED
                  20000270    00000008     rtsv7M4_T_le_v4SPD16_eabi.lib : memory.c.obj (.sysmem)
                  20000278    000007f8     --HOLE--

.stack     0    20000a70    00000400     UNINITIALIZED
                  20000a70    00000004     rtsv7M4_T_le_v4SPD16_eabi.lib : boot_cortex_m.c.obj (.stack)
                  20000a74    000003fc     --HOLE--

.bss       0    20000e70    0000024c     UNINITIALIZED
                  20000e70    00000120     rtsv7M4_T_le_v4SPD16_eabi.lib : trgmsg.c.obj (.bss:_CIOBUF_)
                  20000f90    000000a0     (.common:__TI_tmpnams)
                  20001030    00000080     Util2.lib : launchpad.obj (.bss:callbackHeap)
                  200010b0    00000008     (.common:parmbuf)
                  200010b8    00000004               : launchpad.obj (.bss)

.data      0    200010bc    000001fe     UNINITIALIZED
                  200010bc    000000f0     rtsv7M4_T_le_v4SPD16_eabi.lib : defs.c.obj (.data:_ftable)
                  200011ac    00000078                                   : write.c.obj (.data:_device)
                  20001224    00000050                                   : write.c.obj (.data:_stream)
                  20001274    00000010                                   : defs.c.obj (.data)
                  20001284    0000000c                                   : exit.c.obj (.data:$O1$$)
                  20001290    0000000c                                   : memory.c.obj (.data:$O1$$)
                  2000129c    00000008                                   : _lock.c.obj (.data:$O1$$)
                  200012a4    00000008     Util2.lib : launchpad.obj (.data)
                  200012ac    00000008     main(5).obj (.data)
                  200012b4    00000004     rtsv7M4_T_le_v4SPD16_eabi.lib : errno.c.obj (.data)
                  200012b8    00000001     Util2.lib : led.obj (.data)
                  200012b9    00000001               : pushbutton.obj (.data)

MODULE SUMMARY

       Module                         code    ro data   rw data
       ------                         ----    -------   -------
    .\
       tm4c123gh6pm_startup_ccs.obj   12      620       0      
       main(5).obj                    384     0         8      
       buzzer_asm.obj                 44      0         0      
       buzzer.obj                     28      0         0      
    +--+------------------------------+-------+---------+---------+
       Total:                         468     620       8      
                                                               
    C:/Users/arago/OneDrive/Documents/GitHub/LabGroupC2/Util/Debug/Util2.lib
       launchpad.obj                  976     0         140    
       uart.obj                       196     0         0      
       led.obj                        156     0         1      
       pushbutton.obj                 140     0         1      
    +--+------------------------------+-------+---------+---------+
       Total:                         1468    0         142    
                                                               
    C:/ti/TivaWare_C_Series-2.1.4.178/driverlib/ccs/Debug/driverlib.lib
       gpio.obj                       688     552       0      
       interrupt.obj                  192     268       620    
       sysctl.obj                     574     108       0      
       uart.obj                       142     0         0      
       systick.obj                    84      0         0      
    +--+------------------------------+-------+---------+---------+
       Total:                         1680    928       620    
                                                               
    C:\ti\ccsv8\tools\compiler\ti-cgt-arm_18.1.4.LTS\lib\rtsv7M4_T_le_v4SPD16_eabi.lib
       _printfi.c.obj                 4867    0         0      
       memory.c.obj                   492     0         12     
       fd_add_t2.asm.obj              438     0         0      
       defs.c.obj                     0       0         416    
       trgmsg.c.obj                   108     0         288    
       fd_div_t2.asm.obj              310     0         0      
       fputs.c.obj                    276     0         0      
       s_scalbn.c.obj                 272     0         0      
       fd_cmp_t2.asm.obj              268     0         0      
       ctype.c.obj                    0       257       0      
       fd_mul_t2.asm.obj              252     0         0      
       write.c.obj                    40      0         200    
       setvbuf.c.obj                  220     0         0      
       fflush.c.obj                   200     0         0      
       memcpy_t2.asm.obj              156     0         0      
       ull_div_t2.asm.obj             150     0         0      
       vsnprintf.c.obj                136     0         0      
       memset_t2.asm.obj              122     0         0      
       fclose.c.obj                   116     0         0      
       getdevice.c.obj                116     0         0      
       copy_decompress_lzss.c.obj     104     0         0      
       hostlseek.c.obj                104     0         0      
       hostopen.c.obj                 96      0         8      
       hostrename.c.obj               104     0         0      
       fseek.c.obj                    100     0         0      
       s_frexp.c.obj                  100     0         0      
       _io_perm.c.obj                 98      0         0      
       close.c.obj                    92      0         0      
       exit.c.obj                     76      0         12     
       hostread.c.obj                 88      0         0      
       hostwrite.c.obj                88      0         0      
       ltoa.c.obj                     84      0         0      
       atoi.c.obj                     76      0         0      
       fd_toi_t2.asm.obj              72      0         0      
       autoinit.c.obj                 68      0         0      
       hostclose.c.obj                68      0         0      
       hostunlink.c.obj               68      0         0      
       boot_cortex_m.c.obj            56      0         0      
       strncpy.c.obj                  54      0         0      
       fopen.c.obj                    52      0         0      
       i_tofd_t2.asm.obj              46      0         0      
       unlink.c.obj                   44      0         0      
       lseek.c.obj                    40      0         0      
       memchr.c.obj                   32      0         0      
       assert.c.obj                   28      0         0      
       memccpy.c.obj                  28      0         0      
       strcmp.c.obj                   24      0         0      
       strchr.c.obj                   22      0         0      
       s_copysign.c.obj               20      0         0      
       strcpy.c.obj                   20      0         0      
       strlen.c.obj                   20      0         0      
       wcslen.c.obj                   18      0         0      
       copy_decompress_none.c.obj     14      0         0      
       copy_zero_init.c.obj           12      0         0      
       errno.c.obj                    8       0         4      
       _lock.c.obj                    2       0         8      
       pre_init.c.obj                 4       0         0      
       div0.asm.obj                   2       0         0      
    +--+------------------------------+-------+---------+---------+
       Total:                         10571   257       948    
                                                               
       Heap:                          0       0         2048   
       Stack:                         0       0         1024   
       Linker Generated:              0       169       0      
    +--+------------------------------+-------+---------+---------+
       Grand Total:                   14187   1974      4790   


LINKER GENERATED COPY TABLES

__TI_cinit_table @ 00003f30 records: 3, size/record: 8, table size: 24
	.data: load addr=00003e98, load size=00000075 bytes, run addr=200010bc, run size=000001fe bytes, compression=lzss
	.bss: load addr=00003f20, load size=00000008 bytes, run addr=20000e70, run size=0000024c bytes, compression=zero_init
	.vtable: load addr=00003f28, load size=00000008 bytes, run addr=20000000, run size=0000026c bytes, compression=zero_init


LINKER GENERATED HANDLER TABLE

__TI_handler_table @ 00003f10 records: 3, size/record: 4, table size: 12
	index: 0, handler: __TI_zero_init
	index: 1, handler: __TI_decompress_lzss
	index: 2, handler: __TI_decompress_none


GLOBAL SYMBOLS: SORTED ALPHABETICALLY BY Name 

address   name                           
-------   ----                           
000039f1  C$$EXIT                        
0000346b  C$$IO$$                        
000036d5  GPIODirModeSet                 
000039d5  GPIOIntClear                   
00003993  GPIOIntEnable                  
0000384d  GPIOIntRegister                
00002f21  GPIOIntTypeSet                 
00001a87  GPIOPadConfigSet               
0000310d  GPIOPinConfigure               
000039db  GPIOPinRead                    
0000393d  GPIOPinTypeGPIOInput           
00003865  GPIOPinTypeGPIOOutput          
0000394f  GPIOPinTypeUART                
000039e1  GPIOPinWrite                   
0000322d  HOSTclose                      
00002ae9  HOSTlseek                      
00002db5  HOSTopen                       
00002e71  HOSTread                       
00002b51  HOSTrename                     
00003271  HOSTunlink                     
00002ec9  HOSTwrite                      
00002bb9  IntEnable                      
00003779  IntPrioritySet                 
0000351d  IntRegister                    
000039ab  ResetISR                       
00001df1  SysCtlClockGet                 
0000210d  SysCtlClockSet                 
000039e7  SysCtlDelay                    
00003551  SysCtlPeripheralEnable         
000038c5  SysTickEnable                  
000038d9  SysTickIntEnable               
000037dd  SysTickIntRegister             
00003975  SysTickPeriodSet               
000039b7  UARTCharGet                    
000039c1  UARTCharPut                    
000031e5  UARTConfigSetExpClk            
0000379d  UARTDisable                    
000038ed  UARTEnable                     
20000e70  __CIOBUF_                      
20000e70  __STACK_END                    
00000400  __STACK_SIZE                   
20000c70  __STACK_TOP                    
00000800  __SYSMEM_SIZE                  
00003f30  __TI_CINIT_Base                
00003f48  __TI_CINIT_Limit               
00003f10  __TI_Handler_Table_Base        
00003f1c  __TI_Handler_Table_Limit       
000032f9  __TI_auto_init_nobinit_nopinit 
00003585  __TI_cleanup                   
20001284  __TI_cleanup_ptr               
00002a05  __TI_closefile                 
00002c21  __TI_decompress_lzss           
00003985  __TI_decompress_none           
00003073  __TI_doflush                   
20001288  __TI_dtors_ptr                 
2000128c  __TI_enable_exit_profile_output
20001274  __TI_ft_end                    
ffffffff  __TI_pprof_out_hndl            
0000026d  __TI_printfi                   
ffffffff  __TI_prof_data_size            
ffffffff  __TI_prof_data_start           
000035b9  __TI_readmsg                   
00000000  __TI_static_base__             
20000f90  __TI_tmpnams                   
0000343d  __TI_writemsg                  
00002d51  __TI_wrt_ok                    
0000399f  __TI_zero_init                 
00002789  __aeabi_cdcmpeq                
00002789  __aeabi_cdcmple                
0000280f  __aeabi_cdrcmple               
0000319d  __aeabi_d2iz                   
000014e7  __aeabi_dadd                   
00001951  __aeabi_ddiv                   
00002011  __aeabi_dmul                   
000014dd  __aeabi_dsub                   
000039cd  __aeabi_errno_addr             
0000364d  __aeabi_i2d                    
00001693  __aeabi_idiv0                  
00001693  __aeabi_ldiv0                  
00002911  __aeabi_memclr                 
00002911  __aeabi_memclr4                
00002911  __aeabi_memclr8                
000025c9  __aeabi_memcpy                 
000025c9  __aeabi_memcpy4                
000025c9  __aeabi_memcpy8                
00002913  __aeabi_memset                 
00002913  __aeabi_memset4                
00002913  __aeabi_memset8                
20001280  __aeabi_stderr                 
20001278  __aeabi_stdin                  
2000127c  __aeabi_stdout                 
00002665  __aeabi_uldivmod               
ffffffff  __binit__                      
ffffffff  __c_args__                     
UNDEFED   __mpu_init                     
20000a70  __stack                        
000037f9  _abort_msg                     
00003475  _c_int00_noargs                
000039f4  _ctypes_                       
200011ac  _device                        
200010bc  _ftable                        
2000129c  _lock                          
00000ccb  _nop                           
20001224  _stream                        
20000270  _sys_memory                    
UNDEFED   _system_post_cinit             
000039ed  _system_pre_init               
200012a0  _unlock                        
000039f1  abort                          
000030c1  atoi                           
ffffffff  binit                          
00003815  buzzerInit                     
00003695  buzzerOff                      
00003681  buzzerOn                       
00001695  callbackBuzzerPlay             
00002e15  close                          
00003901  copysign                       
00003901  copysignl                      
200012b4  errno                          
00003155  exit                           
00002895  fflush                         
0000361d  finddevice                     
00001cdd  fputs                          
000022dd  free                           
00002c89  frexp                          
00002c89  frexpl                         
00002ced  fseek                          
20000000  g_pfnRAMVectors                
00000000  g_pfnVectors                   
0000333d  getdevice                      
00001751  intrInit                       
00001f01  ldexp                          
00001f01  ldexpl                         
0000254f  ledInit                        
0000252d  ledInitForced                  
00002563  ledTurnOnOff                   
00000fd7  lpInit                         
00003701  lseek                          
00002fcd  ltoa                           
00001777  main                           
0000298d  malloc                         
00003831  memccpy                        
000037bd  memchr                         
000025c9  memcpy                         
00002919  memset                         
000034ad  minit                          
200010b0  parmbuf                        
000016f3  pbISR                          
00002731  pbInit                         
000026fd  pbInitForced                   
00002745  pbRead                         
000036a9  remove                         
00001f01  scalbn                         
00001f01  scalbnl                        
00000dfb  schdCallback                   
00000e75  schdExecute                    
00002201  setvbuf                        
000038ad  strchr                         
00003895  strcmp                         
00003915  strcpy                         
00003929  strlen                         
000034e5  strncpy                        
00000d5f  sysTimeGet                     
00000d65  sysTimeReached                 
00000d8b  sysTimeWait                    
00000daf  sysTimeWaitAbsolute            
00002401  uartGetChar                    
000023b5  uartInit                       
000023ef  uartPutChar                    
00002413  uartPutString                  
000036a9  unlink                         
0000243f  uprintf                        
00003381  vsnprintf                      
00000f79  waitMs                         
00000fa9  waitUs                         
00003961  wcslen                         
00003751  write                          


GLOBAL SYMBOLS: SORTED BY Symbol Address 

address   name                           
-------   ----                           
00000000  __TI_static_base__             
00000000  g_pfnVectors                   
0000026d  __TI_printfi                   
00000400  __STACK_SIZE                   
00000800  __SYSMEM_SIZE                  
00000ccb  _nop                           
00000d5f  sysTimeGet                     
00000d65  sysTimeReached                 
00000d8b  sysTimeWait                    
00000daf  sysTimeWaitAbsolute            
00000dfb  schdCallback                   
00000e75  schdExecute                    
00000f79  waitMs                         
00000fa9  waitUs                         
00000fd7  lpInit                         
000014dd  __aeabi_dsub                   
000014e7  __aeabi_dadd                   
00001693  __aeabi_idiv0                  
00001693  __aeabi_ldiv0                  
00001695  callbackBuzzerPlay             
000016f3  pbISR                          
00001751  intrInit                       
00001777  main                           
00001951  __aeabi_ddiv                   
00001a87  GPIOPadConfigSet               
00001cdd  fputs                          
00001df1  SysCtlClockGet                 
00001f01  ldexp                          
00001f01  ldexpl                         
00001f01  scalbn                         
00001f01  scalbnl                        
00002011  __aeabi_dmul                   
0000210d  SysCtlClockSet                 
00002201  setvbuf                        
000022dd  free                           
000023b5  uartInit                       
000023ef  uartPutChar                    
00002401  uartGetChar                    
00002413  uartPutString                  
0000243f  uprintf                        
0000252d  ledInitForced                  
0000254f  ledInit                        
00002563  ledTurnOnOff                   
000025c9  __aeabi_memcpy                 
000025c9  __aeabi_memcpy4                
000025c9  __aeabi_memcpy8                
000025c9  memcpy                         
00002665  __aeabi_uldivmod               
000026fd  pbInitForced                   
00002731  pbInit                         
00002745  pbRead                         
00002789  __aeabi_cdcmpeq                
00002789  __aeabi_cdcmple                
0000280f  __aeabi_cdrcmple               
00002895  fflush                         
00002911  __aeabi_memclr                 
00002911  __aeabi_memclr4                
00002911  __aeabi_memclr8                
00002913  __aeabi_memset                 
00002913  __aeabi_memset4                
00002913  __aeabi_memset8                
00002919  memset                         
0000298d  malloc                         
00002a05  __TI_closefile                 
00002ae9  HOSTlseek                      
00002b51  HOSTrename                     
00002bb9  IntEnable                      
00002c21  __TI_decompress_lzss           
00002c89  frexp                          
00002c89  frexpl                         
00002ced  fseek                          
00002d51  __TI_wrt_ok                    
00002db5  HOSTopen                       
00002e15  close                          
00002e71  HOSTread                       
00002ec9  HOSTwrite                      
00002f21  GPIOIntTypeSet                 
00002fcd  ltoa                           
00003073  __TI_doflush                   
000030c1  atoi                           
0000310d  GPIOPinConfigure               
00003155  exit                           
0000319d  __aeabi_d2iz                   
000031e5  UARTConfigSetExpClk            
0000322d  HOSTclose                      
00003271  HOSTunlink                     
000032f9  __TI_auto_init_nobinit_nopinit 
0000333d  getdevice                      
00003381  vsnprintf                      
0000343d  __TI_writemsg                  
0000346b  C$$IO$$                        
00003475  _c_int00_noargs                
000034ad  minit                          
000034e5  strncpy                        
0000351d  IntRegister                    
00003551  SysCtlPeripheralEnable         
00003585  __TI_cleanup                   
000035b9  __TI_readmsg                   
0000361d  finddevice                     
0000364d  __aeabi_i2d                    
00003681  buzzerOn                       
00003695  buzzerOff                      
000036a9  remove                         
000036a9  unlink                         
000036d5  GPIODirModeSet                 
00003701  lseek                          
00003751  write                          
00003779  IntPrioritySet                 
0000379d  UARTDisable                    
000037bd  memchr                         
000037dd  SysTickIntRegister             
000037f9  _abort_msg                     
00003815  buzzerInit                     
00003831  memccpy                        
0000384d  GPIOIntRegister                
00003865  GPIOPinTypeGPIOOutput          
00003895  strcmp                         
000038ad  strchr                         
000038c5  SysTickEnable                  
000038d9  SysTickIntEnable               
000038ed  UARTEnable                     
00003901  copysign                       
00003901  copysignl                      
00003915  strcpy                         
00003929  strlen                         
0000393d  GPIOPinTypeGPIOInput           
0000394f  GPIOPinTypeUART                
00003961  wcslen                         
00003975  SysTickPeriodSet               
00003985  __TI_decompress_none           
00003993  GPIOIntEnable                  
0000399f  __TI_zero_init                 
000039ab  ResetISR                       
000039b7  UARTCharGet                    
000039c1  UARTCharPut                    
000039cd  __aeabi_errno_addr             
000039d5  GPIOIntClear                   
000039db  GPIOPinRead                    
000039e1  GPIOPinWrite                   
000039e7  SysCtlDelay                    
000039ed  _system_pre_init               
000039f1  C$$EXIT                        
000039f1  abort                          
000039f4  _ctypes_                       
00003f10  __TI_Handler_Table_Base        
00003f1c  __TI_Handler_Table_Limit       
00003f30  __TI_CINIT_Base                
00003f48  __TI_CINIT_Limit               
20000000  g_pfnRAMVectors                
20000270  _sys_memory                    
20000a70  __stack                        
20000c70  __STACK_TOP                    
20000e70  __CIOBUF_                      
20000e70  __STACK_END                    
20000f90  __TI_tmpnams                   
200010b0  parmbuf                        
200010bc  _ftable                        
200011ac  _device                        
20001224  _stream                        
20001274  __TI_ft_end                    
20001278  __aeabi_stdin                  
2000127c  __aeabi_stdout                 
20001280  __aeabi_stderr                 
20001284  __TI_cleanup_ptr               
20001288  __TI_dtors_ptr                 
2000128c  __TI_enable_exit_profile_output
2000129c  _lock                          
200012a0  _unlock                        
200012b4  errno                          
ffffffff  __TI_pprof_out_hndl            
ffffffff  __TI_prof_data_size            
ffffffff  __TI_prof_data_start           
ffffffff  __binit__                      
ffffffff  __c_args__                     
ffffffff  binit                          
UNDEFED   __mpu_init                     
UNDEFED   _system_post_cinit             

[177 symbols]
