******************************************************************************
                  TI ARM Linker PC v18.1.4                     
******************************************************************************
>> Linked Tue Feb 19 12:46:37 2019

OUTPUT FILE NAME:   <Lab3.out>
ENTRY POINT SYMBOL: "_c_int00_noargs"  address: 00002c99


MEMORY CONFIGURATION

         name            origin    length      used     unused   attr    fill
----------------------  --------  ---------  --------  --------  ----  --------
  FLASH                 00000000   00040000  000031be  0003ce42  R  X
  SRAM                  20000000   00008000  00000714  000078ec  RW X


SEGMENT ALLOCATION MAP

run origin  load origin   length   init length attrs members
----------  ----------- ---------- ----------- ----- -------
00000000    00000000    000031c0   000031c0    r-x
  00000000    00000000    0000026c   0000026c    r-- .intvecs
  0000026c    0000026c    00002d02   00002d02    r-x .text
  00002f70    00002f70    00000200   00000200    r-- .const
  00003170    00003170    00000050   00000050    r-- .cinit
20000000    20000000    00000718   00000000    rw-
  20000000    20000000    0000026c   00000000    rw- .vtable
  20000270    20000270    00000400   00000000    rw- .stack
  20000670    20000670    00000088   00000000    rw- .bss
  200006f8    200006f8    00000020   00000000    rw- .data


SECTION ALLOCATION MAP

 output                                  attributes/
section   page    origin      length       input sections
--------  ----  ----------  ----------   ----------------
.intvecs   0    00000000    0000026c     
                  00000000    0000026c     tm4c123gh6pm_startup_ccs.obj (.intvecs)

.text      0    0000026c    00002d02     
                  0000026c    00000a5e     rtsv7M4_T_le_v4SPD16_eabi.lib : _printfi.c.obj (.text:__TI_printfi)
                  00000cca    00000002                                   : div0.asm.obj (.text)
                  00000ccc    000003d0     Util2.lib : launchpad.obj (.text)
                  0000109c    00000270     rtsv7M4_T_le_v4SPD16_eabi.lib : _printfi.c.obj (.text:_pconv_a)
                  0000130c    000001fc     seg7.obj (.text)
                  00001508    000001d0     rtsv7M4_T_le_v4SPD16_eabi.lib : _printfi.c.obj (.text:_pconv_g)
                  000016d8    000001b6                                   : fd_add_t2.asm.obj (.text)
                  0000188e    00000002     --HOLE-- [fill = 0]
                  00001890    0000013c                                   : _printfi.c.obj (.text:_pconv_e)
                  000019cc    00000136                                   : fd_div_t2.asm.obj (.text)
                  00001b02    00000132     driverlib.lib : gpio.obj (.text:GPIOPadConfigSet)
                  00001c34    00000124     rtsv7M4_T_le_v4SPD16_eabi.lib : _printfi.c.obj (.text:fcvt)
                  00001d58    00000110     driverlib.lib : sysctl.obj (.text:SysCtlClockGet)
                  00001e68    00000110     rtsv7M4_T_le_v4SPD16_eabi.lib : s_scalbn.c.obj (.text:scalbn)
                  00001f78    00000100     main.obj (.text)
                  00002078    000000fc     rtsv7M4_T_le_v4SPD16_eabi.lib : fd_mul_t2.asm.obj (.text)
                  00002174    000000f4     driverlib.lib : sysctl.obj (.text:SysCtlClockSet)
                  00002268    000000c4     Util2.lib : uart.obj (.text)
                  0000232c    000000b1     rtsv7M4_T_le_v4SPD16_eabi.lib : _printfi.c.obj (.text:_ltostr)
                  000023dd    00000003     --HOLE-- [fill = 0]
                  000023e0    0000009c     Util2.lib : led.obj (.text)
                  0000247c    0000009c     rtsv7M4_T_le_v4SPD16_eabi.lib : memcpy_t2.asm.obj (.text)
                  00002518    00000096                                   : ull_div_t2.asm.obj (.text)
                  000025ae    00000002     --HOLE-- [fill = 0]
                  000025b0    0000008c     Util2.lib : pushbutton.obj (.text)
                  0000263c    00000086     rtsv7M4_T_le_v4SPD16_eabi.lib : fd_cmp_t2.asm.obj (.text:__aeabi_cdcmple)
                  000026c2    00000086                                   : fd_cmp_t2.asm.obj (.text:__aeabi_cdrcmple)
                  00002748    0000007a                                   : memset_t2.asm.obj (.text)
                  000027c2    0000006e                                   : _printfi.c.obj (.text:_mcpy)
                  00002830    00000068                                   : copy_decompress_lzss.c.obj (.text:decompress:lzss:__TI_decompress_lzss)
                  00002898    00000064                                   : s_frexp.c.obj (.text:frexp)
                  000028fc    00000062     sw-increment.obj (.text)
                  0000295e    00000056     rtsv7M4_T_le_v4SPD16_eabi.lib : _printfi.c.obj (.text:_pconv_f)
                  000029b4    00000054                                   : ltoa.c.obj (.text:ltoa)
                  00002a08    00000054     sig7digit.obj (.text)
                  00002a5c    00000052     rtsv7M4_T_le_v4SPD16_eabi.lib : _printfi.c.obj (.text:_ecpy)
                  00002aae    00000002     --HOLE-- [fill = 0]
                  00002ab0    0000004c                                   : atoi.c.obj (.text:atoi)
                  00002afc    00000048     driverlib.lib : gpio.obj (.text:GPIOPinConfigure)
                  00002b44    00000048     rtsv7M4_T_le_v4SPD16_eabi.lib : fd_toi_t2.asm.obj (.text)
                  00002b8c    00000046     driverlib.lib : uart.obj (.text:UARTConfigSetExpClk)
                  00002bd2    00000002     --HOLE-- [fill = 0]
                  00002bd4    00000044     rtsv7M4_T_le_v4SPD16_eabi.lib : autoinit.c.obj (.text:__TI_auto_init_nobinit_nopinit:__TI_auto_init_nobinit_nopinit)
                  00002c18    00000040                                   : vsnprintf.c.obj (.text:vsnprintf)
                  00002c58    0000003e                                   : _printfi.c.obj (.text:_fcpy)
                  00002c96    00000002     --HOLE-- [fill = 0]
                  00002c98    00000038                                   : boot_cortex_m.c.obj (.text:_c_int00_noargs:_c_int00_noargs)
                  00002cd0    00000034     driverlib.lib : interrupt.obj (.text:IntRegister)
                  00002d04    00000034                   : sysctl.obj (.text:SysCtlPeripheralEnable)
                  00002d38    00000030     rtsv7M4_T_le_v4SPD16_eabi.lib : vsnprintf.c.obj (.text:_outs)
                  00002d68    0000002e                                   : i_tofd_t2.asm.obj (.text)
                  00002d96    0000002a     driverlib.lib : gpio.obj (.text:GPIODirModeSet)
                  00002dc0    00000020                   : uart.obj (.text:UARTDisable)
                  00002de0    0000001c                   : systick.obj (.text:SysTickIntRegister)
                  00002dfc    0000001c     rtsv7M4_T_le_v4SPD16_eabi.lib : memccpy.c.obj (.text:memccpy)
                  00002e18    00000018     driverlib.lib : gpio.obj (.text:GPIOPinTypeGPIOOutput)
                  00002e30    00000018     rtsv7M4_T_le_v4SPD16_eabi.lib : vsnprintf.c.obj (.text:_outc)
                  00002e48    00000016                                   : strchr.c.obj (.text:strchr)
                  00002e5e    00000002     --HOLE-- [fill = 0]
                  00002e60    00000014     driverlib.lib : systick.obj (.text:SysTickEnable)
                  00002e74    00000014                   : systick.obj (.text:SysTickIntEnable)
                  00002e88    00000014                   : uart.obj (.text:UARTEnable)
                  00002e9c    00000014     rtsv7M4_T_le_v4SPD16_eabi.lib : s_copysign.c.obj (.text:copysign)
                  00002eb0    00000014                                   : strlen.c.obj (.text:strlen)
                  00002ec4    00000012     driverlib.lib : gpio.obj (.text:GPIOPinTypeGPIOInput)
                  00002ed6    00000012                   : gpio.obj (.text:GPIOPinTypeUART)
                  00002ee8    00000012     rtsv7M4_T_le_v4SPD16_eabi.lib : copy_zero_init.c.obj (.text:decompress:ZI:__TI_zero_init_nomemset:__TI_zero_init_nomemset)
                  00002efa    00000012                                   : wcslen.c.obj (.text:wcslen)
                  00002f0c    00000010     driverlib.lib : systick.obj (.text:SysTickPeriodSet)
                  00002f1c    0000000e     rtsv7M4_T_le_v4SPD16_eabi.lib : copy_decompress_none.c.obj (.text:decompress:none:__TI_decompress_none)
                  00002f2a    0000000c     tm4c123gh6pm_startup_ccs.obj (.text)
                  00002f36    0000000a     driverlib.lib : uart.obj (.text:UARTCharGet)
                  00002f40    0000000a                   : uart.obj (.text:UARTCharPut)
                  00002f4a    00000002     --HOLE-- [fill = 0]
                  00002f4c    00000008     rtsv7M4_T_le_v4SPD16_eabi.lib : errno.c.obj (.text:__aeabi_errno_addr)
                  00002f54    00000006     driverlib.lib : gpio.obj (.text:GPIOPinRead)
                  00002f5a    00000006                   : gpio.obj (.text:GPIOPinWrite)
                  00002f60    00000006                   : sysctl.obj (.text:SysCtlDelay)
                  00002f66    00000004     rtsv7M4_T_le_v4SPD16_eabi.lib : pre_init.c.obj (.text:_system_pre_init)
                  00002f6a    00000004                                   : exit.c.obj (.text:abort:abort)

.const     0    00002f70    00000200     
                  00002f70    00000101     rtsv7M4_T_le_v4SPD16_eabi.lib : ctype.c.obj (.const:.string:_ctypes_)
                  00003071    00000003     --HOLE-- [fill = 0]
                  00003074    00000090     driverlib.lib : gpio.obj (.const:g_pui32GPIOBaseAddrs)
                  00003104    0000006c                   : sysctl.obj (.const:g_pui32Xtals)

.cinit     0    00003170    00000050     
                  00003170    00000016     (.cinit..data.load) [load image, compression = lzss]
                  00003186    00000002     --HOLE-- [fill = 0]
                  00003188    0000000c     (__TI_handler_table)
                  00003194    00000004     --HOLE-- [fill = 0]
                  00003198    00000008     (.cinit..bss.load) [load image, compression = zero_init]
                  000031a0    00000008     (.cinit..vtable.load) [load image, compression = zero_init]
                  000031a8    00000018     (__TI_cinit_table)

.init_array 
*          0    00000000    00000000     UNINITIALIZED

.vtable    0    20000000    0000026c     UNINITIALIZED
                  20000000    0000026c     driverlib.lib : interrupt.obj (.vtable)

.bss       0    20000670    00000088     UNINITIALIZED
                  20000670    00000080     Util2.lib : launchpad.obj (.bss:callbackHeap)
                  200006f0    00000004               : launchpad.obj (.bss)
                  200006f4    00000004     sig7digit.obj (.bss)

.data      0    200006f8    00000020     UNINITIALIZED
                  200006f8    0000000a     sig7digit.obj (.data)
                  20000702    00000001     Util2.lib : led.obj (.data)
                  20000703    00000001               : pushbutton.obj (.data)
                  20000704    00000008               : launchpad.obj (.data)
                  2000070c    00000005     main.obj (.data:seg7Display)
                  20000711    00000001     main.obj (.data)
                  20000712    00000002     --HOLE--
                  20000714    00000004     rtsv7M4_T_le_v4SPD16_eabi.lib : errno.c.obj (.data)

.stack     0    20000270    00000400     UNINITIALIZED
                  20000270    00000004     rtsv7M4_T_le_v4SPD16_eabi.lib : boot_cortex_m.c.obj (.stack)
                  20000274    000003fc     --HOLE--

MODULE SUMMARY

       Module                         code    ro data   rw data
       ------                         ----    -------   -------
    .\
       tm4c123gh6pm_startup_ccs.obj   12      620       0      
       seg7.obj                       508     0         0      
       main.obj                       256     0         6      
       sig7digit.obj                  84      0         14     
       sw-increment.obj               98      0         0      
    +--+------------------------------+-------+---------+---------+
       Total:                         958     620       20     
                                                               
    C:/Users/arago/OneDrive/Documents/GitHub/LabGroupC2/Util/Debug/Util2.lib
       launchpad.obj                  976     0         140    
       uart.obj                       196     0         0      
       led.obj                        156     0         1      
       pushbutton.obj                 140     0         1      
    +--+------------------------------+-------+---------+---------+
       Total:                         1468    0         142    
                                                               
    C:/ti/TivaWare_C_Series-2.1.4.178/driverlib/ccs/Debug/driverlib.lib
       sysctl.obj                     574     108       0      
       interrupt.obj                  52      0         620    
       gpio.obj                       492     144       0      
       uart.obj                       142     0         0      
       systick.obj                    84      0         0      
    +--+------------------------------+-------+---------+---------+
       Total:                         1344    252       620    
                                                               
    C:\ti\ccsv8\tools\compiler\ti-cgt-arm_18.1.4.LTS\lib\rtsv7M4_T_le_v4SPD16_eabi.lib
       _printfi.c.obj                 4867    0         0      
       fd_add_t2.asm.obj              438     0         0      
       fd_div_t2.asm.obj              310     0         0      
       s_scalbn.c.obj                 272     0         0      
       fd_cmp_t2.asm.obj              268     0         0      
       ctype.c.obj                    0       257       0      
       fd_mul_t2.asm.obj              252     0         0      
       memcpy_t2.asm.obj              156     0         0      
       ull_div_t2.asm.obj             150     0         0      
       vsnprintf.c.obj                136     0         0      
       memset_t2.asm.obj              122     0         0      
       copy_decompress_lzss.c.obj     104     0         0      
       s_frexp.c.obj                  100     0         0      
       ltoa.c.obj                     84      0         0      
       atoi.c.obj                     76      0         0      
       fd_toi_t2.asm.obj              72      0         0      
       autoinit.c.obj                 68      0         0      
       boot_cortex_m.c.obj            56      0         0      
       i_tofd_t2.asm.obj              46      0         0      
       memccpy.c.obj                  28      0         0      
       strchr.c.obj                   22      0         0      
       s_copysign.c.obj               20      0         0      
       strlen.c.obj                   20      0         0      
       copy_zero_init.c.obj           18      0         0      
       wcslen.c.obj                   18      0         0      
       copy_decompress_none.c.obj     14      0         0      
       errno.c.obj                    8       0         4      
       exit.c.obj                     4       0         0      
       pre_init.c.obj                 4       0         0      
       div0.asm.obj                   2       0         0      
    +--+------------------------------+-------+---------+---------+
       Total:                         7735    257       4      
                                                               
       Stack:                         0       0         1024   
       Linker Generated:              0       74        0      
    +--+------------------------------+-------+---------+---------+
       Grand Total:                   11505   1203      1810   


LINKER GENERATED COPY TABLES

__TI_cinit_table @ 000031a8 records: 3, size/record: 8, table size: 24
	.data: load addr=00003170, load size=00000016 bytes, run addr=200006f8, run size=00000020 bytes, compression=lzss
	.bss: load addr=00003198, load size=00000008 bytes, run addr=20000670, run size=00000088 bytes, compression=zero_init
	.vtable: load addr=000031a0, load size=00000008 bytes, run addr=20000000, run size=0000026c bytes, compression=zero_init


LINKER GENERATED HANDLER TABLE

__TI_handler_table @ 00003188 records: 3, size/record: 4, table size: 12
	index: 0, handler: __TI_zero_init
	index: 1, handler: __TI_decompress_lzss
	index: 2, handler: __TI_decompress_none


GLOBAL SYMBOLS: SORTED ALPHABETICALLY BY Name 

address   name                          
-------   ----                          
00002f6b  C$$EXIT                       
00002d97  GPIODirModeSet                
00001b03  GPIOPadConfigSet              
00002afd  GPIOPinConfigure              
00002f55  GPIOPinRead                   
00002ec5  GPIOPinTypeGPIOInput          
00002e19  GPIOPinTypeGPIOOutput         
00002ed7  GPIOPinTypeUART               
00002f5b  GPIOPinWrite                  
00002cd1  IntRegister                   
00002f2b  ResetISR                      
00001d59  SysCtlClockGet                
00002175  SysCtlClockSet                
00002f61  SysCtlDelay                   
00002d05  SysCtlPeripheralEnable        
00002e61  SysTickEnable                 
00002e75  SysTickIntEnable              
00002de1  SysTickIntRegister            
00002f0d  SysTickPeriodSet              
00002f37  UARTCharGet                   
00002f41  UARTCharPut                   
00002b8d  UARTConfigSetExpClk           
00002dc1  UARTDisable                   
00002e89  UARTEnable                    
20000670  __STACK_END                   
00000400  __STACK_SIZE                  
20000470  __STACK_TOP                   
000031a8  __TI_CINIT_Base               
000031c0  __TI_CINIT_Limit              
00003188  __TI_Handler_Table_Base       
00003194  __TI_Handler_Table_Limit      
00002bd5  __TI_auto_init_nobinit_nopinit
00002831  __TI_decompress_lzss          
00002f1d  __TI_decompress_none          
ffffffff  __TI_pprof_out_hndl           
0000026d  __TI_printfi                  
ffffffff  __TI_prof_data_size           
ffffffff  __TI_prof_data_start          
00000000  __TI_static_base__            
00002ee9  __TI_zero_init_nomemset       
0000263d  __aeabi_cdcmpeq               
0000263d  __aeabi_cdcmple               
000026c3  __aeabi_cdrcmple              
00002b45  __aeabi_d2iz                  
000016e3  __aeabi_dadd                  
000019cd  __aeabi_ddiv                  
00002079  __aeabi_dmul                  
000016d9  __aeabi_dsub                  
00002f4d  __aeabi_errno_addr            
00002d69  __aeabi_i2d                   
00000ccb  __aeabi_idiv0                 
00000ccb  __aeabi_ldiv0                 
00002749  __aeabi_memclr                
00002749  __aeabi_memclr4               
00002749  __aeabi_memclr8               
0000247d  __aeabi_memcpy                
0000247d  __aeabi_memcpy4               
0000247d  __aeabi_memcpy8               
0000274b  __aeabi_memset                
0000274b  __aeabi_memset4               
0000274b  __aeabi_memset8               
00002519  __aeabi_uldivmod              
ffffffff  __binit__                     
ffffffff  __c_args__                    
UNDEFED   __mpu_init                    
20000270  __stack                       
00002c99  _c_int00_noargs               
00002f70  _ctypes_                      
UNDEFED   _system_post_cinit            
00002f67  _system_pre_init              
00002f6b  abort                         
00002ab1  atoi                          
ffffffff  binit                         
00001fa9  checkPushButton               
00002e9d  copysign                      
00002e9d  copysignl                     
20000714  errno                         
00002899  frexp                         
00002899  frexpl                        
20000000  g_pfnRAMVectors               
00000000  g_pfnVectors                  
00001e69  ldexp                         
00001e69  ldexpl                        
00002403  ledInit                       
000023e1  ledInitForced                 
00002417  ledTurnOnOff                  
00000fd7  lpInit                        
000029b5  ltoa                          
0000201b  main                          
00002dfd  memccpy                       
0000247d  memcpy                        
00002751  memset                        
000025e5  pbInit                        
000025b1  pbInitForced                  
000025f9  pbRead                        
00001e69  scalbn                        
00001e69  scalbnl                       
00000dfb  schdCallback                  
00000e75  schdExecute                   
00002a11  seg7DigitUpdate               
2000070c  seg7Display                   
0000130d  seg7Init                      
00001499  seg7Update                    
000028fd  stopWatchIncrement            
00002947  stopWatchReset                
00001f79  stopWatchUpdate               
00002e49  strchr                        
00002eb1  strlen                        
20000711  sysState                      
00000d5f  sysTimeGet                    
00000d65  sysTimeReached                
00000d8b  sysTimeWait                   
00000daf  sysTimeWaitAbsolute           
000022b5  uartGetChar                   
00002269  uartInit                      
000022a3  uartPutChar                   
000022c7  uartPutString                 
000022f3  uprintf                       
00002c19  vsnprintf                     
00000f79  waitMs                        
00000fa9  waitUs                        
00002efb  wcslen                        


GLOBAL SYMBOLS: SORTED BY Symbol Address 

address   name                          
-------   ----                          
00000000  __TI_static_base__            
00000000  g_pfnVectors                  
0000026d  __TI_printfi                  
00000400  __STACK_SIZE                  
00000ccb  __aeabi_idiv0                 
00000ccb  __aeabi_ldiv0                 
00000d5f  sysTimeGet                    
00000d65  sysTimeReached                
00000d8b  sysTimeWait                   
00000daf  sysTimeWaitAbsolute           
00000dfb  schdCallback                  
00000e75  schdExecute                   
00000f79  waitMs                        
00000fa9  waitUs                        
00000fd7  lpInit                        
0000130d  seg7Init                      
00001499  seg7Update                    
000016d9  __aeabi_dsub                  
000016e3  __aeabi_dadd                  
000019cd  __aeabi_ddiv                  
00001b03  GPIOPadConfigSet              
00001d59  SysCtlClockGet                
00001e69  ldexp                         
00001e69  ldexpl                        
00001e69  scalbn                        
00001e69  scalbnl                       
00001f79  stopWatchUpdate               
00001fa9  checkPushButton               
0000201b  main                          
00002079  __aeabi_dmul                  
00002175  SysCtlClockSet                
00002269  uartInit                      
000022a3  uartPutChar                   
000022b5  uartGetChar                   
000022c7  uartPutString                 
000022f3  uprintf                       
000023e1  ledInitForced                 
00002403  ledInit                       
00002417  ledTurnOnOff                  
0000247d  __aeabi_memcpy                
0000247d  __aeabi_memcpy4               
0000247d  __aeabi_memcpy8               
0000247d  memcpy                        
00002519  __aeabi_uldivmod              
000025b1  pbInitForced                  
000025e5  pbInit                        
000025f9  pbRead                        
0000263d  __aeabi_cdcmpeq               
0000263d  __aeabi_cdcmple               
000026c3  __aeabi_cdrcmple              
00002749  __aeabi_memclr                
00002749  __aeabi_memclr4               
00002749  __aeabi_memclr8               
0000274b  __aeabi_memset                
0000274b  __aeabi_memset4               
0000274b  __aeabi_memset8               
00002751  memset                        
00002831  __TI_decompress_lzss          
00002899  frexp                         
00002899  frexpl                        
000028fd  stopWatchIncrement            
00002947  stopWatchReset                
000029b5  ltoa                          
00002a11  seg7DigitUpdate               
00002ab1  atoi                          
00002afd  GPIOPinConfigure              
00002b45  __aeabi_d2iz                  
00002b8d  UARTConfigSetExpClk           
00002bd5  __TI_auto_init_nobinit_nopinit
00002c19  vsnprintf                     
00002c99  _c_int00_noargs               
00002cd1  IntRegister                   
00002d05  SysCtlPeripheralEnable        
00002d69  __aeabi_i2d                   
00002d97  GPIODirModeSet                
00002dc1  UARTDisable                   
00002de1  SysTickIntRegister            
00002dfd  memccpy                       
00002e19  GPIOPinTypeGPIOOutput         
00002e49  strchr                        
00002e61  SysTickEnable                 
00002e75  SysTickIntEnable              
00002e89  UARTEnable                    
00002e9d  copysign                      
00002e9d  copysignl                     
00002eb1  strlen                        
00002ec5  GPIOPinTypeGPIOInput          
00002ed7  GPIOPinTypeUART               
00002ee9  __TI_zero_init_nomemset       
00002efb  wcslen                        
00002f0d  SysTickPeriodSet              
00002f1d  __TI_decompress_none          
00002f2b  ResetISR                      
00002f37  UARTCharGet                   
00002f41  UARTCharPut                   
00002f4d  __aeabi_errno_addr            
00002f55  GPIOPinRead                   
00002f5b  GPIOPinWrite                  
00002f61  SysCtlDelay                   
00002f67  _system_pre_init              
00002f6b  C$$EXIT                       
00002f6b  abort                         
00002f70  _ctypes_                      
00003188  __TI_Handler_Table_Base       
00003194  __TI_Handler_Table_Limit      
000031a8  __TI_CINIT_Base               
000031c0  __TI_CINIT_Limit              
20000000  g_pfnRAMVectors               
20000270  __stack                       
20000470  __STACK_TOP                   
20000670  __STACK_END                   
2000070c  seg7Display                   
20000711  sysState                      
20000714  errno                         
ffffffff  __TI_pprof_out_hndl           
ffffffff  __TI_prof_data_size           
ffffffff  __TI_prof_data_start          
ffffffff  __binit__                     
ffffffff  __c_args__                    
ffffffff  binit                         
UNDEFED   __mpu_init                    
UNDEFED   _system_post_cinit            

[122 symbols]
