******************************************************************************
                  TI ARM Linker PC v18.1.2                     
******************************************************************************
>> Linked Tue Feb 12 13:44:39 2019

OUTPUT FILE NAME:   <Lab3.out>
ENTRY POINT SYMBOL: "_c_int00_noargs"  address: 00002bf1


MEMORY CONFIGURATION

         name            origin    length      used     unused   attr    fill
----------------------  --------  ---------  --------  --------  ----  --------
  FLASH                 00000000   00040000  0000312a  0003ced6  R  X
  SRAM                  20000000   00008000  00000714  000078ec  RW X


SEGMENT ALLOCATION MAP

run origin  load origin   length   init length attrs members
----------  ----------- ---------- ----------- ----- -------
00000000    00000000    00003130   00003130    r-x
  00000000    00000000    0000026c   0000026c    r-- .intvecs
  0000026c    0000026c    00002c6e   00002c6e    r-x .text
  00002edc    00002edc    00000200   00000200    r-- .const
  000030e0    000030e0    00000050   00000050    r-- .cinit
20000000    20000000    00000718   00000000    rw-
  20000000    20000000    0000026c   00000000    rw- .vtable
  20000270    20000270    00000400   00000000    rw- .stack
  20000670    20000670    00000088   00000000    rw- .bss
  200006f8    200006f8    00000020   00000000    rw- .data


SECTION ALLOCATION MAP

 output                                  attributes/
section   page    origin      length       input sections
--------  ----  ----------  ----------   ----------------
.intvecs   0    00000000    0000026c     
                  00000000    0000026c     tm4c123gh6pm_startup_ccs.obj (.intvecs)

.text      0    0000026c    00002c6e     
                  0000026c    00000a5e     rtsv7M4_T_le_v4SPD16_eabi.lib : _printfi.c.obj (.text:__TI_printfi)
                  00000cca    00000002                                   : div0.asm.obj (.text)
                  00000ccc    000003d0     Util2.lib : launchpad.obj (.text)
                  0000109c    00000270     rtsv7M4_T_le_v4SPD16_eabi.lib : _printfi.c.obj (.text:_pconv_a)
                  0000130c    000001fc     seg7.obj (.text)
                  00001508    000001d0     rtsv7M4_T_le_v4SPD16_eabi.lib : _printfi.c.obj (.text:_pconv_g)
                  000016d8    000001b6                                   : fd_add_t2.asm.obj (.text)
                  0000188e    00000002     --HOLE-- [fill = 0]
                  00001890    0000013c                                   : _printfi.c.obj (.text:_pconv_e)
                  000019cc    00000136                                   : fd_div_t2.asm.obj (.text)
                  00001b02    00000132     driverlib.lib : gpio.obj (.text:GPIOPadConfigSet)
                  00001c34    00000120     rtsv7M4_T_le_v4SPD16_eabi.lib : _printfi.c.obj (.text:fcvt)
                  00001d54    00000110     driverlib.lib : sysctl.obj (.text:SysCtlClockGet)
                  00001e64    00000110     rtsv7M4_T_le_v4SPD16_eabi.lib : s_scalbn.c.obj (.text:scalbn)
                  00001f74    000000fc                                   : fd_mul_t2.asm.obj (.text)
                  00002070    000000f4     driverlib.lib : sysctl.obj (.text:SysCtlClockSet)
                  00002164    000000c4     Util2.lib : uart.obj (.text)
                  00002228    000000bc     main.obj (.text)
                  000022e4    000000b1     rtsv7M4_T_le_v4SPD16_eabi.lib : _printfi.c.obj (.text:_ltostr)
                  00002395    00000003     --HOLE-- [fill = 0]
                  00002398    0000009c     Util2.lib : led.obj (.text)
                  00002434    0000009c     rtsv7M4_T_le_v4SPD16_eabi.lib : memcpy_t2.asm.obj (.text)
                  000024d0    00000096                                   : ull_div_t2.asm.obj (.text)
                  00002566    00000002     --HOLE-- [fill = 0]
                  00002568    0000008c     Util2.lib : pushbutton.obj (.text)
                  000025f4    00000086     rtsv7M4_T_le_v4SPD16_eabi.lib : fd_cmp_t2.asm.obj (.text:__aeabi_cdcmple)
                  0000267a    00000086                                   : fd_cmp_t2.asm.obj (.text:__aeabi_cdrcmple)
                  00002700    0000007a                                   : memset_t2.asm.obj (.text)
                  0000277a    0000006e                                   : _printfi.c.obj (.text:_mcpy)
                  000027e8    00000068                                   : copy_decompress_lzss.c.obj (.text:decompress:lzss:__TI_decompress_lzss)
                  00002850    00000064                                   : s_frexp.c.obj (.text:frexp)
                  000028b4    00000056                                   : _printfi.c.obj (.text:_pconv_f)
                  0000290a    00000054                                   : ltoa.c.obj (.text:ltoa)
                  0000295e    00000002     --HOLE-- [fill = 0]
                  00002960    00000054     sig7digit.obj (.text)
                  000029b4    00000052     rtsv7M4_T_le_v4SPD16_eabi.lib : _printfi.c.obj (.text:_ecpy)
                  00002a06    00000002     --HOLE-- [fill = 0]
                  00002a08    0000004c                                   : atoi.c.obj (.text:atoi)
                  00002a54    00000048     driverlib.lib : gpio.obj (.text:GPIOPinConfigure)
                  00002a9c    00000048     rtsv7M4_T_le_v4SPD16_eabi.lib : fd_toi_t2.asm.obj (.text)
                  00002ae4    00000046     driverlib.lib : uart.obj (.text:UARTConfigSetExpClk)
                  00002b2a    00000002     --HOLE-- [fill = 0]
                  00002b2c    00000044     rtsv7M4_T_le_v4SPD16_eabi.lib : autoinit.c.obj (.text:__TI_auto_init_nobinit_nopinit:__TI_auto_init_nobinit_nopinit)
                  00002b70    00000040                                   : vsnprintf.c.obj (.text:vsnprintf)
                  00002bb0    0000003e                                   : _printfi.c.obj (.text:_fcpy)
                  00002bee    00000002     --HOLE-- [fill = 0]
                  00002bf0    00000038                                   : boot_cortex_m.c.obj (.text:_c_int00_noargs:_c_int00_noargs)
                  00002c28    00000034     driverlib.lib : interrupt.obj (.text:IntRegister)
                  00002c5c    00000034                   : sysctl.obj (.text:SysCtlPeripheralEnable)
                  00002c90    00000030     rtsv7M4_T_le_v4SPD16_eabi.lib : vsnprintf.c.obj (.text:_outs)
                  00002cc0    0000002e                                   : i_tofd_t2.asm.obj (.text)
                  00002cee    0000002a     driverlib.lib : gpio.obj (.text:GPIODirModeSet)
                  00002d18    00000020                   : uart.obj (.text:UARTDisable)
                  00002d38    0000001c                   : systick.obj (.text:SysTickIntRegister)
                  00002d54    0000001c     rtsv7M4_T_le_v4SPD16_eabi.lib : memccpy.c.obj (.text:memccpy)
                  00002d70    00000018     driverlib.lib : gpio.obj (.text:GPIOPinTypeGPIOOutput)
                  00002d88    00000018     rtsv7M4_T_le_v4SPD16_eabi.lib : vsnprintf.c.obj (.text:_outc)
                  00002da0    00000016                                   : strchr.c.obj (.text:strchr)
                  00002db6    00000002     --HOLE-- [fill = 0]
                  00002db8    00000014     driverlib.lib : systick.obj (.text:SysTickEnable)
                  00002dcc    00000014                   : systick.obj (.text:SysTickIntEnable)
                  00002de0    00000014                   : uart.obj (.text:UARTEnable)
                  00002df4    00000014     rtsv7M4_T_le_v4SPD16_eabi.lib : s_copysign.c.obj (.text:copysign)
                  00002e08    00000014                                   : strlen.c.obj (.text:strlen)
                  00002e1c    00000014     sw-increment.obj (.text)
                  00002e30    00000012     driverlib.lib : gpio.obj (.text:GPIOPinTypeGPIOInput)
                  00002e42    00000012                   : gpio.obj (.text:GPIOPinTypeUART)
                  00002e54    00000012     rtsv7M4_T_le_v4SPD16_eabi.lib : copy_zero_init.c.obj (.text:decompress:ZI:__TI_zero_init_nomemset:__TI_zero_init_nomemset)
                  00002e66    00000012                                   : wcslen.c.obj (.text:wcslen)
                  00002e78    00000010     driverlib.lib : systick.obj (.text:SysTickPeriodSet)
                  00002e88    0000000e     rtsv7M4_T_le_v4SPD16_eabi.lib : copy_decompress_none.c.obj (.text:decompress:none:__TI_decompress_none)
                  00002e96    0000000c     tm4c123gh6pm_startup_ccs.obj (.text)
                  00002ea2    0000000a     driverlib.lib : uart.obj (.text:UARTCharGet)
                  00002eac    0000000a                   : uart.obj (.text:UARTCharPut)
                  00002eb6    00000002     --HOLE-- [fill = 0]
                  00002eb8    00000008     rtsv7M4_T_le_v4SPD16_eabi.lib : errno.c.obj (.text:__aeabi_errno_addr)
                  00002ec0    00000006     driverlib.lib : gpio.obj (.text:GPIOPinRead)
                  00002ec6    00000006                   : gpio.obj (.text:GPIOPinWrite)
                  00002ecc    00000006                   : sysctl.obj (.text:SysCtlDelay)
                  00002ed2    00000004     rtsv7M4_T_le_v4SPD16_eabi.lib : pre_init.c.obj (.text:_system_pre_init)
                  00002ed6    00000004                                   : exit.c.obj (.text:abort:abort)

.const     0    00002edc    00000200     
                  00002edc    00000101     rtsv7M4_T_le_v4SPD16_eabi.lib : ctype.c.obj (.const:.string:_ctypes_)
                  00002fdd    00000003     --HOLE-- [fill = 0]
                  00002fe0    00000090     driverlib.lib : gpio.obj (.const:g_pui32GPIOBaseAddrs)
                  00003070    0000006c                   : sysctl.obj (.const:g_pui32Xtals)

.cinit     0    000030e0    00000050     
                  000030e0    00000016     (.cinit..data.load) [load image, compression = lzss]
                  000030f6    00000002     --HOLE-- [fill = 0]
                  000030f8    0000000c     (__TI_handler_table)
                  00003104    00000004     --HOLE-- [fill = 0]
                  00003108    00000008     (.cinit..bss.load) [load image, compression = zero_init]
                  00003110    00000008     (.cinit..vtable.load) [load image, compression = zero_init]
                  00003118    00000018     (__TI_cinit_table)

.init_array 
*          0    00000000    00000000     UNINITIALIZED

.vtable    0    20000000    0000026c     UNINITIALIZED
                  20000000    0000026c     driverlib.lib : interrupt.obj (.vtable)

.bss       0    20000670    00000088     UNINITIALIZED
                  20000670    00000080     Util2.lib : launchpad.obj (.bss:callbackHeap)
                  200006f0    00000004               : launchpad.obj (.bss)
                  200006f4    00000004     sig7digit.obj (.bss)

.data      0    200006f8    00000020     UNINITIALIZED
                  200006f8    0000000a     sig7digit.obj (.data)
                  20000702    00000001     Util2.lib : led.obj (.data)
                  20000703    00000001               : pushbutton.obj (.data)
                  20000704    00000008               : launchpad.obj (.data)
                  2000070c    00000005     main.obj (.data:seg7Display)
                  20000711    00000001     main.obj (.data)
                  20000712    00000002     --HOLE--
                  20000714    00000004     rtsv7M4_T_le_v4SPD16_eabi.lib : errno.c.obj (.data)

.stack     0    20000270    00000400     UNINITIALIZED
                  20000270    00000004     rtsv7M4_T_le_v4SPD16_eabi.lib : boot_cortex_m.c.obj (.stack)
                  20000274    000003fc     --HOLE--

MODULE SUMMARY

       Module                         code    ro data   rw data
       ------                         ----    -------   -------
    .\
       tm4c123gh6pm_startup_ccs.obj   12      620       0      
       seg7.obj                       508     0         0      
       main.obj                       188     0         6      
       sig7digit.obj                  84      0         14     
       sw-increment.obj               20      0         0      
    +--+------------------------------+-------+---------+---------+
       Total:                         812     620       20     
                                                               
    C:/Users/mreyes43/Documents/GitHub/LabGroupC2/Util/Debug/Util2.lib
       launchpad.obj                  976     0         140    
       uart.obj                       196     0         0      
       led.obj                        156     0         1      
       pushbutton.obj                 140     0         1      
    +--+------------------------------+-------+---------+---------+
       Total:                         1468    0         142    
                                                               
    C:/ti/TivaWare_C_Series-2.1.4.178/driverlib/ccs/Debug/driverlib.lib
       sysctl.obj                     574     108       0      
       interrupt.obj                  52      0         620    
       gpio.obj                       492     144       0      
       uart.obj                       142     0         0      
       systick.obj                    84      0         0      
    +--+------------------------------+-------+---------+---------+
       Total:                         1344    252       620    
                                                               
    C:\ti\ccs810\ccsv8\tools\compiler\ti-cgt-arm_18.1.2.LTS\lib\rtsv7M4_T_le_v4SPD16_eabi.lib
       _printfi.c.obj                 4863    0         0      
       fd_add_t2.asm.obj              438     0         0      
       fd_div_t2.asm.obj              310     0         0      
       s_scalbn.c.obj                 272     0         0      
       fd_cmp_t2.asm.obj              268     0         0      
       ctype.c.obj                    0       257       0      
       fd_mul_t2.asm.obj              252     0         0      
       memcpy_t2.asm.obj              156     0         0      
       ull_div_t2.asm.obj             150     0         0      
       vsnprintf.c.obj                136     0         0      
       memset_t2.asm.obj              122     0         0      
       copy_decompress_lzss.c.obj     104     0         0      
       s_frexp.c.obj                  100     0         0      
       ltoa.c.obj                     84      0         0      
       atoi.c.obj                     76      0         0      
       fd_toi_t2.asm.obj              72      0         0      
       autoinit.c.obj                 68      0         0      
       boot_cortex_m.c.obj            56      0         0      
       i_tofd_t2.asm.obj              46      0         0      
       memccpy.c.obj                  28      0         0      
       strchr.c.obj                   22      0         0      
       s_copysign.c.obj               20      0         0      
       strlen.c.obj                   20      0         0      
       copy_zero_init.c.obj           18      0         0      
       wcslen.c.obj                   18      0         0      
       copy_decompress_none.c.obj     14      0         0      
       errno.c.obj                    8       0         4      
       exit.c.obj                     4       0         0      
       pre_init.c.obj                 4       0         0      
       div0.asm.obj                   2       0         0      
    +--+------------------------------+-------+---------+---------+
       Total:                         7731    257       4      
                                                               
       Stack:                         0       0         1024   
       Linker Generated:              0       74        0      
    +--+------------------------------+-------+---------+---------+
       Grand Total:                   11355   1203      1810   


LINKER GENERATED COPY TABLES

__TI_cinit_table @ 00003118 records: 3, size/record: 8, table size: 24
	.data: load addr=000030e0, load size=00000016 bytes, run addr=200006f8, run size=00000020 bytes, compression=lzss
	.bss: load addr=00003108, load size=00000008 bytes, run addr=20000670, run size=00000088 bytes, compression=zero_init
	.vtable: load addr=00003110, load size=00000008 bytes, run addr=20000000, run size=0000026c bytes, compression=zero_init


LINKER GENERATED HANDLER TABLE

__TI_handler_table @ 000030f8 records: 3, size/record: 4, table size: 12
	index: 0, handler: __TI_zero_init
	index: 1, handler: __TI_decompress_lzss
	index: 2, handler: __TI_decompress_none


GLOBAL SYMBOLS: SORTED ALPHABETICALLY BY Name 

address   name                          
-------   ----                          
00002ed7  C$$EXIT                       
00002cef  GPIODirModeSet                
00001b03  GPIOPadConfigSet              
00002a55  GPIOPinConfigure              
00002ec1  GPIOPinRead                   
00002e31  GPIOPinTypeGPIOInput          
00002d71  GPIOPinTypeGPIOOutput         
00002e43  GPIOPinTypeUART               
00002ec7  GPIOPinWrite                  
00002c29  IntRegister                   
00002e97  ResetISR                      
00001d55  SysCtlClockGet                
00002071  SysCtlClockSet                
00002ecd  SysCtlDelay                   
00002c5d  SysCtlPeripheralEnable        
00002db9  SysTickEnable                 
00002dcd  SysTickIntEnable              
00002d39  SysTickIntRegister            
00002e79  SysTickPeriodSet              
00002ea3  UARTCharGet                   
00002ead  UARTCharPut                   
00002ae5  UARTConfigSetExpClk           
00002d19  UARTDisable                   
00002de1  UARTEnable                    
20000670  __STACK_END                   
00000400  __STACK_SIZE                  
20000470  __STACK_TOP                   
00003118  __TI_CINIT_Base               
00003130  __TI_CINIT_Limit              
000030f8  __TI_Handler_Table_Base       
00003104  __TI_Handler_Table_Limit      
00002b2d  __TI_auto_init_nobinit_nopinit
000027e9  __TI_decompress_lzss          
00002e89  __TI_decompress_none          
ffffffff  __TI_pprof_out_hndl           
0000026d  __TI_printfi                  
ffffffff  __TI_prof_data_size           
ffffffff  __TI_prof_data_start          
00000000  __TI_static_base__            
00002e55  __TI_zero_init_nomemset       
000025f5  __aeabi_cdcmpeq               
000025f5  __aeabi_cdcmple               
0000267b  __aeabi_cdrcmple              
00002a9d  __aeabi_d2iz                  
000016e3  __aeabi_dadd                  
000019cd  __aeabi_ddiv                  
00001f75  __aeabi_dmul                  
000016d9  __aeabi_dsub                  
00002eb9  __aeabi_errno_addr            
00002cc1  __aeabi_i2d                   
00000ccb  __aeabi_idiv0                 
00000ccb  __aeabi_ldiv0                 
00002701  __aeabi_memclr                
00002701  __aeabi_memclr4               
00002701  __aeabi_memclr8               
00002435  __aeabi_memcpy                
00002435  __aeabi_memcpy4               
00002435  __aeabi_memcpy8               
00002703  __aeabi_memset                
00002703  __aeabi_memset4               
00002703  __aeabi_memset8               
000024d1  __aeabi_uldivmod              
ffffffff  __binit__                     
ffffffff  __c_args__                    
UNDEFED   __mpu_init                    
20000270  __stack                       
00002bf1  _c_int00_noargs               
00002edc  _ctypes_                      
UNDEFED   _system_post_cinit            
00002ed3  _system_pre_init              
00002ed7  abort                         
00002a09  atoi                          
ffffffff  binit                         
0000224d  checkPushButton               
00002df5  copysign                      
00002df5  copysignl                     
20000714  errno                         
00002851  frexp                         
00002851  frexpl                        
20000000  g_pfnRAMVectors               
00000000  g_pfnVectors                  
00001e65  ldexp                         
00001e65  ldexpl                        
000023bb  ledInit                       
00002399  ledInitForced                 
000023cf  ledTurnOnOff                  
00000fd7  lpInit                        
0000290b  ltoa                          
00002285  main                          
00002d55  memccpy                       
00002435  memcpy                        
00002709  memset                        
0000259d  pbInit                        
00002569  pbInitForced                  
000025b1  pbRead                        
00001e65  scalbn                        
00001e65  scalbnl                       
00000dfb  schdCallback                  
00000e75  schdExecute                   
00002969  seg7DigitUpdate               
2000070c  seg7Display                   
0000130d  seg7Init                      
00001499  seg7Update                    
00002e1d  stopWatchIncrement            
00002229  stopWatchUpdate               
00002da1  strchr                        
00002e09  strlen                        
20000711  sysState                      
00000d5f  sysTimeGet                    
00000d65  sysTimeReached                
00000d8b  sysTimeWait                   
00000daf  sysTimeWaitAbsolute           
000021b1  uartGetChar                   
00002165  uartInit                      
0000219f  uartPutChar                   
000021c3  uartPutString                 
000021ef  uprintf                       
00002b71  vsnprintf                     
00000f79  waitMs                        
00000fa9  waitUs                        
00002e67  wcslen                        


GLOBAL SYMBOLS: SORTED BY Symbol Address 

address   name                          
-------   ----                          
00000000  __TI_static_base__            
00000000  g_pfnVectors                  
0000026d  __TI_printfi                  
00000400  __STACK_SIZE                  
00000ccb  __aeabi_idiv0                 
00000ccb  __aeabi_ldiv0                 
00000d5f  sysTimeGet                    
00000d65  sysTimeReached                
00000d8b  sysTimeWait                   
00000daf  sysTimeWaitAbsolute           
00000dfb  schdCallback                  
00000e75  schdExecute                   
00000f79  waitMs                        
00000fa9  waitUs                        
00000fd7  lpInit                        
0000130d  seg7Init                      
00001499  seg7Update                    
000016d9  __aeabi_dsub                  
000016e3  __aeabi_dadd                  
000019cd  __aeabi_ddiv                  
00001b03  GPIOPadConfigSet              
00001d55  SysCtlClockGet                
00001e65  ldexp                         
00001e65  ldexpl                        
00001e65  scalbn                        
00001e65  scalbnl                       
00001f75  __aeabi_dmul                  
00002071  SysCtlClockSet                
00002165  uartInit                      
0000219f  uartPutChar                   
000021b1  uartGetChar                   
000021c3  uartPutString                 
000021ef  uprintf                       
00002229  stopWatchUpdate               
0000224d  checkPushButton               
00002285  main                          
00002399  ledInitForced                 
000023bb  ledInit                       
000023cf  ledTurnOnOff                  
00002435  __aeabi_memcpy                
00002435  __aeabi_memcpy4               
00002435  __aeabi_memcpy8               
00002435  memcpy                        
000024d1  __aeabi_uldivmod              
00002569  pbInitForced                  
0000259d  pbInit                        
000025b1  pbRead                        
000025f5  __aeabi_cdcmpeq               
000025f5  __aeabi_cdcmple               
0000267b  __aeabi_cdrcmple              
00002701  __aeabi_memclr                
00002701  __aeabi_memclr4               
00002701  __aeabi_memclr8               
00002703  __aeabi_memset                
00002703  __aeabi_memset4               
00002703  __aeabi_memset8               
00002709  memset                        
000027e9  __TI_decompress_lzss          
00002851  frexp                         
00002851  frexpl                        
0000290b  ltoa                          
00002969  seg7DigitUpdate               
00002a09  atoi                          
00002a55  GPIOPinConfigure              
00002a9d  __aeabi_d2iz                  
00002ae5  UARTConfigSetExpClk           
00002b2d  __TI_auto_init_nobinit_nopinit
00002b71  vsnprintf                     
00002bf1  _c_int00_noargs               
00002c29  IntRegister                   
00002c5d  SysCtlPeripheralEnable        
00002cc1  __aeabi_i2d                   
00002cef  GPIODirModeSet                
00002d19  UARTDisable                   
00002d39  SysTickIntRegister            
00002d55  memccpy                       
00002d71  GPIOPinTypeGPIOOutput         
00002da1  strchr                        
00002db9  SysTickEnable                 
00002dcd  SysTickIntEnable              
00002de1  UARTEnable                    
00002df5  copysign                      
00002df5  copysignl                     
00002e09  strlen                        
00002e1d  stopWatchIncrement            
00002e31  GPIOPinTypeGPIOInput          
00002e43  GPIOPinTypeUART               
00002e55  __TI_zero_init_nomemset       
00002e67  wcslen                        
00002e79  SysTickPeriodSet              
00002e89  __TI_decompress_none          
00002e97  ResetISR                      
00002ea3  UARTCharGet                   
00002ead  UARTCharPut                   
00002eb9  __aeabi_errno_addr            
00002ec1  GPIOPinRead                   
00002ec7  GPIOPinWrite                  
00002ecd  SysCtlDelay                   
00002ed3  _system_pre_init              
00002ed7  C$$EXIT                       
00002ed7  abort                         
00002edc  _ctypes_                      
000030f8  __TI_Handler_Table_Base       
00003104  __TI_Handler_Table_Limit      
00003118  __TI_CINIT_Base               
00003130  __TI_CINIT_Limit              
20000000  g_pfnRAMVectors               
20000270  __stack                       
20000470  __STACK_TOP                   
20000670  __STACK_END                   
2000070c  seg7Display                   
20000711  sysState                      
20000714  errno                         
ffffffff  __TI_pprof_out_hndl           
ffffffff  __TI_prof_data_size           
ffffffff  __TI_prof_data_start          
ffffffff  __binit__                     
ffffffff  __c_args__                    
ffffffff  binit                         
UNDEFED   __mpu_init                    
UNDEFED   _system_post_cinit            

[121 symbols]
