<?xml version="1.0" encoding="ISO-8859-1" ?>
<link_info>
   <banner>TI ARM Linker PC v18.1.2.LTS</banner>
   <copyright>Copyright (c) 1996-2017 Texas Instruments Incorporated</copyright>
   <link_time>0x5c63158a</link_time>
   <link_errors>0x0</link_errors>
   <output_file>Lab2.out</output_file>
   <entry_point>
      <name>_c_int00_noargs</name>
      <address>0x2cad</address>
   </entry_point>
   <input_file_list>
      <input_file id="fl-2">
         <path>.\</path>
         <kind>object</kind>
         <file>main(1).obj</file>
         <name>main(1).obj</name>
      </input_file>
      <input_file id="fl-3">
         <path>.\</path>
         <kind>object</kind>
         <file>seg7.obj</file>
         <name>seg7.obj</name>
      </input_file>
      <input_file id="fl-4">
         <path>.\</path>
         <kind>object</kind>
         <file>tm4c123gh6pm_startup_ccs.obj</file>
         <name>tm4c123gh6pm_startup_ccs.obj</name>
      </input_file>
      <input_file id="fl-a">
         <kind>object</kind>
         <file>&lt;internal&gt;</file>
         <name>&lt;internal&gt;</name>
      </input_file>
      <input_file id="fl-c0">
         <path>C:\ti\ccs810\ccsv8\tools\compiler\ti-cgt-arm_18.1.2.LTS\lib\</path>
         <kind>archive</kind>
         <file>rtsv7M4_T_le_v4SPD16_eabi.lib</file>
         <name>copy_zero_init.c.obj</name>
      </input_file>
      <input_file id="fl-c1">
         <path>C:\ti\ccs810\ccsv8\tools\compiler\ti-cgt-arm_18.1.2.LTS\lib\</path>
         <kind>archive</kind>
         <file>rtsv7M4_T_le_v4SPD16_eabi.lib</file>
         <name>copy_decompress_none.c.obj</name>
      </input_file>
      <input_file id="fl-c2">
         <path>C:\ti\ccs810\ccsv8\tools\compiler\ti-cgt-arm_18.1.2.LTS\lib\</path>
         <kind>archive</kind>
         <file>rtsv7M4_T_le_v4SPD16_eabi.lib</file>
         <name>copy_decompress_lzss.c.obj</name>
      </input_file>
      <input_file id="fl-c3">
         <path>C:\ti\ccs810\ccsv8\tools\compiler\ti-cgt-arm_18.1.2.LTS\lib\</path>
         <kind>archive</kind>
         <file>rtsv7M4_T_le_v4SPD16_eabi.lib</file>
         <name>boot_cortex_m.c.obj</name>
      </input_file>
      <input_file id="fl-c4">
         <path>C:\ti\ccs810\ccsv8\tools\compiler\ti-cgt-arm_18.1.2.LTS\lib\</path>
         <kind>archive</kind>
         <file>rtsv7M4_T_le_v4SPD16_eabi.lib</file>
         <name>exit.c.obj</name>
      </input_file>
      <input_file id="fl-c5">
         <path>C:\ti\ccs810\ccsv8\tools\compiler\ti-cgt-arm_18.1.2.LTS\lib\</path>
         <kind>archive</kind>
         <file>rtsv7M4_T_le_v4SPD16_eabi.lib</file>
         <name>_lock.c.obj</name>
      </input_file>
      <input_file id="fl-c6">
         <path>C:\ti\ccs810\ccsv8\tools\compiler\ti-cgt-arm_18.1.2.LTS\lib\</path>
         <kind>archive</kind>
         <file>rtsv7M4_T_le_v4SPD16_eabi.lib</file>
         <name>args_main.c.obj</name>
      </input_file>
      <input_file id="fl-c7">
         <path>C:\ti\ccs810\ccsv8\tools\compiler\ti-cgt-arm_18.1.2.LTS\lib\</path>
         <kind>archive</kind>
         <file>rtsv7M4_T_le_v4SPD16_eabi.lib</file>
         <name>memset_t2.asm.obj</name>
      </input_file>
      <input_file id="fl-c8">
         <path>C:\ti\ccs810\ccsv8\tools\compiler\ti-cgt-arm_18.1.2.LTS\lib\</path>
         <kind>archive</kind>
         <file>rtsv7M4_T_le_v4SPD16_eabi.lib</file>
         <name>memcpy_t2.asm.obj</name>
      </input_file>
      <input_file id="fl-c9">
         <path>C:\ti\ccs810\ccsv8\tools\compiler\ti-cgt-arm_18.1.2.LTS\lib\</path>
         <kind>archive</kind>
         <file>rtsv7M4_T_le_v4SPD16_eabi.lib</file>
         <name>autoinit.c.obj</name>
      </input_file>
      <input_file id="fl-ca">
         <path>C:\ti\ccs810\ccsv8\tools\compiler\ti-cgt-arm_18.1.2.LTS\lib\</path>
         <kind>archive</kind>
         <file>rtsv7M4_T_le_v4SPD16_eabi.lib</file>
         <name>pre_init.c.obj</name>
      </input_file>
      <input_file id="fl-cb">
         <path>C:\ti\ccs810\ccsv8\tools\compiler\ti-cgt-arm_18.1.2.LTS\lib\</path>
         <kind>archive</kind>
         <file>rtsv7M4_T_le_v4SPD16_eabi.lib</file>
         <name>cpy_tbl.c.obj</name>
      </input_file>
      <input_file id="fl-cc">
         <path>C:\ti\TivaWare_C_Series-2.1.4.178\driverlib\ccs\Debug\</path>
         <kind>archive</kind>
         <file>driverlib.lib</file>
         <name>gpio.obj</name>
      </input_file>
      <input_file id="fl-cd">
         <path>C:\ti\TivaWare_C_Series-2.1.4.178\driverlib\ccs\Debug\</path>
         <kind>archive</kind>
         <file>driverlib.lib</file>
         <name>interrupt.obj</name>
      </input_file>
      <input_file id="fl-ce">
         <path>C:\ti\TivaWare_C_Series-2.1.4.178\driverlib\ccs\Debug\</path>
         <kind>archive</kind>
         <file>driverlib.lib</file>
         <name>sysctl.obj</name>
      </input_file>
      <input_file id="fl-cf">
         <path>C:\ti\TivaWare_C_Series-2.1.4.178\driverlib\ccs\Debug\</path>
         <kind>archive</kind>
         <file>driverlib.lib</file>
         <name>cpu.obj</name>
      </input_file>
      <input_file id="fl-d0">
         <path>C:\Users\mreyes43\Documents\GitHub\LabGroupC2\Util\Debug\</path>
         <kind>archive</kind>
         <file>Util2.lib</file>
         <name>launchpad.obj</name>
      </input_file>
      <input_file id="fl-d1">
         <path>C:\Users\mreyes43\Documents\GitHub\LabGroupC2\Util\Debug\</path>
         <kind>archive</kind>
         <file>Util2.lib</file>
         <name>led.obj</name>
      </input_file>
      <input_file id="fl-d2">
         <path>C:\Users\mreyes43\Documents\GitHub\LabGroupC2\Util\Debug\</path>
         <kind>archive</kind>
         <file>Util2.lib</file>
         <name>pushbutton.obj</name>
      </input_file>
      <input_file id="fl-d3">
         <path>C:\Users\mreyes43\Documents\GitHub\LabGroupC2\Util\Debug\</path>
         <kind>archive</kind>
         <file>Util2.lib</file>
         <name>uart.obj</name>
      </input_file>
      <input_file id="fl-d4">
         <path>C:\ti\ccs810\ccsv8\tools\compiler\ti-cgt-arm_18.1.2.LTS\lib\</path>
         <kind>archive</kind>
         <file>rtsv7M4_T_le_v4SPD16_eabi.lib</file>
         <name>ull_div_t2.asm.obj</name>
      </input_file>
      <input_file id="fl-d5">
         <path>C:\ti\ccs810\ccsv8\tools\compiler\ti-cgt-arm_18.1.2.LTS\lib\</path>
         <kind>archive</kind>
         <file>rtsv7M4_T_le_v4SPD16_eabi.lib</file>
         <name>vsnprintf.c.obj</name>
      </input_file>
      <input_file id="fl-d6">
         <path>C:\ti\ccs810\ccsv8\tools\compiler\ti-cgt-arm_18.1.2.LTS\lib\</path>
         <kind>archive</kind>
         <file>rtsv7M4_T_le_v4SPD16_eabi.lib</file>
         <name>div0.asm.obj</name>
      </input_file>
      <input_file id="fl-d7">
         <path>C:\ti\ccs810\ccsv8\tools\compiler\ti-cgt-arm_18.1.2.LTS\lib\</path>
         <kind>archive</kind>
         <file>rtsv7M4_T_le_v4SPD16_eabi.lib</file>
         <name>_printfi.c.obj</name>
      </input_file>
      <input_file id="fl-d8">
         <path>C:\ti\ccs810\ccsv8\tools\compiler\ti-cgt-arm_18.1.2.LTS\lib\</path>
         <kind>archive</kind>
         <file>rtsv7M4_T_le_v4SPD16_eabi.lib</file>
         <name>atoi.c.obj</name>
      </input_file>
      <input_file id="fl-d9">
         <path>C:\ti\ccs810\ccsv8\tools\compiler\ti-cgt-arm_18.1.2.LTS\lib\</path>
         <kind>archive</kind>
         <file>rtsv7M4_T_le_v4SPD16_eabi.lib</file>
         <name>ctype.c.obj</name>
      </input_file>
      <input_file id="fl-da">
         <path>C:\ti\ccs810\ccsv8\tools\compiler\ti-cgt-arm_18.1.2.LTS\lib\</path>
         <kind>archive</kind>
         <file>rtsv7M4_T_le_v4SPD16_eabi.lib</file>
         <name>ltoa.c.obj</name>
      </input_file>
      <input_file id="fl-db">
         <path>C:\ti\ccs810\ccsv8\tools\compiler\ti-cgt-arm_18.1.2.LTS\lib\</path>
         <kind>archive</kind>
         <file>rtsv7M4_T_le_v4SPD16_eabi.lib</file>
         <name>memccpy.c.obj</name>
      </input_file>
      <input_file id="fl-dc">
         <path>C:\ti\ccs810\ccsv8\tools\compiler\ti-cgt-arm_18.1.2.LTS\lib\</path>
         <kind>archive</kind>
         <file>rtsv7M4_T_le_v4SPD16_eabi.lib</file>
         <name>strchr.c.obj</name>
      </input_file>
      <input_file id="fl-dd">
         <path>C:\ti\ccs810\ccsv8\tools\compiler\ti-cgt-arm_18.1.2.LTS\lib\</path>
         <kind>archive</kind>
         <file>rtsv7M4_T_le_v4SPD16_eabi.lib</file>
         <name>strlen.c.obj</name>
      </input_file>
      <input_file id="fl-de">
         <path>C:\ti\ccs810\ccsv8\tools\compiler\ti-cgt-arm_18.1.2.LTS\lib\</path>
         <kind>archive</kind>
         <file>rtsv7M4_T_le_v4SPD16_eabi.lib</file>
         <name>s_frexp.c.obj</name>
      </input_file>
      <input_file id="fl-df">
         <path>C:\ti\ccs810\ccsv8\tools\compiler\ti-cgt-arm_18.1.2.LTS\lib\</path>
         <kind>archive</kind>
         <file>rtsv7M4_T_le_v4SPD16_eabi.lib</file>
         <name>s_scalbn.c.obj</name>
      </input_file>
      <input_file id="fl-e0">
         <path>C:\ti\ccs810\ccsv8\tools\compiler\ti-cgt-arm_18.1.2.LTS\lib\</path>
         <kind>archive</kind>
         <file>rtsv7M4_T_le_v4SPD16_eabi.lib</file>
         <name>s_copysign.c.obj</name>
      </input_file>
      <input_file id="fl-e1">
         <path>C:\ti\ccs810\ccsv8\tools\compiler\ti-cgt-arm_18.1.2.LTS\lib\</path>
         <kind>archive</kind>
         <file>rtsv7M4_T_le_v4SPD16_eabi.lib</file>
         <name>wcslen.c.obj</name>
      </input_file>
      <input_file id="fl-e2">
         <path>C:\ti\ccs810\ccsv8\tools\compiler\ti-cgt-arm_18.1.2.LTS\lib\</path>
         <kind>archive</kind>
         <file>rtsv7M4_T_le_v4SPD16_eabi.lib</file>
         <name>fd_add_t2.asm.obj</name>
      </input_file>
      <input_file id="fl-e3">
         <path>C:\ti\ccs810\ccsv8\tools\compiler\ti-cgt-arm_18.1.2.LTS\lib\</path>
         <kind>archive</kind>
         <file>rtsv7M4_T_le_v4SPD16_eabi.lib</file>
         <name>fd_cmp_t2.asm.obj</name>
      </input_file>
      <input_file id="fl-e4">
         <path>C:\ti\ccs810\ccsv8\tools\compiler\ti-cgt-arm_18.1.2.LTS\lib\</path>
         <kind>archive</kind>
         <file>rtsv7M4_T_le_v4SPD16_eabi.lib</file>
         <name>fd_div_t2.asm.obj</name>
      </input_file>
      <input_file id="fl-e5">
         <path>C:\ti\ccs810\ccsv8\tools\compiler\ti-cgt-arm_18.1.2.LTS\lib\</path>
         <kind>archive</kind>
         <file>rtsv7M4_T_le_v4SPD16_eabi.lib</file>
         <name>fd_mul_t2.asm.obj</name>
      </input_file>
      <input_file id="fl-e6">
         <path>C:\ti\ccs810\ccsv8\tools\compiler\ti-cgt-arm_18.1.2.LTS\lib\</path>
         <kind>archive</kind>
         <file>rtsv7M4_T_le_v4SPD16_eabi.lib</file>
         <name>fd_toi_t2.asm.obj</name>
      </input_file>
      <input_file id="fl-e7">
         <path>C:\ti\ccs810\ccsv8\tools\compiler\ti-cgt-arm_18.1.2.LTS\lib\</path>
         <kind>archive</kind>
         <file>rtsv7M4_T_le_v4SPD16_eabi.lib</file>
         <name>i_tofd_t2.asm.obj</name>
      </input_file>
      <input_file id="fl-e8">
         <path>C:\ti\ccs810\ccsv8\tools\compiler\ti-cgt-arm_18.1.2.LTS\lib\</path>
         <kind>archive</kind>
         <file>rtsv7M4_T_le_v4SPD16_eabi.lib</file>
         <name>errno.c.obj</name>
      </input_file>
      <input_file id="fl-e9">
         <path>C:\ti\TivaWare_C_Series-2.1.4.178\driverlib\ccs\Debug\</path>
         <kind>archive</kind>
         <file>driverlib.lib</file>
         <name>systick.obj</name>
      </input_file>
      <input_file id="fl-ea">
         <path>C:\ti\TivaWare_C_Series-2.1.4.178\driverlib\ccs\Debug\</path>
         <kind>archive</kind>
         <file>driverlib.lib</file>
         <name>uart.obj</name>
      </input_file>
   </input_file_list>
   <object_component_list>
      <object_component id="oc-f">
         <name>.intvecs</name>
         <load_address>0x0</load_address>
         <run_address>0x0</run_address>
         <size>0x26c</size>
         <input_file_ref idref="fl-4"/>
      </object_component>
      <object_component id="oc-22a">
         <name>.text:__TI_printfi</name>
         <load_address>0x26c</load_address>
         <run_address>0x26c</run_address>
         <size>0xa5e</size>
         <input_file_ref idref="fl-d7"/>
      </object_component>
      <object_component id="oc-1e9">
         <name>.text</name>
         <load_address>0xcca</load_address>
         <run_address>0xcca</run_address>
         <size>0x2</size>
         <input_file_ref idref="fl-d6"/>
      </object_component>
      <object_component id="oc-cb">
         <name>.text</name>
         <load_address>0xccc</load_address>
         <run_address>0xccc</run_address>
         <size>0x3d0</size>
         <input_file_ref idref="fl-d0"/>
      </object_component>
      <object_component id="oc-2b5">
         <name>.text:_pconv_a</name>
         <load_address>0x109c</load_address>
         <run_address>0x109c</run_address>
         <size>0x270</size>
         <input_file_ref idref="fl-d7"/>
      </object_component>
      <object_component id="oc-c5">
         <name>.text</name>
         <load_address>0x130c</load_address>
         <run_address>0x130c</run_address>
         <size>0x1fc</size>
         <input_file_ref idref="fl-3"/>
      </object_component>
      <object_component id="oc-2a3">
         <name>.text:_pconv_g</name>
         <load_address>0x1508</load_address>
         <run_address>0x1508</run_address>
         <size>0x1d0</size>
         <input_file_ref idref="fl-d7"/>
      </object_component>
      <object_component id="oc-98">
         <name>.text</name>
         <load_address>0x16d8</load_address>
         <run_address>0x16d8</run_address>
         <size>0x1d0</size>
         <input_file_ref idref="fl-2"/>
      </object_component>
      <object_component id="oc-318">
         <name>.text</name>
         <load_address>0x18a8</load_address>
         <run_address>0x18a8</run_address>
         <size>0x1b6</size>
         <input_file_ref idref="fl-e2"/>
      </object_component>
      <object_component id="oc-2af">
         <name>.text:_pconv_e</name>
         <load_address>0x1a60</load_address>
         <run_address>0x1a60</run_address>
         <size>0x13c</size>
         <input_file_ref idref="fl-d7"/>
      </object_component>
      <object_component id="oc-2fe">
         <name>.text</name>
         <load_address>0x1b9c</load_address>
         <run_address>0x1b9c</run_address>
         <size>0x136</size>
         <input_file_ref idref="fl-e4"/>
      </object_component>
      <object_component id="oc-12a">
         <name>.text:GPIOPadConfigSet</name>
         <load_address>0x1cd2</load_address>
         <run_address>0x1cd2</run_address>
         <size>0x132</size>
         <input_file_ref idref="fl-cc"/>
      </object_component>
      <object_component id="oc-32a">
         <name>.text:fcvt</name>
         <load_address>0x1e04</load_address>
         <run_address>0x1e04</run_address>
         <size>0x120</size>
         <input_file_ref idref="fl-d7"/>
      </object_component>
      <object_component id="oc-150">
         <name>.text:SysCtlClockGet</name>
         <load_address>0x1f24</load_address>
         <run_address>0x1f24</run_address>
         <size>0x110</size>
         <input_file_ref idref="fl-ce"/>
      </object_component>
      <object_component id="oc-33e">
         <name>.text:scalbn</name>
         <load_address>0x2034</load_address>
         <run_address>0x2034</run_address>
         <size>0x110</size>
         <input_file_ref idref="fl-df"/>
      </object_component>
      <object_component id="oc-2f9">
         <name>.text</name>
         <load_address>0x2144</load_address>
         <run_address>0x2144</run_address>
         <size>0xfc</size>
         <input_file_ref idref="fl-e5"/>
      </object_component>
      <object_component id="oc-14a">
         <name>.text:SysCtlClockSet</name>
         <load_address>0x2240</load_address>
         <run_address>0x2240</run_address>
         <size>0xf4</size>
         <input_file_ref idref="fl-ce"/>
      </object_component>
      <object_component id="oc-d7">
         <name>.text</name>
         <load_address>0x2334</load_address>
         <run_address>0x2334</run_address>
         <size>0xc4</size>
         <input_file_ref idref="fl-d3"/>
      </object_component>
      <object_component id="oc-298">
         <name>.text:_ltostr</name>
         <load_address>0x23f8</load_address>
         <run_address>0x23f8</run_address>
         <size>0xb1</size>
         <input_file_ref idref="fl-d7"/>
      </object_component>
      <object_component id="oc-16e">
         <name>.text</name>
         <load_address>0x24ac</load_address>
         <run_address>0x24ac</run_address>
         <size>0x9c</size>
         <input_file_ref idref="fl-d1"/>
      </object_component>
      <object_component id="oc-38">
         <name>.text</name>
         <load_address>0x2548</load_address>
         <run_address>0x2548</run_address>
         <size>0x9c</size>
         <input_file_ref idref="fl-c8"/>
      </object_component>
      <object_component id="oc-144">
         <name>.text</name>
         <load_address>0x25e4</load_address>
         <run_address>0x25e4</run_address>
         <size>0x96</size>
         <input_file_ref idref="fl-d4"/>
      </object_component>
      <object_component id="oc-d1">
         <name>.text</name>
         <load_address>0x267c</load_address>
         <run_address>0x267c</run_address>
         <size>0x8c</size>
         <input_file_ref idref="fl-d2"/>
      </object_component>
      <object_component id="oc-29e">
         <name>.text:__aeabi_cdcmple</name>
         <load_address>0x2708</load_address>
         <run_address>0x2708</run_address>
         <size>0x86</size>
         <input_file_ref idref="fl-e3"/>
      </object_component>
      <object_component id="oc-303">
         <name>.text:__aeabi_cdrcmple</name>
         <load_address>0x278e</load_address>
         <run_address>0x278e</run_address>
         <size>0x86</size>
         <input_file_ref idref="fl-e3"/>
      </object_component>
      <object_component id="oc-8c">
         <name>.text</name>
         <load_address>0x2814</load_address>
         <run_address>0x2814</run_address>
         <size>0x7a</size>
         <input_file_ref idref="fl-c7"/>
      </object_component>
      <object_component id="oc-323">
         <name>.text:_mcpy</name>
         <load_address>0x288e</load_address>
         <run_address>0x288e</run_address>
         <size>0x6e</size>
         <input_file_ref idref="fl-d7"/>
      </object_component>
      <object_component id="oc-12">
         <name>.text:decompress:lzss:__TI_decompress_lzss</name>
         <load_address>0x28fc</load_address>
         <run_address>0x28fc</run_address>
         <size>0x68</size>
         <input_file_ref idref="fl-c2"/>
      </object_component>
      <object_component id="oc-338">
         <name>.text:frexp</name>
         <load_address>0x2964</load_address>
         <run_address>0x2964</run_address>
         <size>0x64</size>
         <input_file_ref idref="fl-de"/>
      </object_component>
      <object_component id="oc-2a9">
         <name>.text:_pconv_f</name>
         <load_address>0x29c8</load_address>
         <run_address>0x29c8</run_address>
         <size>0x56</size>
         <input_file_ref idref="fl-d7"/>
      </object_component>
      <object_component id="oc-30d">
         <name>.text:ltoa</name>
         <load_address>0x2a1e</load_address>
         <run_address>0x2a1e</run_address>
         <size>0x54</size>
         <input_file_ref idref="fl-da"/>
      </object_component>
      <object_component id="oc-31d">
         <name>.text:_ecpy</name>
         <load_address>0x2a72</load_address>
         <run_address>0x2a72</run_address>
         <size>0x52</size>
         <input_file_ref idref="fl-d7"/>
      </object_component>
      <object_component id="oc-292">
         <name>.text:atoi</name>
         <load_address>0x2ac4</load_address>
         <run_address>0x2ac4</run_address>
         <size>0x4c</size>
         <input_file_ref idref="fl-d8"/>
      </object_component>
      <object_component id="oc-189">
         <name>.text:GPIOPinConfigure</name>
         <load_address>0x2b10</load_address>
         <run_address>0x2b10</run_address>
         <size>0x48</size>
         <input_file_ref idref="fl-cc"/>
      </object_component>
      <object_component id="oc-308">
         <name>.text</name>
         <load_address>0x2b58</load_address>
         <run_address>0x2b58</run_address>
         <size>0x48</size>
         <input_file_ref idref="fl-e6"/>
      </object_component>
      <object_component id="oc-195">
         <name>.text:UARTConfigSetExpClk</name>
         <load_address>0x2ba0</load_address>
         <run_address>0x2ba0</run_address>
         <size>0x46</size>
         <input_file_ref idref="fl-ea"/>
      </object_component>
      <object_component id="oc-f0">
         <name>.text:__TI_auto_init_nobinit_nopinit:__TI_auto_init_nobinit_nopinit</name>
         <load_address>0x2be8</load_address>
         <run_address>0x2be8</run_address>
         <size>0x44</size>
         <input_file_ref idref="fl-c9"/>
      </object_component>
      <object_component id="oc-1a7">
         <name>.text:vsnprintf</name>
         <load_address>0x2c2c</load_address>
         <run_address>0x2c2c</run_address>
         <size>0x40</size>
         <input_file_ref idref="fl-d5"/>
      </object_component>
      <object_component id="oc-330">
         <name>.text:_fcpy</name>
         <load_address>0x2c6c</load_address>
         <run_address>0x2c6c</run_address>
         <size>0x3e</size>
         <input_file_ref idref="fl-d7"/>
      </object_component>
      <object_component id="oc-56">
         <name>.text:_c_int00_noargs:_c_int00_noargs</name>
         <load_address>0x2cac</load_address>
         <run_address>0x2cac</run_address>
         <size>0x38</size>
         <input_file_ref idref="fl-c3"/>
      </object_component>
      <object_component id="oc-1f6">
         <name>.text:IntRegister</name>
         <load_address>0x2ce4</load_address>
         <run_address>0x2ce4</run_address>
         <size>0x34</size>
         <input_file_ref idref="fl-cd"/>
      </object_component>
      <object_component id="oc-124">
         <name>.text:SysCtlPeripheralEnable</name>
         <load_address>0x2d18</load_address>
         <run_address>0x2d18</run_address>
         <size>0x34</size>
         <input_file_ref idref="fl-ce"/>
      </object_component>
      <object_component id="oc-230">
         <name>.text:_outs</name>
         <load_address>0x2d4c</load_address>
         <run_address>0x2d4c</run_address>
         <size>0x30</size>
         <input_file_ref idref="fl-d5"/>
      </object_component>
      <object_component id="oc-313">
         <name>.text</name>
         <load_address>0x2d7c</load_address>
         <run_address>0x2d7c</run_address>
         <size>0x2e</size>
         <input_file_ref idref="fl-e7"/>
      </object_component>
      <object_component id="oc-130">
         <name>.text:GPIODirModeSet</name>
         <load_address>0x2daa</load_address>
         <run_address>0x2daa</run_address>
         <size>0x2a</size>
         <input_file_ref idref="fl-cc"/>
      </object_component>
      <object_component id="oc-21a">
         <name>.text:UARTDisable</name>
         <load_address>0x2dd4</load_address>
         <run_address>0x2dd4</run_address>
         <size>0x20</size>
         <input_file_ref idref="fl-ea"/>
      </object_component>
      <object_component id="oc-15c">
         <name>.text:SysTickIntRegister</name>
         <load_address>0x2df4</load_address>
         <run_address>0x2df4</run_address>
         <size>0x1c</size>
         <input_file_ref idref="fl-e9"/>
      </object_component>
      <object_component id="oc-2bb">
         <name>.text:memccpy</name>
         <load_address>0x2e10</load_address>
         <run_address>0x2e10</run_address>
         <size>0x1c</size>
         <input_file_ref idref="fl-db"/>
      </object_component>
      <object_component id="oc-1ff">
         <name>.text:GPIOPinTypeGPIOOutput</name>
         <load_address>0x2e2c</load_address>
         <run_address>0x2e2c</run_address>
         <size>0x18</size>
         <input_file_ref idref="fl-cc"/>
      </object_component>
      <object_component id="oc-236">
         <name>.text:_outc</name>
         <load_address>0x2e44</load_address>
         <run_address>0x2e44</run_address>
         <size>0x18</size>
         <input_file_ref idref="fl-d5"/>
      </object_component>
      <object_component id="oc-344">
         <name>.text:strchr</name>
         <load_address>0x2e5c</load_address>
         <run_address>0x2e5c</run_address>
         <size>0x16</size>
         <input_file_ref idref="fl-dc"/>
      </object_component>
      <object_component id="oc-168">
         <name>.text:SysTickEnable</name>
         <load_address>0x2e74</load_address>
         <run_address>0x2e74</run_address>
         <size>0x14</size>
         <input_file_ref idref="fl-e9"/>
      </object_component>
      <object_component id="oc-162">
         <name>.text:SysTickIntEnable</name>
         <load_address>0x2e88</load_address>
         <run_address>0x2e88</run_address>
         <size>0x14</size>
         <input_file_ref idref="fl-e9"/>
      </object_component>
      <object_component id="oc-220">
         <name>.text:UARTEnable</name>
         <load_address>0x2e9c</load_address>
         <run_address>0x2e9c</run_address>
         <size>0x14</size>
         <input_file_ref idref="fl-ea"/>
      </object_component>
      <object_component id="oc-37f">
         <name>.text:copysign</name>
         <load_address>0x2eb0</load_address>
         <run_address>0x2eb0</run_address>
         <size>0x14</size>
         <input_file_ref idref="fl-e0"/>
      </object_component>
      <object_component id="oc-28c">
         <name>.text:strlen</name>
         <load_address>0x2ec4</load_address>
         <run_address>0x2ec4</run_address>
         <size>0x14</size>
         <input_file_ref idref="fl-dd"/>
      </object_component>
      <object_component id="oc-179">
         <name>.text:GPIOPinTypeGPIOInput</name>
         <load_address>0x2ed8</load_address>
         <run_address>0x2ed8</run_address>
         <size>0x12</size>
         <input_file_ref idref="fl-cc"/>
      </object_component>
      <object_component id="oc-18f">
         <name>.text:GPIOPinTypeUART</name>
         <load_address>0x2eea</load_address>
         <run_address>0x2eea</run_address>
         <size>0x12</size>
         <input_file_ref idref="fl-cc"/>
      </object_component>
      <object_component id="oc-44">
         <name>.text:decompress:ZI:__TI_zero_init_nomemset:__TI_zero_init_nomemset</name>
         <load_address>0x2efc</load_address>
         <run_address>0x2efc</run_address>
         <size>0x12</size>
         <input_file_ref idref="fl-c0"/>
      </object_component>
      <object_component id="oc-2c1">
         <name>.text:wcslen</name>
         <load_address>0x2f0e</load_address>
         <run_address>0x2f0e</run_address>
         <size>0x12</size>
         <input_file_ref idref="fl-e1"/>
      </object_component>
      <object_component id="oc-156">
         <name>.text:SysTickPeriodSet</name>
         <load_address>0x2f20</load_address>
         <run_address>0x2f20</run_address>
         <size>0x10</size>
         <input_file_ref idref="fl-e9"/>
      </object_component>
      <object_component id="oc-18">
         <name>.text:decompress:none:__TI_decompress_none</name>
         <load_address>0x2f30</load_address>
         <run_address>0x2f30</run_address>
         <size>0xe</size>
         <input_file_ref idref="fl-c1"/>
      </object_component>
      <object_component id="oc-24">
         <name>.text</name>
         <load_address>0x2f3e</load_address>
         <run_address>0x2f3e</run_address>
         <size>0xc</size>
         <input_file_ref idref="fl-4"/>
      </object_component>
      <object_component id="oc-1a1">
         <name>.text:UARTCharGet</name>
         <load_address>0x2f4a</load_address>
         <run_address>0x2f4a</run_address>
         <size>0xa</size>
         <input_file_ref idref="fl-ea"/>
      </object_component>
      <object_component id="oc-19b">
         <name>.text:UARTCharPut</name>
         <load_address>0x2f54</load_address>
         <run_address>0x2f54</run_address>
         <size>0xa</size>
         <input_file_ref idref="fl-ea"/>
      </object_component>
      <object_component id="oc-2c7">
         <name>.text:__aeabi_errno_addr</name>
         <load_address>0x2f60</load_address>
         <run_address>0x2f60</run_address>
         <size>0x8</size>
         <input_file_ref idref="fl-e8"/>
      </object_component>
      <object_component id="oc-17f">
         <name>.text:GPIOPinRead</name>
         <load_address>0x2f68</load_address>
         <run_address>0x2f68</run_address>
         <size>0x6</size>
         <input_file_ref idref="fl-cc"/>
      </object_component>
      <object_component id="oc-136">
         <name>.text:GPIOPinWrite</name>
         <load_address>0x2f6e</load_address>
         <run_address>0x2f6e</run_address>
         <size>0x6</size>
         <input_file_ref idref="fl-cc"/>
      </object_component>
      <object_component id="oc-149">
         <name>.text:SysCtlDelay</name>
         <load_address>0x2f74</load_address>
         <run_address>0x2f74</run_address>
         <size>0x6</size>
         <input_file_ref idref="fl-ce"/>
      </object_component>
      <object_component id="oc-92">
         <name>.text:_system_pre_init</name>
         <load_address>0x2f7a</load_address>
         <run_address>0x2f7a</run_address>
         <size>0x4</size>
         <input_file_ref idref="fl-ca"/>
      </object_component>
      <object_component id="oc-e4">
         <name>.text:abort:abort</name>
         <load_address>0x2f7e</load_address>
         <run_address>0x2f7e</run_address>
         <size>0x4</size>
         <input_file_ref idref="fl-c4"/>
      </object_component>
      <object_component id="oc-2f2">
         <name>.const:.string:_ctypes_</name>
         <load_address>0x2f84</load_address>
         <run_address>0x2f84</run_address>
         <size>0x101</size>
         <input_file_ref idref="fl-d9"/>
      </object_component>
      <object_component id="oc-215">
         <name>.const:g_pui32GPIOBaseAddrs</name>
         <load_address>0x3088</load_address>
         <run_address>0x3088</run_address>
         <size>0x90</size>
         <input_file_ref idref="fl-cc"/>
      </object_component>
      <object_component id="oc-1f0">
         <name>.const:g_pui32Xtals</name>
         <load_address>0x3118</load_address>
         <run_address>0x3118</run_address>
         <size>0x6c</size>
         <input_file_ref idref="fl-ce"/>
      </object_component>
      <object_component id="oc-3d5">
         <name>.cinit..data.load</name>
         <load_address>0x3188</load_address>
         <run_address>0x3188</run_address>
         <size>0x1a</size>
      </object_component>
      <object_component id="oc-3d2">
         <name>__TI_handler_table</name>
         <load_address>0x31a4</load_address>
         <run_address>0x31a4</run_address>
         <size>0xc</size>
      </object_component>
      <object_component id="oc-3d6">
         <name>.cinit..bss.load</name>
         <load_address>0x31b0</load_address>
         <run_address>0x31b0</run_address>
         <size>0x8</size>
      </object_component>
      <object_component id="oc-3d4">
         <name>.cinit..vtable.load</name>
         <load_address>0x31b8</load_address>
         <run_address>0x31b8</run_address>
         <size>0x8</size>
      </object_component>
      <object_component id="oc-3d3">
         <name>__TI_cinit_table</name>
         <load_address>0x31c0</load_address>
         <run_address>0x31c0</run_address>
         <size>0x18</size>
      </object_component>
      <object_component id="oc-27e">
         <name>.vtable</name>
         <uninitialized>true</uninitialized>
         <run_address>0x20000000</run_address>
         <size>0x26c</size>
         <input_file_ref idref="fl-cd"/>
      </object_component>
      <object_component id="oc-e0">
         <name>.data:seg7Coding</name>
         <load_address>0x2000070c</load_address>
         <run_address>0x2000070c</run_address>
         <size>0xa</size>
         <input_file_ref idref="fl-2"/>
      </object_component>
      <object_component id="oc-dd">
         <name>.data</name>
         <load_address>0x200006f4</load_address>
         <run_address>0x200006f4</run_address>
         <size>0x18</size>
         <input_file_ref idref="fl-2"/>
      </object_component>
      <object_component id="oc-13e">
         <name>.data</name>
         <load_address>0x20000718</load_address>
         <run_address>0x20000718</run_address>
         <size>0x8</size>
         <input_file_ref idref="fl-d0"/>
      </object_component>
      <object_component id="oc-205">
         <name>.data</name>
         <load_address>0x20000716</load_address>
         <run_address>0x20000716</run_address>
         <size>0x1</size>
         <input_file_ref idref="fl-d1"/>
      </object_component>
      <object_component id="oc-185">
         <name>.data</name>
         <load_address>0x20000717</load_address>
         <run_address>0x20000717</run_address>
         <size>0x1</size>
         <input_file_ref idref="fl-d2"/>
      </object_component>
      <object_component id="oc-354">
         <name>.data</name>
         <load_address>0x20000720</load_address>
         <run_address>0x20000720</run_address>
         <size>0x4</size>
         <input_file_ref idref="fl-e8"/>
      </object_component>
      <object_component id="oc-174">
         <name>.bss</name>
         <uninitialized>true</uninitialized>
         <run_address>0x200006f0</run_address>
         <size>0x4</size>
         <input_file_ref idref="fl-d0"/>
      </object_component>
      <object_component id="oc-141">
         <name>.bss:callbackHeap</name>
         <uninitialized>true</uninitialized>
         <run_address>0x20000670</run_address>
         <size>0x80</size>
         <input_file_ref idref="fl-d0"/>
      </object_component>
      <object_component id="oc-21">
         <name>.stack</name>
         <uninitialized>true</uninitialized>
         <run_address>0x20000270</run_address>
         <size>0x4</size>
         <input_file_ref idref="fl-c3"/>
      </object_component>
      <object_component id="oc-3d7">
         <name>.stack</name>
         <uninitialized>true</uninitialized>
         <run_address>0x20000270</run_address>
         <size>0x0</size>
      </object_component>
      <object_component id="oc-b4">
         <name>.debug_info</name>
         <load_address>0x0</load_address>
         <run_address>0x0</run_address>
         <size>0x383</size>
         <input_file_ref idref="fl-2"/>
      </object_component>
      <object_component id="oc-e1">
         <name>.debug_info</name>
         <load_address>0x383</load_address>
         <run_address>0x383</run_address>
         <size>0xdb</size>
         <input_file_ref idref="fl-2"/>
      </object_component>
      <object_component id="oc-de">
         <name>.debug_info</name>
         <load_address>0x45e</load_address>
         <run_address>0x45e</run_address>
         <size>0x130</size>
         <input_file_ref idref="fl-2"/>
      </object_component>
      <object_component id="oc-99">
         <name>.debug_info</name>
         <load_address>0x58e</load_address>
         <run_address>0x58e</run_address>
         <size>0x2c6</size>
         <input_file_ref idref="fl-2"/>
      </object_component>
      <object_component id="oc-6d">
         <name>.debug_info</name>
         <load_address>0x854</load_address>
         <run_address>0x854</run_address>
         <size>0x26b</size>
         <input_file_ref idref="fl-2"/>
      </object_component>
      <object_component id="oc-af">
         <name>.debug_info</name>
         <load_address>0xabf</load_address>
         <run_address>0xabf</run_address>
         <size>0x8b</size>
         <input_file_ref idref="fl-2"/>
      </object_component>
      <object_component id="oc-aa">
         <name>.debug_info</name>
         <load_address>0xb4a</load_address>
         <run_address>0xb4a</run_address>
         <size>0x297</size>
         <input_file_ref idref="fl-2"/>
      </object_component>
      <object_component id="oc-72">
         <name>.debug_info</name>
         <load_address>0xde1</load_address>
         <run_address>0xde1</run_address>
         <size>0xbb</size>
         <input_file_ref idref="fl-2"/>
      </object_component>
      <object_component id="oc-24a">
         <name>.debug_info</name>
         <load_address>0xe9c</load_address>
         <run_address>0xe9c</run_address>
         <size>0xcc</size>
         <input_file_ref idref="fl-2"/>
      </object_component>
      <object_component id="oc-1af">
         <name>.debug_info</name>
         <load_address>0xf68</load_address>
         <run_address>0xf68</run_address>
         <size>0x2c</size>
         <input_file_ref idref="fl-2"/>
      </object_component>
      <object_component id="oc-13d">
         <name>.debug_info</name>
         <load_address>0xf94</load_address>
         <run_address>0xf94</run_address>
         <size>0x370</size>
         <input_file_ref idref="fl-3"/>
      </object_component>
      <object_component id="oc-c6">
         <name>.debug_info</name>
         <load_address>0x1304</load_address>
         <run_address>0x1304</run_address>
         <size>0x6b5</size>
         <input_file_ref idref="fl-3"/>
      </object_component>
      <object_component id="oc-2c">
         <name>.debug_info</name>
         <load_address>0x19b9</load_address>
         <run_address>0x19b9</run_address>
         <size>0x2b2</size>
         <input_file_ref idref="fl-4"/>
      </object_component>
      <object_component id="oc-10">
         <name>.debug_info</name>
         <load_address>0x1c6b</load_address>
         <run_address>0x1c6b</run_address>
         <size>0xf1</size>
         <input_file_ref idref="fl-4"/>
      </object_component>
      <object_component id="oc-25">
         <name>.debug_info</name>
         <load_address>0x1d5c</load_address>
         <run_address>0x1d5c</run_address>
         <size>0x26d</size>
         <input_file_ref idref="fl-4"/>
      </object_component>
      <object_component id="oc-33">
         <name>.debug_info</name>
         <load_address>0x1fc9</load_address>
         <run_address>0x1fc9</run_address>
         <size>0x84</size>
         <input_file_ref idref="fl-4"/>
      </object_component>
      <object_component id="oc-8b">
         <name>.debug_info</name>
         <load_address>0x204d</load_address>
         <run_address>0x204d</run_address>
         <size>0x313</size>
         <input_file_ref idref="fl-c0"/>
      </object_component>
      <object_component id="oc-48">
         <name>.debug_info</name>
         <load_address>0x2360</load_address>
         <run_address>0x2360</run_address>
         <size>0x1b4</size>
         <input_file_ref idref="fl-c0"/>
      </object_component>
      <object_component id="oc-86">
         <name>.debug_info</name>
         <load_address>0x2514</load_address>
         <run_address>0x2514</run_address>
         <size>0x46</size>
         <input_file_ref idref="fl-c0"/>
      </object_component>
      <object_component id="oc-bc">
         <name>.debug_info</name>
         <load_address>0x255a</load_address>
         <run_address>0x255a</run_address>
         <size>0x2c</size>
         <input_file_ref idref="fl-c0"/>
      </object_component>
      <object_component id="oc-43">
         <name>.debug_info</name>
         <load_address>0x2586</load_address>
         <run_address>0x2586</run_address>
         <size>0x29d</size>
         <input_file_ref idref="fl-c1"/>
      </object_component>
      <object_component id="oc-1c">
         <name>.debug_info</name>
         <load_address>0x2823</load_address>
         <run_address>0x2823</run_address>
         <size>0x1df</size>
         <input_file_ref idref="fl-c1"/>
      </object_component>
      <object_component id="oc-3e">
         <name>.debug_info</name>
         <load_address>0x2a02</load_address>
         <run_address>0x2a02</run_address>
         <size>0x46</size>
         <input_file_ref idref="fl-c1"/>
      </object_component>
      <object_component id="oc-7e">
         <name>.debug_info</name>
         <load_address>0x2a48</load_address>
         <run_address>0x2a48</run_address>
         <size>0x2c</size>
         <input_file_ref idref="fl-c1"/>
      </object_component>
      <object_component id="oc-7c">
         <name>.debug_info</name>
         <load_address>0x2a74</load_address>
         <run_address>0x2a74</run_address>
         <size>0x293</size>
         <input_file_ref idref="fl-c2"/>
      </object_component>
      <object_component id="oc-13">
         <name>.debug_info</name>
         <load_address>0x2d07</load_address>
         <run_address>0x2d07</run_address>
         <size>0x245</size>
         <input_file_ref idref="fl-c2"/>
      </object_component>
      <object_component id="oc-2e">
         <name>.debug_info</name>
         <load_address>0x2f4c</load_address>
         <run_address>0x2f4c</run_address>
         <size>0x60</size>
         <input_file_ref idref="fl-c2"/>
      </object_component>
      <object_component id="oc-b5">
         <name>.debug_info</name>
         <load_address>0x2fac</load_address>
         <run_address>0x2fac</run_address>
         <size>0x46</size>
         <input_file_ref idref="fl-c2"/>
      </object_component>
      <object_component id="oc-77">
         <name>.debug_info</name>
         <load_address>0x2ff2</load_address>
         <run_address>0x2ff2</run_address>
         <size>0x39</size>
         <input_file_ref idref="fl-c2"/>
      </object_component>
      <object_component id="oc-22">
         <name>.debug_info</name>
         <load_address>0x302b</load_address>
         <run_address>0x302b</run_address>
         <size>0x100</size>
         <input_file_ref idref="fl-c3"/>
      </object_component>
      <object_component id="oc-58">
         <name>.debug_info</name>
         <load_address>0x312b</load_address>
         <run_address>0x312b</run_address>
         <size>0x1a4</size>
         <input_file_ref idref="fl-c3"/>
      </object_component>
      <object_component id="oc-e7">
         <name>.debug_info</name>
         <load_address>0x32cf</load_address>
         <run_address>0x32cf</run_address>
         <size>0x117</size>
         <input_file_ref idref="fl-c4"/>
      </object_component>
      <object_component id="oc-8d">
         <name>.debug_info</name>
         <load_address>0x33e6</load_address>
         <run_address>0x33e6</run_address>
         <size>0x13f</size>
         <input_file_ref idref="fl-c7"/>
      </object_component>
      <object_component id="oc-39">
         <name>.debug_info</name>
         <load_address>0x3525</load_address>
         <run_address>0x3525</run_address>
         <size>0x111</size>
         <input_file_ref idref="fl-c8"/>
      </object_component>
      <object_component id="oc-1c3">
         <name>.debug_info</name>
         <load_address>0x3636</load_address>
         <run_address>0x3636</run_address>
         <size>0x547</size>
         <input_file_ref idref="fl-c9"/>
      </object_component>
      <object_component id="oc-f1">
         <name>.debug_info</name>
         <load_address>0x3b7d</load_address>
         <run_address>0x3b7d</run_address>
         <size>0x19b</size>
         <input_file_ref idref="fl-c9"/>
      </object_component>
      <object_component id="oc-25f">
         <name>.debug_info</name>
         <load_address>0x3d18</load_address>
         <run_address>0x3d18</run_address>
         <size>0x39</size>
         <input_file_ref idref="fl-c9"/>
      </object_component>
      <object_component id="oc-2e0">
         <name>.debug_info</name>
         <load_address>0x3d51</load_address>
         <run_address>0x3d51</run_address>
         <size>0x39</size>
         <input_file_ref idref="fl-c9"/>
      </object_component>
      <object_component id="oc-264">
         <name>.debug_info</name>
         <load_address>0x3d8a</load_address>
         <run_address>0x3d8a</run_address>
         <size>0x39</size>
         <input_file_ref idref="fl-c9"/>
      </object_component>
      <object_component id="oc-269">
         <name>.debug_info</name>
         <load_address>0x3dc3</load_address>
         <run_address>0x3dc3</run_address>
         <size>0xcd</size>
         <input_file_ref idref="fl-c9"/>
      </object_component>
      <object_component id="oc-93">
         <name>.debug_info</name>
         <load_address>0x3e90</load_address>
         <run_address>0x3e90</run_address>
         <size>0x148</size>
         <input_file_ref idref="fl-ca"/>
      </object_component>
      <object_component id="oc-1e0">
         <name>.debug_info</name>
         <load_address>0x3fd8</load_address>
         <run_address>0x3fd8</run_address>
         <size>0x240</size>
         <input_file_ref idref="fl-cc"/>
      </object_component>
      <object_component id="oc-216">
         <name>.debug_info</name>
         <load_address>0x4218</load_address>
         <run_address>0x4218</run_address>
         <size>0x15b</size>
         <input_file_ref idref="fl-cc"/>
      </object_component>
      <object_component id="oc-137">
         <name>.debug_info</name>
         <load_address>0x4373</load_address>
         <run_address>0x4373</run_address>
         <size>0x2a3</size>
         <input_file_ref idref="fl-cc"/>
      </object_component>
      <object_component id="oc-131">
         <name>.debug_info</name>
         <load_address>0x4616</load_address>
         <run_address>0x4616</run_address>
         <size>0x2b3</size>
         <input_file_ref idref="fl-cc"/>
      </object_component>
      <object_component id="oc-12b">
         <name>.debug_info</name>
         <load_address>0x48c9</load_address>
         <run_address>0x48c9</run_address>
         <size>0x316</size>
         <input_file_ref idref="fl-cc"/>
      </object_component>
      <object_component id="oc-190">
         <name>.debug_info</name>
         <load_address>0x4bdf</load_address>
         <run_address>0x4bdf</run_address>
         <size>0x27b</size>
         <input_file_ref idref="fl-cc"/>
      </object_component>
      <object_component id="oc-200">
         <name>.debug_info</name>
         <load_address>0x4e5a</load_address>
         <run_address>0x4e5a</run_address>
         <size>0x2b7</size>
         <input_file_ref idref="fl-cc"/>
      </object_component>
      <object_component id="oc-17a">
         <name>.debug_info</name>
         <load_address>0x5111</load_address>
         <run_address>0x5111</run_address>
         <size>0x285</size>
         <input_file_ref idref="fl-cc"/>
      </object_component>
      <object_component id="oc-181">
         <name>.debug_info</name>
         <load_address>0x5396</load_address>
         <run_address>0x5396</run_address>
         <size>0x27b</size>
         <input_file_ref idref="fl-cc"/>
      </object_component>
      <object_component id="oc-18b">
         <name>.debug_info</name>
         <load_address>0x5611</load_address>
         <run_address>0x5611</run_address>
         <size>0x280</size>
         <input_file_ref idref="fl-cc"/>
      </object_component>
      <object_component id="oc-1d9">
         <name>.debug_info</name>
         <load_address>0x5891</load_address>
         <run_address>0x5891</run_address>
         <size>0x18b</size>
         <input_file_ref idref="fl-cc"/>
      </object_component>
      <object_component id="oc-282">
         <name>.debug_info</name>
         <load_address>0x5a1c</load_address>
         <run_address>0x5a1c</run_address>
         <size>0x20e</size>
         <input_file_ref idref="fl-cd"/>
      </object_component>
      <object_component id="oc-27f">
         <name>.debug_info</name>
         <load_address>0x5c2a</load_address>
         <run_address>0x5c2a</run_address>
         <size>0x157</size>
         <input_file_ref idref="fl-cd"/>
      </object_component>
      <object_component id="oc-1f8">
         <name>.debug_info</name>
         <load_address>0x5d81</load_address>
         <run_address>0x5d81</run_address>
         <size>0x2c1</size>
         <input_file_ref idref="fl-cd"/>
      </object_component>
      <object_component id="oc-1de">
         <name>.debug_info</name>
         <load_address>0x6042</load_address>
         <run_address>0x6042</run_address>
         <size>0x298</size>
         <input_file_ref idref="fl-ce"/>
      </object_component>
      <object_component id="oc-1f1">
         <name>.debug_info</name>
         <load_address>0x62da</load_address>
         <run_address>0x62da</run_address>
         <size>0x14d</size>
         <input_file_ref idref="fl-ce"/>
      </object_component>
      <object_component id="oc-128">
         <name>.debug_info</name>
         <load_address>0x6427</load_address>
         <run_address>0x6427</run_address>
         <size>0x27d</size>
         <input_file_ref idref="fl-ce"/>
      </object_component>
      <object_component id="oc-14b">
         <name>.debug_info</name>
         <load_address>0x66a4</load_address>
         <run_address>0x66a4</run_address>
         <size>0x2db</size>
         <input_file_ref idref="fl-ce"/>
      </object_component>
      <object_component id="oc-151">
         <name>.debug_info</name>
         <load_address>0x697f</load_address>
         <run_address>0x697f</run_address>
         <size>0x2b5</size>
         <input_file_ref idref="fl-ce"/>
      </object_component>
      <object_component id="oc-272">
         <name>.debug_info</name>
         <load_address>0x6c34</load_address>
         <run_address>0x6c34</run_address>
         <size>0x5f</size>
         <input_file_ref idref="fl-ce"/>
      </object_component>
      <object_component id="oc-178">
         <name>.debug_info</name>
         <load_address>0x6c93</load_address>
         <run_address>0x6c93</run_address>
         <size>0x428</size>
         <input_file_ref idref="fl-d0"/>
      </object_component>
      <object_component id="oc-175">
         <name>.debug_info</name>
         <load_address>0x70bb</load_address>
         <run_address>0x70bb</run_address>
         <size>0xcb</size>
         <input_file_ref idref="fl-d0"/>
      </object_component>
      <object_component id="oc-13f">
         <name>.debug_info</name>
         <load_address>0x7186</load_address>
         <run_address>0x7186</run_address>
         <size>0xf7</size>
         <input_file_ref idref="fl-d0"/>
      </object_component>
      <object_component id="oc-142">
         <name>.debug_info</name>
         <load_address>0x727d</load_address>
         <run_address>0x727d</run_address>
         <size>0xd1</size>
         <input_file_ref idref="fl-d0"/>
      </object_component>
      <object_component id="oc-cf">
         <name>.debug_info</name>
         <load_address>0x734e</load_address>
         <run_address>0x734e</run_address>
         <size>0x9c2</size>
         <input_file_ref idref="fl-d0"/>
      </object_component>
      <object_component id="oc-20d">
         <name>.debug_info</name>
         <load_address>0x7d10</load_address>
         <run_address>0x7d10</run_address>
         <size>0x51</size>
         <input_file_ref idref="fl-d0"/>
      </object_component>
      <object_component id="oc-206">
         <name>.debug_info</name>
         <load_address>0x7d61</load_address>
         <run_address>0x7d61</run_address>
         <size>0xc9</size>
         <input_file_ref idref="fl-d1"/>
      </object_component>
      <object_component id="oc-16f">
         <name>.debug_info</name>
         <load_address>0x7e2a</load_address>
         <run_address>0x7e2a</run_address>
         <size>0x299</size>
         <input_file_ref idref="fl-d1"/>
      </object_component>
      <object_component id="oc-186">
         <name>.debug_info</name>
         <load_address>0x80c3</load_address>
         <run_address>0x80c3</run_address>
         <size>0xd0</size>
         <input_file_ref idref="fl-d2"/>
      </object_component>
      <object_component id="oc-d3">
         <name>.debug_info</name>
         <load_address>0x8193</load_address>
         <run_address>0x8193</run_address>
         <size>0x231</size>
         <input_file_ref idref="fl-d2"/>
      </object_component>
      <object_component id="oc-1ae">
         <name>.debug_info</name>
         <load_address>0x83c4</load_address>
         <run_address>0x83c4</run_address>
         <size>0x426</size>
         <input_file_ref idref="fl-d3"/>
      </object_component>
      <object_component id="oc-d9">
         <name>.debug_info</name>
         <load_address>0x87ea</load_address>
         <run_address>0x87ea</run_address>
         <size>0x3ce</size>
         <input_file_ref idref="fl-d3"/>
      </object_component>
      <object_component id="oc-146">
         <name>.debug_info</name>
         <load_address>0x8bb8</load_address>
         <run_address>0x8bb8</run_address>
         <size>0x12c</size>
         <input_file_ref idref="fl-d4"/>
      </object_component>
      <object_component id="oc-23d">
         <name>.debug_info</name>
         <load_address>0x8ce4</load_address>
         <run_address>0x8ce4</run_address>
         <size>0x335</size>
         <input_file_ref idref="fl-d5"/>
      </object_component>
      <object_component id="oc-1a8">
         <name>.debug_info</name>
         <load_address>0x9019</load_address>
         <run_address>0x9019</run_address>
         <size>0x1fd</size>
         <input_file_ref idref="fl-d5"/>
      </object_component>
      <object_component id="oc-231">
         <name>.debug_info</name>
         <load_address>0x9216</load_address>
         <run_address>0x9216</run_address>
         <size>0x1bb</size>
         <input_file_ref idref="fl-d5"/>
      </object_component>
      <object_component id="oc-237">
         <name>.debug_info</name>
         <load_address>0x93d1</load_address>
         <run_address>0x93d1</run_address>
         <size>0x16e</size>
         <input_file_ref idref="fl-d5"/>
      </object_component>
      <object_component id="oc-23e">
         <name>.debug_info</name>
         <load_address>0x953f</load_address>
         <run_address>0x953f</run_address>
         <size>0x2c</size>
         <input_file_ref idref="fl-d5"/>
      </object_component>
      <object_component id="oc-243">
         <name>.debug_info</name>
         <load_address>0x956b</load_address>
         <run_address>0x956b</run_address>
         <size>0x69</size>
         <input_file_ref idref="fl-d5"/>
      </object_component>
      <object_component id="oc-1ea">
         <name>.debug_info</name>
         <load_address>0x95d4</load_address>
         <run_address>0x95d4</run_address>
         <size>0x10d</size>
         <input_file_ref idref="fl-d6"/>
      </object_component>
      <object_component id="oc-2ce">
         <name>.debug_info</name>
         <load_address>0x96e1</load_address>
         <run_address>0x96e1</run_address>
         <size>0x8a6</size>
         <input_file_ref idref="fl-d7"/>
      </object_component>
      <object_component id="oc-29a">
         <name>.debug_info</name>
         <load_address>0x9f87</load_address>
         <run_address>0x9f87</run_address>
         <size>0x213</size>
         <input_file_ref idref="fl-d7"/>
      </object_component>
      <object_component id="oc-31f">
         <name>.debug_info</name>
         <load_address>0xa19a</load_address>
         <run_address>0xa19a</run_address>
         <size>0x1a8</size>
         <input_file_ref idref="fl-d7"/>
      </object_component>
      <object_component id="oc-325">
         <name>.debug_info</name>
         <load_address>0xa342</load_address>
         <run_address>0xa342</run_address>
         <size>0x210</size>
         <input_file_ref idref="fl-d7"/>
      </object_component>
      <object_component id="oc-2a5">
         <name>.debug_info</name>
         <load_address>0xa552</load_address>
         <run_address>0xa552</run_address>
         <size>0x3b0</size>
         <input_file_ref idref="fl-d7"/>
      </object_component>
      <object_component id="oc-32c">
         <name>.debug_info</name>
         <load_address>0xa902</load_address>
         <run_address>0xa902</run_address>
         <size>0x2fa</size>
         <input_file_ref idref="fl-d7"/>
      </object_component>
      <object_component id="oc-332">
         <name>.debug_info</name>
         <load_address>0xabfc</load_address>
         <run_address>0xabfc</run_address>
         <size>0x20a</size>
         <input_file_ref idref="fl-d7"/>
      </object_component>
      <object_component id="oc-2ab">
         <name>.debug_info</name>
         <load_address>0xae06</load_address>
         <run_address>0xae06</run_address>
         <size>0x20a</size>
         <input_file_ref idref="fl-d7"/>
      </object_component>
      <object_component id="oc-2b1">
         <name>.debug_info</name>
         <load_address>0xb010</load_address>
         <run_address>0xb010</run_address>
         <size>0x2f9</size>
         <input_file_ref idref="fl-d7"/>
      </object_component>
      <object_component id="oc-2b7">
         <name>.debug_info</name>
         <load_address>0xb309</load_address>
         <run_address>0xb309</run_address>
         <size>0x4a5</size>
         <input_file_ref idref="fl-d7"/>
      </object_component>
      <object_component id="oc-22c">
         <name>.debug_info</name>
         <load_address>0xb7ae</load_address>
         <run_address>0xb7ae</run_address>
         <size>0x5cd</size>
         <input_file_ref idref="fl-d7"/>
      </object_component>
      <object_component id="oc-2cf">
         <name>.debug_info</name>
         <load_address>0xbd7b</load_address>
         <run_address>0xbd7b</run_address>
         <size>0x86</size>
         <input_file_ref idref="fl-d7"/>
      </object_component>
      <object_component id="oc-35b">
         <name>.debug_info</name>
         <load_address>0xbe01</load_address>
         <run_address>0xbe01</run_address>
         <size>0x39</size>
         <input_file_ref idref="fl-d7"/>
      </object_component>
      <object_component id="oc-396">
         <name>.debug_info</name>
         <load_address>0xbe3a</load_address>
         <run_address>0xbe3a</run_address>
         <size>0xb6</size>
         <input_file_ref idref="fl-d7"/>
      </object_component>
      <object_component id="oc-360">
         <name>.debug_info</name>
         <load_address>0xbef0</load_address>
         <run_address>0xbef0</run_address>
         <size>0x46</size>
         <input_file_ref idref="fl-d7"/>
      </object_component>
      <object_component id="oc-2d4">
         <name>.debug_info</name>
         <load_address>0xbf36</load_address>
         <run_address>0xbf36</run_address>
         <size>0x46</size>
         <input_file_ref idref="fl-d7"/>
      </object_component>
      <object_component id="oc-2f6">
         <name>.debug_info</name>
         <load_address>0xbf7c</load_address>
         <run_address>0xbf7c</run_address>
         <size>0x2ae</size>
         <input_file_ref idref="fl-d8"/>
      </object_component>
      <object_component id="oc-293">
         <name>.debug_info</name>
         <load_address>0xc22a</load_address>
         <run_address>0xc22a</run_address>
         <size>0x171</size>
         <input_file_ref idref="fl-d8"/>
      </object_component>
      <object_component id="oc-369">
         <name>.debug_info</name>
         <load_address>0xc39b</load_address>
         <run_address>0xc39b</run_address>
         <size>0xee</size>
         <input_file_ref idref="fl-d9"/>
      </object_component>
      <object_component id="oc-2f3">
         <name>.debug_info</name>
         <load_address>0xc489</load_address>
         <run_address>0xc489</run_address>
         <size>0xfa</size>
         <input_file_ref idref="fl-d9"/>
      </object_component>
      <object_component id="oc-371">
         <name>.debug_info</name>
         <load_address>0xc583</load_address>
         <run_address>0xc583</run_address>
         <size>0x290</size>
         <input_file_ref idref="fl-da"/>
      </object_component>
      <object_component id="oc-30f">
         <name>.debug_info</name>
         <load_address>0xc813</load_address>
         <run_address>0xc813</run_address>
         <size>0x1c2</size>
         <input_file_ref idref="fl-da"/>
      </object_component>
      <object_component id="oc-34c">
         <name>.debug_info</name>
         <load_address>0xc9d5</load_address>
         <run_address>0xc9d5</run_address>
         <size>0x28b</size>
         <input_file_ref idref="fl-db"/>
      </object_component>
      <object_component id="oc-2bc">
         <name>.debug_info</name>
         <load_address>0xcc60</load_address>
         <run_address>0xcc60</run_address>
         <size>0x1ab</size>
         <input_file_ref idref="fl-db"/>
      </object_component>
      <object_component id="oc-388">
         <name>.debug_info</name>
         <load_address>0xce0b</load_address>
         <run_address>0xce0b</run_address>
         <size>0x28f</size>
         <input_file_ref idref="fl-dc"/>
      </object_component>
      <object_component id="oc-348">
         <name>.debug_info</name>
         <load_address>0xd09a</load_address>
         <run_address>0xd09a</run_address>
         <size>0x247</size>
         <input_file_ref idref="fl-dc"/>
      </object_component>
      <object_component id="oc-2f1">
         <name>.debug_info</name>
         <load_address>0xd2e1</load_address>
         <run_address>0xd2e1</run_address>
         <size>0x284</size>
         <input_file_ref idref="fl-dd"/>
      </object_component>
      <object_component id="oc-28d">
         <name>.debug_info</name>
         <load_address>0xd565</load_address>
         <run_address>0xd565</run_address>
         <size>0x22a</size>
         <input_file_ref idref="fl-dd"/>
      </object_component>
      <object_component id="oc-379">
         <name>.debug_info</name>
         <load_address>0xd78f</load_address>
         <run_address>0xd78f</run_address>
         <size>0x28f</size>
         <input_file_ref idref="fl-de"/>
      </object_component>
      <object_component id="oc-339">
         <name>.debug_info</name>
         <load_address>0xda1e</load_address>
         <run_address>0xda1e</run_address>
         <size>0x18a</size>
         <input_file_ref idref="fl-de"/>
      </object_component>
      <object_component id="oc-3a1">
         <name>.debug_info</name>
         <load_address>0xdba8</load_address>
         <run_address>0xdba8</run_address>
         <size>0x39</size>
         <input_file_ref idref="fl-de"/>
      </object_component>
      <object_component id="oc-37a">
         <name>.debug_info</name>
         <load_address>0xdbe1</load_address>
         <run_address>0xdbe1</run_address>
         <size>0x2c</size>
         <input_file_ref idref="fl-de"/>
      </object_component>
      <object_component id="oc-386">
         <name>.debug_info</name>
         <load_address>0xdc0d</load_address>
         <run_address>0xdc0d</run_address>
         <size>0x2f2</size>
         <input_file_ref idref="fl-df"/>
      </object_component>
      <object_component id="oc-33f">
         <name>.debug_info</name>
         <load_address>0xdeff</load_address>
         <run_address>0xdeff</run_address>
         <size>0x21a</size>
         <input_file_ref idref="fl-df"/>
      </object_component>
      <object_component id="oc-380">
         <name>.debug_info</name>
         <load_address>0xe119</load_address>
         <run_address>0xe119</run_address>
         <size>0x156</size>
         <input_file_ref idref="fl-e0"/>
      </object_component>
      <object_component id="oc-353">
         <name>.debug_info</name>
         <load_address>0xe26f</load_address>
         <run_address>0xe26f</run_address>
         <size>0x284</size>
         <input_file_ref idref="fl-e1"/>
      </object_component>
      <object_component id="oc-2c4">
         <name>.debug_info</name>
         <load_address>0xe4f3</load_address>
         <run_address>0xe4f3</run_address>
         <size>0x14f</size>
         <input_file_ref idref="fl-e1"/>
      </object_component>
      <object_component id="oc-38b">
         <name>.debug_info</name>
         <load_address>0xe642</load_address>
         <run_address>0xe642</run_address>
         <size>0x46</size>
         <input_file_ref idref="fl-e1"/>
      </object_component>
      <object_component id="oc-34e">
         <name>.debug_info</name>
         <load_address>0xe688</load_address>
         <run_address>0xe688</run_address>
         <size>0x39</size>
         <input_file_ref idref="fl-e1"/>
      </object_component>
      <object_component id="oc-319">
         <name>.debug_info</name>
         <load_address>0xe6c1</load_address>
         <run_address>0xe6c1</run_address>
         <size>0x144</size>
         <input_file_ref idref="fl-e2"/>
      </object_component>
      <object_component id="oc-2a0">
         <name>.debug_info</name>
         <load_address>0xe805</load_address>
         <run_address>0xe805</run_address>
         <size>0x120</size>
         <input_file_ref idref="fl-e3"/>
      </object_component>
      <object_component id="oc-306">
         <name>.debug_info</name>
         <load_address>0xe925</load_address>
         <run_address>0xe925</run_address>
         <size>0x122</size>
         <input_file_ref idref="fl-e3"/>
      </object_component>
      <object_component id="oc-300">
         <name>.debug_info</name>
         <load_address>0xea47</load_address>
         <run_address>0xea47</run_address>
         <size>0x132</size>
         <input_file_ref idref="fl-e4"/>
      </object_component>
      <object_component id="oc-2fb">
         <name>.debug_info</name>
         <load_address>0xeb79</load_address>
         <run_address>0xeb79</run_address>
         <size>0x132</size>
         <input_file_ref idref="fl-e5"/>
      </object_component>
      <object_component id="oc-30a">
         <name>.debug_info</name>
         <load_address>0xecab</load_address>
         <run_address>0xecab</run_address>
         <size>0x126</size>
         <input_file_ref idref="fl-e6"/>
      </object_component>
      <object_component id="oc-314">
         <name>.debug_info</name>
         <load_address>0xedd1</load_address>
         <run_address>0xedd1</run_address>
         <size>0x124</size>
         <input_file_ref idref="fl-e7"/>
      </object_component>
      <object_component id="oc-358">
         <name>.debug_info</name>
         <load_address>0xeef5</load_address>
         <run_address>0xeef5</run_address>
         <size>0x27e</size>
         <input_file_ref idref="fl-e8"/>
      </object_component>
      <object_component id="oc-355">
         <name>.debug_info</name>
         <load_address>0xf173</load_address>
         <run_address>0xf173</run_address>
         <size>0x103</size>
         <input_file_ref idref="fl-e8"/>
      </object_component>
      <object_component id="oc-2ca">
         <name>.debug_info</name>
         <load_address>0xf276</load_address>
         <run_address>0xf276</run_address>
         <size>0x143</size>
         <input_file_ref idref="fl-e8"/>
      </object_component>
      <object_component id="oc-1f5">
         <name>.debug_info</name>
         <load_address>0xf3b9</load_address>
         <run_address>0xf3b9</run_address>
         <size>0x19d</size>
         <input_file_ref idref="fl-e9"/>
      </object_component>
      <object_component id="oc-157">
         <name>.debug_info</name>
         <load_address>0xf556</load_address>
         <run_address>0xf556</run_address>
         <size>0x261</size>
         <input_file_ref idref="fl-e9"/>
      </object_component>
      <object_component id="oc-15d">
         <name>.debug_info</name>
         <load_address>0xf7b7</load_address>
         <run_address>0xf7b7</run_address>
         <size>0x277</size>
         <input_file_ref idref="fl-e9"/>
      </object_component>
      <object_component id="oc-163">
         <name>.debug_info</name>
         <load_address>0xfa2e</load_address>
         <run_address>0xfa2e</run_address>
         <size>0x227</size>
         <input_file_ref idref="fl-e9"/>
      </object_component>
      <object_component id="oc-169">
         <name>.debug_info</name>
         <load_address>0xfc55</load_address>
         <run_address>0xfc55</run_address>
         <size>0x221</size>
         <input_file_ref idref="fl-e9"/>
      </object_component>
      <object_component id="oc-227">
         <name>.debug_info</name>
         <load_address>0xfe76</load_address>
         <run_address>0xfe76</run_address>
         <size>0x227</size>
         <input_file_ref idref="fl-ea"/>
      </object_component>
      <object_component id="oc-222">
         <name>.debug_info</name>
         <load_address>0x1009d</load_address>
         <run_address>0x1009d</run_address>
         <size>0x247</size>
         <input_file_ref idref="fl-ea"/>
      </object_component>
      <object_component id="oc-21c">
         <name>.debug_info</name>
         <load_address>0x102e4</load_address>
         <run_address>0x102e4</run_address>
         <size>0x249</size>
         <input_file_ref idref="fl-ea"/>
      </object_component>
      <object_component id="oc-197">
         <name>.debug_info</name>
         <load_address>0x1052d</load_address>
         <run_address>0x1052d</run_address>
         <size>0x326</size>
         <input_file_ref idref="fl-ea"/>
      </object_component>
      <object_component id="oc-19d">
         <name>.debug_info</name>
         <load_address>0x10853</load_address>
         <run_address>0x10853</run_address>
         <size>0x273</size>
         <input_file_ref idref="fl-ea"/>
      </object_component>
      <object_component id="oc-1a3">
         <name>.debug_info</name>
         <load_address>0x10ac6</load_address>
         <run_address>0x10ac6</run_address>
         <size>0x24d</size>
         <input_file_ref idref="fl-ea"/>
      </object_component>
      <object_component id="oc-3d8">
         <name>.debug_info</name>
         <load_address>0x10d13</load_address>
         <run_address>0x10d13</run_address>
         <size>0xa7</size>
      </object_component>
      <object_component id="oc-123">
         <name>.debug_line</name>
         <load_address>0x0</load_address>
         <run_address>0x0</run_address>
         <size>0x6f</size>
         <input_file_ref idref="fl-2"/>
      </object_component>
      <object_component id="oc-1b7">
         <name>.debug_line</name>
         <load_address>0x6f</load_address>
         <run_address>0x6f</run_address>
         <size>0x30</size>
         <input_file_ref idref="fl-2"/>
      </object_component>
      <object_component id="oc-1b5">
         <name>.debug_line</name>
         <load_address>0x9f</load_address>
         <run_address>0x9f</run_address>
         <size>0x30</size>
         <input_file_ref idref="fl-2"/>
      </object_component>
      <object_component id="oc-9d">
         <name>.debug_line</name>
         <load_address>0xcf</load_address>
         <run_address>0xcf</run_address>
         <size>0xe5</size>
         <input_file_ref idref="fl-2"/>
      </object_component>
      <object_component id="oc-70">
         <name>.debug_line</name>
         <load_address>0x1b4</load_address>
         <run_address>0x1b4</run_address>
         <size>0x70</size>
         <input_file_ref idref="fl-2"/>
      </object_component>
      <object_component id="oc-b2">
         <name>.debug_line</name>
         <load_address>0x224</load_address>
         <run_address>0x224</run_address>
         <size>0x20</size>
         <input_file_ref idref="fl-2"/>
      </object_component>
      <object_component id="oc-ad">
         <name>.debug_line</name>
         <load_address>0x244</load_address>
         <run_address>0x244</run_address>
         <size>0x74</size>
         <input_file_ref idref="fl-2"/>
      </object_component>
      <object_component id="oc-75">
         <name>.debug_line</name>
         <load_address>0x2b8</load_address>
         <run_address>0x2b8</run_address>
         <size>0x71</size>
         <input_file_ref idref="fl-2"/>
      </object_component>
      <object_component id="oc-24d">
         <name>.debug_line</name>
         <load_address>0x329</load_address>
         <run_address>0x329</run_address>
         <size>0x6b</size>
         <input_file_ref idref="fl-2"/>
      </object_component>
      <object_component id="oc-1b2">
         <name>.debug_line</name>
         <load_address>0x394</load_address>
         <run_address>0x394</run_address>
         <size>0x6c</size>
         <input_file_ref idref="fl-2"/>
      </object_component>
      <object_component id="oc-1e4">
         <name>.debug_line</name>
         <load_address>0x400</load_address>
         <run_address>0x400</run_address>
         <size>0xd0</size>
         <input_file_ref idref="fl-3"/>
      </object_component>
      <object_component id="oc-ca">
         <name>.debug_line</name>
         <load_address>0x4d0</load_address>
         <run_address>0x4d0</run_address>
         <size>0x129</size>
         <input_file_ref idref="fl-3"/>
      </object_component>
      <object_component id="oc-6c">
         <name>.debug_line</name>
         <load_address>0x5f9</load_address>
         <run_address>0x5f9</run_address>
         <size>0x41</size>
         <input_file_ref idref="fl-4"/>
      </object_component>
      <object_component id="oc-2b">
         <name>.debug_line</name>
         <load_address>0x63a</load_address>
         <run_address>0x63a</run_address>
         <size>0x41</size>
         <input_file_ref idref="fl-4"/>
      </object_component>
      <object_component id="oc-29">
         <name>.debug_line</name>
         <load_address>0x67b</load_address>
         <run_address>0x67b</run_address>
         <size>0xa1</size>
         <input_file_ref idref="fl-4"/>
      </object_component>
      <object_component id="oc-36">
         <name>.debug_line</name>
         <load_address>0x71c</load_address>
         <run_address>0x71c</run_address>
         <size>0x20</size>
         <input_file_ref idref="fl-4"/>
      </object_component>
      <object_component id="oc-c2">
         <name>.debug_line</name>
         <load_address>0x73c</load_address>
         <run_address>0x73c</run_address>
         <size>0x9e</size>
         <input_file_ref idref="fl-c0"/>
      </object_component>
      <object_component id="oc-47">
         <name>.debug_line</name>
         <load_address>0x7da</load_address>
         <run_address>0x7da</run_address>
         <size>0x4f</size>
         <input_file_ref idref="fl-c0"/>
      </object_component>
      <object_component id="oc-89">
         <name>.debug_line</name>
         <load_address>0x829</load_address>
         <run_address>0x829</run_address>
         <size>0x34</size>
         <input_file_ref idref="fl-c0"/>
      </object_component>
      <object_component id="oc-bf">
         <name>.debug_line</name>
         <load_address>0x85d</load_address>
         <run_address>0x85d</run_address>
         <size>0x8a</size>
         <input_file_ref idref="fl-c0"/>
      </object_component>
      <object_component id="oc-84">
         <name>.debug_line</name>
         <load_address>0x8e7</load_address>
         <run_address>0x8e7</run_address>
         <size>0x20</size>
         <input_file_ref idref="fl-c1"/>
      </object_component>
      <object_component id="oc-19">
         <name>.debug_line</name>
         <load_address>0x907</load_address>
         <run_address>0x907</run_address>
         <size>0x55</size>
         <input_file_ref idref="fl-c1"/>
      </object_component>
      <object_component id="oc-41">
         <name>.debug_line</name>
         <load_address>0x95c</load_address>
         <run_address>0x95c</run_address>
         <size>0x3a</size>
         <input_file_ref idref="fl-c1"/>
      </object_component>
      <object_component id="oc-81">
         <name>.debug_line</name>
         <load_address>0x996</load_address>
         <run_address>0x996</run_address>
         <size>0x8a</size>
         <input_file_ref idref="fl-c1"/>
      </object_component>
      <object_component id="oc-bb">
         <name>.debug_line</name>
         <load_address>0xa20</load_address>
         <run_address>0xa20</run_address>
         <size>0x20</size>
         <input_file_ref idref="fl-c2"/>
      </object_component>
      <object_component id="oc-17">
         <name>.debug_line</name>
         <load_address>0xa40</load_address>
         <run_address>0xa40</run_address>
         <size>0xa9</size>
         <input_file_ref idref="fl-c2"/>
      </object_component>
      <object_component id="oc-31">
         <name>.debug_line</name>
         <load_address>0xae9</load_address>
         <run_address>0xae9</run_address>
         <size>0x3a</size>
         <input_file_ref idref="fl-c2"/>
      </object_component>
      <object_component id="oc-b8">
         <name>.debug_line</name>
         <load_address>0xb23</load_address>
         <run_address>0xb23</run_address>
         <size>0x92</size>
         <input_file_ref idref="fl-c2"/>
      </object_component>
      <object_component id="oc-7a">
         <name>.debug_line</name>
         <load_address>0xbb5</load_address>
         <run_address>0xbb5</run_address>
         <size>0x8e</size>
         <input_file_ref idref="fl-c2"/>
      </object_component>
      <object_component id="oc-69">
         <name>.debug_line</name>
         <load_address>0xc43</load_address>
         <run_address>0xc43</run_address>
         <size>0x33</size>
         <input_file_ref idref="fl-c3"/>
      </object_component>
      <object_component id="oc-57">
         <name>.debug_line</name>
         <load_address>0xc76</load_address>
         <run_address>0xc76</run_address>
         <size>0x56</size>
         <input_file_ref idref="fl-c3"/>
      </object_component>
      <object_component id="oc-e6">
         <name>.debug_line</name>
         <load_address>0xccc</load_address>
         <run_address>0xccc</run_address>
         <size>0x3c</size>
         <input_file_ref idref="fl-c4"/>
      </object_component>
      <object_component id="oc-90">
         <name>.debug_line</name>
         <load_address>0xd08</load_address>
         <run_address>0xd08</run_address>
         <size>0x79</size>
         <input_file_ref idref="fl-c7"/>
      </object_component>
      <object_component id="oc-3c">
         <name>.debug_line</name>
         <load_address>0xd81</load_address>
         <run_address>0xd81</run_address>
         <size>0x88</size>
         <input_file_ref idref="fl-c8"/>
      </object_component>
      <object_component id="oc-25e">
         <name>.debug_line</name>
         <load_address>0xe09</load_address>
         <run_address>0xe09</run_address>
         <size>0xb7</size>
         <input_file_ref idref="fl-c9"/>
      </object_component>
      <object_component id="oc-f4">
         <name>.debug_line</name>
         <load_address>0xec0</load_address>
         <run_address>0xec0</run_address>
         <size>0x6c</size>
         <input_file_ref idref="fl-c9"/>
      </object_component>
      <object_component id="oc-262">
         <name>.debug_line</name>
         <load_address>0xf2c</load_address>
         <run_address>0xf2c</run_address>
         <size>0x2e</size>
         <input_file_ref idref="fl-c9"/>
      </object_component>
      <object_component id="oc-2e3">
         <name>.debug_line</name>
[...]
            <available_space>
               <start_address>0x20000724</start_address>
               <size>0x78dc</size>
            </available_space>
         </usage_details>
      </memory_area>
   </placement_map>
   <cptbl_list>
      <cptbl>
         <name>__TI_cinit_table</name>
         <cprec>
            <name>.data</name>
            <load_address>0x3188</load_address>
            <load_size>0x1a</load_size>
            <run_address>0x200006f4</run_address>
            <run_size>0x30</run_size>
            <compression>lzss</compression>
         </cprec>
         <cprec>
            <name>.bss</name>
            <load_address>0x31b0</load_address>
            <load_size>0x8</load_size>
            <run_address>0x20000670</run_address>
            <run_size>0x84</run_size>
            <compression>zero_init</compression>
         </cprec>
         <cprec>
            <name>.vtable</name>
            <load_address>0x31b8</load_address>
            <load_size>0x8</load_size>
            <run_address>0x20000000</run_address>
            <run_size>0x26c</run_size>
            <compression>zero_init</compression>
         </cprec>
      </cptbl>
   </cptbl_list>
   <handler_table>
      <handler_table_name>__TI_handler_table</handler_table_name>
      <handler>
         <index>0x0</index>
         <name>__TI_zero_init</name>
      </handler>
      <handler>
         <index>0x1</index>
         <name>__TI_decompress_lzss</name>
      </handler>
      <handler>
         <index>0x2</index>
         <name>__TI_decompress_none</name>
      </handler>
   </handler_table>
   <symbol_table>
      <symbol id="sm-1">
         <name>__STACK_TOP</name>
         <value>0x20000470</value>
      </symbol>
      <symbol id="sm-2">
         <name>__TI_CINIT_Base</name>
         <value>0x31c0</value>
      </symbol>
      <symbol id="sm-3">
         <name>__TI_CINIT_Limit</name>
         <value>0x31d8</value>
      </symbol>
      <symbol id="sm-4">
         <name>__TI_Handler_Table_Base</name>
         <value>0x31a4</value>
      </symbol>
      <symbol id="sm-5">
         <name>__TI_Handler_Table_Limit</name>
         <value>0x31b0</value>
      </symbol>
      <symbol id="sm-6">
         <name>binit</name>
         <value>0xffffffff</value>
      </symbol>
      <symbol id="sm-7">
         <name>__binit__</name>
         <value>0xffffffff</value>
      </symbol>
      <symbol id="sm-8">
         <name>__STACK_SIZE</name>
         <value>0x400</value>
      </symbol>
      <symbol id="sm-9">
         <name>__STACK_END</name>
         <value>0x20000670</value>
      </symbol>
      <symbol id="sm-a">
         <name>__c_args__</name>
         <value>0xffffffff</value>
      </symbol>
      <symbol id="sm-b">
         <name>__TI_pprof_out_hndl</name>
         <value>0xffffffff</value>
      </symbol>
      <symbol id="sm-c">
         <name>__TI_prof_data_start</name>
         <value>0xffffffff</value>
      </symbol>
      <symbol id="sm-d">
         <name>__TI_prof_data_size</name>
         <value>0xffffffff</value>
      </symbol>
      <symbol id="sm-7d">
         <name>x</name>
         <value>0x20000704</value>
         <object_component_ref idref="oc-dd"/>
      </symbol>
      <symbol id="sm-7e">
         <name>n</name>
         <value>0x200006f8</value>
         <object_component_ref idref="oc-dd"/>
      </symbol>
      <symbol id="sm-7f">
         <name>m</name>
         <value>0x200006fc</value>
         <object_component_ref idref="oc-dd"/>
      </symbol>
      <symbol id="sm-80">
         <name>l</name>
         <value>0x20000708</value>
         <object_component_ref idref="oc-dd"/>
      </symbol>
      <symbol id="sm-81">
         <name>d</name>
         <value>0x20000700</value>
         <object_component_ref idref="oc-dd"/>
      </symbol>
      <symbol id="sm-82">
         <name>checkPushButton</name>
         <value>0x17c5</value>
         <object_component_ref idref="oc-98"/>
      </symbol>
      <symbol id="sm-83">
         <name>main</name>
         <value>0x183d</value>
         <object_component_ref idref="oc-98"/>
      </symbol>
      <symbol id="sm-84">
         <name>clockUpdate</name>
         <value>0x16d9</value>
         <object_component_ref idref="oc-98"/>
      </symbol>
      <symbol id="sm-a3">
         <name>seg7Init</name>
         <value>0x130d</value>
         <object_component_ref idref="oc-c5"/>
      </symbol>
      <symbol id="sm-a4">
         <name>seg7Update</name>
         <value>0x1499</value>
         <object_component_ref idref="oc-c5"/>
      </symbol>
      <symbol id="sm-c5">
         <name>ResetISR</name>
         <value>0x2f3f</value>
         <object_component_ref idref="oc-24"/>
      </symbol>
      <symbol id="sm-c6">
         <name>g_pfnVectors</name>
         <value>0x0</value>
         <object_component_ref idref="oc-f"/>
      </symbol>
      <symbol id="sm-df">
         <name>__TI_zero_init_nomemset</name>
         <value>0x2efd</value>
         <object_component_ref idref="oc-44"/>
      </symbol>
      <symbol id="sm-f6">
         <name>__TI_decompress_none</name>
         <value>0x2f31</value>
         <object_component_ref idref="oc-18"/>
      </symbol>
      <symbol id="sm-119">
         <name>__TI_decompress_lzss</name>
         <value>0x28fd</value>
         <object_component_ref idref="oc-12"/>
      </symbol>
      <symbol id="sm-12c">
         <name>__stack</name>
         <value>0x20000270</value>
         <object_component_ref idref="oc-21"/>
      </symbol>
      <symbol id="sm-12d">
         <name>_c_int00_noargs</name>
         <value>0x2cad</value>
         <object_component_ref idref="oc-56"/>
      </symbol>
      <symbol id="sm-138">
         <name>C$$EXIT</name>
         <value>0x2f7f</value>
         <object_component_ref idref="oc-e4"/>
      </symbol>
      <symbol id="sm-139">
         <name>abort</name>
         <value>0x2f7f</value>
         <object_component_ref idref="oc-e4"/>
      </symbol>
      <symbol id="sm-14a">
         <name>__aeabi_memset</name>
         <value>0x2817</value>
         <object_component_ref idref="oc-8c"/>
      </symbol>
      <symbol id="sm-14b">
         <name>memset</name>
         <value>0x281d</value>
         <object_component_ref idref="oc-8c"/>
      </symbol>
      <symbol id="sm-14c">
         <name>__aeabi_memset8</name>
         <value>0x2817</value>
         <object_component_ref idref="oc-8c"/>
      </symbol>
      <symbol id="sm-14d">
         <name>__aeabi_memset4</name>
         <value>0x2817</value>
         <object_component_ref idref="oc-8c"/>
      </symbol>
      <symbol id="sm-14e">
         <name>__aeabi_memclr8</name>
         <value>0x2815</value>
         <object_component_ref idref="oc-8c"/>
      </symbol>
      <symbol id="sm-14f">
         <name>__aeabi_memclr4</name>
         <value>0x2815</value>
         <object_component_ref idref="oc-8c"/>
      </symbol>
      <symbol id="sm-150">
         <name>__aeabi_memclr</name>
         <value>0x2815</value>
         <object_component_ref idref="oc-8c"/>
      </symbol>
      <symbol id="sm-16b">
         <name>memcpy</name>
         <value>0x2549</value>
         <object_component_ref idref="oc-38"/>
      </symbol>
      <symbol id="sm-16c">
         <name>__aeabi_memcpy</name>
         <value>0x2549</value>
         <object_component_ref idref="oc-38"/>
      </symbol>
      <symbol id="sm-16d">
         <name>__aeabi_memcpy8</name>
         <value>0x2549</value>
         <object_component_ref idref="oc-38"/>
      </symbol>
      <symbol id="sm-16e">
         <name>__aeabi_memcpy4</name>
         <value>0x2549</value>
         <object_component_ref idref="oc-38"/>
      </symbol>
      <symbol id="sm-196">
         <name>__TI_auto_init_nobinit_nopinit</name>
         <value>0x2be9</value>
         <object_component_ref idref="oc-f0"/>
      </symbol>
      <symbol id="sm-1a0">
         <name>_system_pre_init</name>
         <value>0x2f7b</value>
         <object_component_ref idref="oc-92"/>
      </symbol>
      <symbol id="sm-1f8">
         <name>GPIOPinConfigure</name>
         <value>0x2b11</value>
         <object_component_ref idref="oc-189"/>
      </symbol>
      <symbol id="sm-1f9">
         <name>GPIOPinTypeGPIOInput</name>
         <value>0x2ed9</value>
         <object_component_ref idref="oc-179"/>
      </symbol>
      <symbol id="sm-1fa">
         <name>GPIOPinTypeUART</name>
         <value>0x2eeb</value>
         <object_component_ref idref="oc-18f"/>
      </symbol>
      <symbol id="sm-1fb">
         <name>GPIOPinTypeGPIOOutput</name>
         <value>0x2e2d</value>
         <object_component_ref idref="oc-1ff"/>
      </symbol>
      <symbol id="sm-1fc">
         <name>GPIOPinRead</name>
         <value>0x2f69</value>
         <object_component_ref idref="oc-17f"/>
      </symbol>
      <symbol id="sm-1fd">
         <name>GPIODirModeSet</name>
         <value>0x2dab</value>
         <object_component_ref idref="oc-130"/>
      </symbol>
      <symbol id="sm-1fe">
         <name>GPIOPinWrite</name>
         <value>0x2f6f</value>
         <object_component_ref idref="oc-136"/>
      </symbol>
      <symbol id="sm-1ff">
         <name>GPIOPadConfigSet</name>
         <value>0x1cd3</value>
         <object_component_ref idref="oc-12a"/>
      </symbol>
      <symbol id="sm-216">
         <name>IntRegister</name>
         <value>0x2ce5</value>
         <object_component_ref idref="oc-1f6"/>
      </symbol>
      <symbol id="sm-217">
         <name>g_pfnRAMVectors</name>
         <value>0x20000000</value>
         <object_component_ref idref="oc-27e"/>
      </symbol>
      <symbol id="sm-269">
         <name>SysCtlClockSet</name>
         <value>0x2241</value>
         <object_component_ref idref="oc-14a"/>
      </symbol>
      <symbol id="sm-26a">
         <name>SysCtlDelay</name>
         <value>0x2f75</value>
         <object_component_ref idref="oc-149"/>
      </symbol>
      <symbol id="sm-26b">
         <name>SysCtlPeripheralEnable</name>
         <value>0x2d19</value>
         <object_component_ref idref="oc-124"/>
      </symbol>
      <symbol id="sm-26c">
         <name>SysCtlClockGet</name>
         <value>0x1f25</value>
         <object_component_ref idref="oc-150"/>
      </symbol>
      <symbol id="sm-2ca">
         <name>schdExecute</name>
         <value>0xe75</value>
         <object_component_ref idref="oc-cb"/>
      </symbol>
      <symbol id="sm-2cb">
         <name>sysTimeWaitAbsolute</name>
         <value>0xdaf</value>
         <object_component_ref idref="oc-cb"/>
      </symbol>
      <symbol id="sm-2cc">
         <name>lpInit</name>
         <value>0xfd7</value>
         <object_component_ref idref="oc-cb"/>
      </symbol>
      <symbol id="sm-2cd">
         <name>sysTimeGet</name>
         <value>0xd5f</value>
         <object_component_ref idref="oc-cb"/>
      </symbol>
      <symbol id="sm-2ce">
         <name>sysTimeReached</name>
         <value>0xd65</value>
         <object_component_ref idref="oc-cb"/>
      </symbol>
      <symbol id="sm-2cf">
         <name>waitUs</name>
         <value>0xfa9</value>
         <object_component_ref idref="oc-cb"/>
      </symbol>
      <symbol id="sm-2d0">
         <name>sysTimeWait</name>
         <value>0xd8b</value>
         <object_component_ref idref="oc-cb"/>
      </symbol>
      <symbol id="sm-2d1">
         <name>schdCallback</name>
         <value>0xdfb</value>
         <object_component_ref idref="oc-cb"/>
      </symbol>
      <symbol id="sm-2d2">
         <name>waitMs</name>
         <value>0xf79</value>
         <object_component_ref idref="oc-cb"/>
      </symbol>
      <symbol id="sm-2ed">
         <name>ledInit</name>
         <value>0x24cf</value>
         <object_component_ref idref="oc-16e"/>
      </symbol>
      <symbol id="sm-2ee">
         <name>ledInitForced</name>
         <value>0x24ad</value>
         <object_component_ref idref="oc-16e"/>
      </symbol>
      <symbol id="sm-2ef">
         <name>ledTurnOnOff</name>
         <value>0x24e3</value>
         <object_component_ref idref="oc-16e"/>
      </symbol>
      <symbol id="sm-30d">
         <name>pbInitForced</name>
         <value>0x267d</value>
         <object_component_ref idref="oc-d1"/>
      </symbol>
      <symbol id="sm-30e">
         <name>pbInit</name>
         <value>0x26b1</value>
         <object_component_ref idref="oc-d1"/>
      </symbol>
      <symbol id="sm-30f">
         <name>pbRead</name>
         <value>0x26c5</value>
         <object_component_ref idref="oc-d1"/>
      </symbol>
      <symbol id="sm-326">
         <name>uartPutString</name>
         <value>0x2393</value>
         <object_component_ref idref="oc-d7"/>
      </symbol>
      <symbol id="sm-327">
         <name>uprintf</name>
         <value>0x23bf</value>
         <object_component_ref idref="oc-d7"/>
      </symbol>
      <symbol id="sm-328">
         <name>uartInit</name>
         <value>0x2335</value>
         <object_component_ref idref="oc-d7"/>
      </symbol>
      <symbol id="sm-329">
         <name>uartPutChar</name>
         <value>0x236f</value>
         <object_component_ref idref="oc-d7"/>
      </symbol>
      <symbol id="sm-32a">
         <name>uartGetChar</name>
         <value>0x2381</value>
         <object_component_ref idref="oc-d7"/>
      </symbol>
      <symbol id="sm-337">
         <name>__aeabi_uldivmod</name>
         <value>0x25e5</value>
         <object_component_ref idref="oc-144"/>
      </symbol>
      <symbol id="sm-366">
         <name>vsnprintf</name>
         <value>0x2c2d</value>
         <object_component_ref idref="oc-1a7"/>
      </symbol>
      <symbol id="sm-370">
         <name>__aeabi_idiv0</name>
         <value>0xccb</value>
         <object_component_ref idref="oc-1e9"/>
      </symbol>
      <symbol id="sm-371">
         <name>__aeabi_ldiv0</name>
         <value>0xccb</value>
         <object_component_ref idref="oc-1e9"/>
      </symbol>
      <symbol id="sm-4d6">
         <name>__TI_printfi</name>
         <value>0x26d</value>
         <object_component_ref idref="oc-22a"/>
      </symbol>
      <symbol id="sm-4ec">
         <name>atoi</name>
         <value>0x2ac5</value>
         <object_component_ref idref="oc-292"/>
      </symbol>
      <symbol id="sm-4f7">
         <name>_ctypes_</name>
         <value>0x2f84</value>
         <object_component_ref idref="oc-2f2"/>
      </symbol>
      <symbol id="sm-506">
         <name>ltoa</name>
         <value>0x2a1f</value>
         <object_component_ref idref="oc-30d"/>
      </symbol>
      <symbol id="sm-516">
         <name>memccpy</name>
         <value>0x2e11</value>
         <object_component_ref idref="oc-2bb"/>
      </symbol>
      <symbol id="sm-526">
         <name>strchr</name>
         <value>0x2e5d</value>
         <object_component_ref idref="oc-344"/>
      </symbol>
      <symbol id="sm-534">
         <name>strlen</name>
         <value>0x2ec5</value>
         <object_component_ref idref="oc-28c"/>
      </symbol>
      <symbol id="sm-554">
         <name>frexpl</name>
         <value>0x2965</value>
         <object_component_ref idref="oc-338"/>
      </symbol>
      <symbol id="sm-555">
         <name>frexp</name>
         <value>0x2965</value>
         <object_component_ref idref="oc-338"/>
      </symbol>
      <symbol id="sm-572">
         <name>scalbn</name>
         <value>0x2035</value>
         <object_component_ref idref="oc-33e"/>
      </symbol>
      <symbol id="sm-573">
         <name>scalbnl</name>
         <value>0x2035</value>
         <object_component_ref idref="oc-33e"/>
      </symbol>
      <symbol id="sm-574">
         <name>ldexpl</name>
         <value>0x2035</value>
         <object_component_ref idref="oc-33e"/>
      </symbol>
      <symbol id="sm-575">
         <name>ldexp</name>
         <value>0x2035</value>
         <object_component_ref idref="oc-33e"/>
      </symbol>
      <symbol id="sm-57f">
         <name>copysign</name>
         <value>0x2eb1</value>
         <object_component_ref idref="oc-37f"/>
      </symbol>
      <symbol id="sm-580">
         <name>copysignl</name>
         <value>0x2eb1</value>
         <object_component_ref idref="oc-37f"/>
      </symbol>
      <symbol id="sm-599">
         <name>wcslen</name>
         <value>0x2f0f</value>
         <object_component_ref idref="oc-2c1"/>
      </symbol>
      <symbol id="sm-5b0">
         <name>__aeabi_dsub</name>
         <value>0x18a9</value>
         <object_component_ref idref="oc-318"/>
      </symbol>
      <symbol id="sm-5b1">
         <name>__aeabi_dadd</name>
         <value>0x18b3</value>
         <object_component_ref idref="oc-318"/>
      </symbol>
      <symbol id="sm-5d3">
         <name>__aeabi_cdcmpeq</name>
         <value>0x2709</value>
         <object_component_ref idref="oc-29e"/>
      </symbol>
      <symbol id="sm-5d4">
         <name>__aeabi_cdcmple</name>
         <value>0x2709</value>
         <object_component_ref idref="oc-29e"/>
      </symbol>
      <symbol id="sm-5d5">
         <name>__aeabi_cdrcmple</name>
         <value>0x278f</value>
         <object_component_ref idref="oc-303"/>
      </symbol>
      <symbol id="sm-5e9">
         <name>__aeabi_ddiv</name>
         <value>0x1b9d</value>
         <object_component_ref idref="oc-2fe"/>
      </symbol>
      <symbol id="sm-5f4">
         <name>__aeabi_dmul</name>
         <value>0x2145</value>
         <object_component_ref idref="oc-2f9"/>
      </symbol>
      <symbol id="sm-5fe">
         <name>__aeabi_d2iz</name>
         <value>0x2b59</value>
         <object_component_ref idref="oc-308"/>
      </symbol>
      <symbol id="sm-608">
         <name>__aeabi_i2d</name>
         <value>0x2d7d</value>
         <object_component_ref idref="oc-313"/>
      </symbol>
      <symbol id="sm-61e">
         <name>__aeabi_errno_addr</name>
         <value>0x2f61</value>
         <object_component_ref idref="oc-2c7"/>
      </symbol>
      <symbol id="sm-61f">
         <name>errno</name>
         <value>0x20000720</value>
         <object_component_ref idref="oc-354"/>
      </symbol>
      <symbol id="sm-64c">
         <name>SysTickEnable</name>
         <value>0x2e75</value>
         <object_component_ref idref="oc-168"/>
      </symbol>
      <symbol id="sm-64d">
         <name>SysTickIntRegister</name>
         <value>0x2df5</value>
         <object_component_ref idref="oc-15c"/>
      </symbol>
      <symbol id="sm-64e">
         <name>SysTickIntEnable</name>
         <value>0x2e89</value>
         <object_component_ref idref="oc-162"/>
      </symbol>
      <symbol id="sm-64f">
         <name>SysTickPeriodSet</name>
         <value>0x2f21</value>
         <object_component_ref idref="oc-156"/>
      </symbol>
      <symbol id="sm-682">
         <name>UARTConfigSetExpClk</name>
         <value>0x2ba1</value>
         <object_component_ref idref="oc-195"/>
      </symbol>
      <symbol id="sm-683">
         <name>UARTDisable</name>
         <value>0x2dd5</value>
         <object_component_ref idref="oc-21a"/>
      </symbol>
      <symbol id="sm-684">
         <name>UARTCharPut</name>
         <value>0x2f55</value>
         <object_component_ref idref="oc-19b"/>
      </symbol>
      <symbol id="sm-685">
         <name>UARTEnable</name>
         <value>0x2e9d</value>
         <object_component_ref idref="oc-220"/>
      </symbol>
      <symbol id="sm-686">
         <name>UARTCharGet</name>
         <value>0x2f4b</value>
         <object_component_ref idref="oc-1a1"/>
      </symbol>
      <symbol id="sm-687">
         <name>__TI_static_base__</name>
         <value>0x0</value>
      </symbol>
      <symbol id="sm-68a">
         <name>__mpu_init</name>
         <value>0x0</value>
      </symbol>
      <symbol id="sm-68b">
         <name>_system_post_cinit</name>
         <value>0x0</value>
      </symbol>
   </symbol_table>
   <title>Link successful</title>
</link_info>
