******************************************************************************
                  TI ARM Linker PC v18.1.2                     
******************************************************************************
>> Linked Tue Feb 12 12:50:50 2019

OUTPUT FILE NAME:   <Lab2.out>
ENTRY POINT SYMBOL: "_c_int00_noargs"  address: 00002cad


MEMORY CONFIGURATION

         name            origin    length      used     unused   attr    fill
----------------------  --------  ---------  --------  --------  ----  --------
  FLASH                 00000000   00040000  000031d2  0003ce2e  R  X
  SRAM                  20000000   00008000  00000720  000078e0  RW X


SEGMENT ALLOCATION MAP

run origin  load origin   length   init length attrs members
----------  ----------- ---------- ----------- ----- -------
00000000    00000000    000031d8   000031d8    r-x
  00000000    00000000    0000026c   0000026c    r-- .intvecs
  0000026c    0000026c    00002d16   00002d16    r-x .text
  00002f84    00002f84    00000200   00000200    r-- .const
  00003188    00003188    00000050   00000050    r-- .cinit
20000000    20000000    00000724   00000000    rw-
  20000000    20000000    0000026c   00000000    rw- .vtable
  20000270    20000270    00000400   00000000    rw- .stack
  20000670    20000670    00000084   00000000    rw- .bss
  200006f4    200006f4    00000030   00000000    rw- .data


SECTION ALLOCATION MAP

 output                                  attributes/
section   page    origin      length       input sections
--------  ----  ----------  ----------   ----------------
.intvecs   0    00000000    0000026c     
                  00000000    0000026c     tm4c123gh6pm_startup_ccs.obj (.intvecs)

.text      0    0000026c    00002d16     
                  0000026c    00000a5e     rtsv7M4_T_le_v4SPD16_eabi.lib : _printfi.c.obj (.text:__TI_printfi)
                  00000cca    00000002                                   : div0.asm.obj (.text)
                  00000ccc    000003d0     Util2.lib : launchpad.obj (.text)
                  0000109c    00000270     rtsv7M4_T_le_v4SPD16_eabi.lib : _printfi.c.obj (.text:_pconv_a)
                  0000130c    000001fc     seg7.obj (.text)
                  00001508    000001d0     rtsv7M4_T_le_v4SPD16_eabi.lib : _printfi.c.obj (.text:_pconv_g)
                  000016d8    000001d0     main(1).obj (.text)
                  000018a8    000001b6     rtsv7M4_T_le_v4SPD16_eabi.lib : fd_add_t2.asm.obj (.text)
                  00001a5e    00000002     --HOLE-- [fill = 0]
                  00001a60    0000013c                                   : _printfi.c.obj (.text:_pconv_e)
                  00001b9c    00000136                                   : fd_div_t2.asm.obj (.text)
                  00001cd2    00000132     driverlib.lib : gpio.obj (.text:GPIOPadConfigSet)
                  00001e04    00000120     rtsv7M4_T_le_v4SPD16_eabi.lib : _printfi.c.obj (.text:fcvt)
                  00001f24    00000110     driverlib.lib : sysctl.obj (.text:SysCtlClockGet)
                  00002034    00000110     rtsv7M4_T_le_v4SPD16_eabi.lib : s_scalbn.c.obj (.text:scalbn)
                  00002144    000000fc                                   : fd_mul_t2.asm.obj (.text)
                  00002240    000000f4     driverlib.lib : sysctl.obj (.text:SysCtlClockSet)
                  00002334    000000c4     Util2.lib : uart.obj (.text)
                  000023f8    000000b1     rtsv7M4_T_le_v4SPD16_eabi.lib : _printfi.c.obj (.text:_ltostr)
                  000024a9    00000003     --HOLE-- [fill = 0]
                  000024ac    0000009c     Util2.lib : led.obj (.text)
                  00002548    0000009c     rtsv7M4_T_le_v4SPD16_eabi.lib : memcpy_t2.asm.obj (.text)
                  000025e4    00000096                                   : ull_div_t2.asm.obj (.text)
                  0000267a    00000002     --HOLE-- [fill = 0]
                  0000267c    0000008c     Util2.lib : pushbutton.obj (.text)
                  00002708    00000086     rtsv7M4_T_le_v4SPD16_eabi.lib : fd_cmp_t2.asm.obj (.text:__aeabi_cdcmple)
                  0000278e    00000086                                   : fd_cmp_t2.asm.obj (.text:__aeabi_cdrcmple)
                  00002814    0000007a                                   : memset_t2.asm.obj (.text)
                  0000288e    0000006e                                   : _printfi.c.obj (.text:_mcpy)
                  000028fc    00000068                                   : copy_decompress_lzss.c.obj (.text:decompress:lzss:__TI_decompress_lzss)
                  00002964    00000064                                   : s_frexp.c.obj (.text:frexp)
                  000029c8    00000056                                   : _printfi.c.obj (.text:_pconv_f)
                  00002a1e    00000054                                   : ltoa.c.obj (.text:ltoa)
                  00002a72    00000052                                   : _printfi.c.obj (.text:_ecpy)
                  00002ac4    0000004c                                   : atoi.c.obj (.text:atoi)
                  00002b10    00000048     driverlib.lib : gpio.obj (.text:GPIOPinConfigure)
                  00002b58    00000048     rtsv7M4_T_le_v4SPD16_eabi.lib : fd_toi_t2.asm.obj (.text)
                  00002ba0    00000046     driverlib.lib : uart.obj (.text:UARTConfigSetExpClk)
                  00002be6    00000002     --HOLE-- [fill = 0]
                  00002be8    00000044     rtsv7M4_T_le_v4SPD16_eabi.lib : autoinit.c.obj (.text:__TI_auto_init_nobinit_nopinit:__TI_auto_init_nobinit_nopinit)
                  00002c2c    00000040                                   : vsnprintf.c.obj (.text:vsnprintf)
                  00002c6c    0000003e                                   : _printfi.c.obj (.text:_fcpy)
                  00002caa    00000002     --HOLE-- [fill = 0]
                  00002cac    00000038                                   : boot_cortex_m.c.obj (.text:_c_int00_noargs:_c_int00_noargs)
                  00002ce4    00000034     driverlib.lib : interrupt.obj (.text:IntRegister)
                  00002d18    00000034                   : sysctl.obj (.text:SysCtlPeripheralEnable)
                  00002d4c    00000030     rtsv7M4_T_le_v4SPD16_eabi.lib : vsnprintf.c.obj (.text:_outs)
                  00002d7c    0000002e                                   : i_tofd_t2.asm.obj (.text)
                  00002daa    0000002a     driverlib.lib : gpio.obj (.text:GPIODirModeSet)
                  00002dd4    00000020                   : uart.obj (.text:UARTDisable)
                  00002df4    0000001c                   : systick.obj (.text:SysTickIntRegister)
                  00002e10    0000001c     rtsv7M4_T_le_v4SPD16_eabi.lib : memccpy.c.obj (.text:memccpy)
                  00002e2c    00000018     driverlib.lib : gpio.obj (.text:GPIOPinTypeGPIOOutput)
                  00002e44    00000018     rtsv7M4_T_le_v4SPD16_eabi.lib : vsnprintf.c.obj (.text:_outc)
                  00002e5c    00000016                                   : strchr.c.obj (.text:strchr)
                  00002e72    00000002     --HOLE-- [fill = 0]
                  00002e74    00000014     driverlib.lib : systick.obj (.text:SysTickEnable)
                  00002e88    00000014                   : systick.obj (.text:SysTickIntEnable)
                  00002e9c    00000014                   : uart.obj (.text:UARTEnable)
                  00002eb0    00000014     rtsv7M4_T_le_v4SPD16_eabi.lib : s_copysign.c.obj (.text:copysign)
                  00002ec4    00000014                                   : strlen.c.obj (.text:strlen)
                  00002ed8    00000012     driverlib.lib : gpio.obj (.text:GPIOPinTypeGPIOInput)
                  00002eea    00000012                   : gpio.obj (.text:GPIOPinTypeUART)
                  00002efc    00000012     rtsv7M4_T_le_v4SPD16_eabi.lib : copy_zero_init.c.obj (.text:decompress:ZI:__TI_zero_init_nomemset:__TI_zero_init_nomemset)
                  00002f0e    00000012                                   : wcslen.c.obj (.text:wcslen)
                  00002f20    00000010     driverlib.lib : systick.obj (.text:SysTickPeriodSet)
                  00002f30    0000000e     rtsv7M4_T_le_v4SPD16_eabi.lib : copy_decompress_none.c.obj (.text:decompress:none:__TI_decompress_none)
                  00002f3e    0000000c     tm4c123gh6pm_startup_ccs.obj (.text)
                  00002f4a    0000000a     driverlib.lib : uart.obj (.text:UARTCharGet)
                  00002f54    0000000a                   : uart.obj (.text:UARTCharPut)
                  00002f5e    00000002     --HOLE-- [fill = 0]
                  00002f60    00000008     rtsv7M4_T_le_v4SPD16_eabi.lib : errno.c.obj (.text:__aeabi_errno_addr)
                  00002f68    00000006     driverlib.lib : gpio.obj (.text:GPIOPinRead)
                  00002f6e    00000006                   : gpio.obj (.text:GPIOPinWrite)
                  00002f74    00000006                   : sysctl.obj (.text:SysCtlDelay)
                  00002f7a    00000004     rtsv7M4_T_le_v4SPD16_eabi.lib : pre_init.c.obj (.text:_system_pre_init)
                  00002f7e    00000004                                   : exit.c.obj (.text:abort:abort)

.const     0    00002f84    00000200     
                  00002f84    00000101     rtsv7M4_T_le_v4SPD16_eabi.lib : ctype.c.obj (.const:.string:_ctypes_)
                  00003085    00000003     --HOLE-- [fill = 0]
                  00003088    00000090     driverlib.lib : gpio.obj (.const:g_pui32GPIOBaseAddrs)
                  00003118    0000006c                   : sysctl.obj (.const:g_pui32Xtals)

.cinit     0    00003188    00000050     
                  00003188    0000001a     (.cinit..data.load) [load image, compression = lzss]
                  000031a2    00000002     --HOLE-- [fill = 0]
                  000031a4    0000000c     (__TI_handler_table)
                  000031b0    00000008     (.cinit..bss.load) [load image, compression = zero_init]
                  000031b8    00000008     (.cinit..vtable.load) [load image, compression = zero_init]
                  000031c0    00000018     (__TI_cinit_table)

.init_array 
*          0    00000000    00000000     UNINITIALIZED

.vtable    0    20000000    0000026c     UNINITIALIZED
                  20000000    0000026c     driverlib.lib : interrupt.obj (.vtable)

.bss       0    20000670    00000084     UNINITIALIZED
                  20000670    00000080     Util2.lib : launchpad.obj (.bss:callbackHeap)
                  200006f0    00000004               : launchpad.obj (.bss)

.data      0    200006f4    00000030     UNINITIALIZED
                  200006f4    00000018     main(1).obj (.data)
                  2000070c    0000000a     main(1).obj (.data:seg7Coding)
                  20000716    00000001     Util2.lib : led.obj (.data)
                  20000717    00000001               : pushbutton.obj (.data)
                  20000718    00000008               : launchpad.obj (.data)
                  20000720    00000004     rtsv7M4_T_le_v4SPD16_eabi.lib : errno.c.obj (.data)

.stack     0    20000270    00000400     UNINITIALIZED
                  20000270    00000004     rtsv7M4_T_le_v4SPD16_eabi.lib : boot_cortex_m.c.obj (.stack)
                  20000274    000003fc     --HOLE--

MODULE SUMMARY

       Module                         code    ro data   rw data
       ------                         ----    -------   -------
    .\
       tm4c123gh6pm_startup_ccs.obj   12      620       0      
       seg7.obj                       508     0         0      
       main(1).obj                    464     0         34     
    +--+------------------------------+-------+---------+---------+
       Total:                         984     620       34     
                                                               
    C:/Users/mreyes43/Documents/GitHub/LabGroupC2/Util/Debug/Util2.lib
       launchpad.obj                  976     0         140    
       uart.obj                       196     0         0      
       led.obj                        156     0         1      
       pushbutton.obj                 140     0         1      
    +--+------------------------------+-------+---------+---------+
       Total:                         1468    0         142    
                                                               
    C:/ti/TivaWare_C_Series-2.1.4.178/driverlib/ccs/Debug/driverlib.lib
       sysctl.obj                     574     108       0      
       interrupt.obj                  52      0         620    
       gpio.obj                       492     144       0      
       uart.obj                       142     0         0      
       systick.obj                    84      0         0      
    +--+------------------------------+-------+---------+---------+
       Total:                         1344    252       620    
                                                               
    C:\ti\ccs810\ccsv8\tools\compiler\ti-cgt-arm_18.1.2.LTS\lib\rtsv7M4_T_le_v4SPD16_eabi.lib
       _printfi.c.obj                 4863    0         0      
       fd_add_t2.asm.obj              438     0         0      
       fd_div_t2.asm.obj              310     0         0      
       s_scalbn.c.obj                 272     0         0      
       fd_cmp_t2.asm.obj              268     0         0      
       ctype.c.obj                    0       257       0      
       fd_mul_t2.asm.obj              252     0         0      
       memcpy_t2.asm.obj              156     0         0      
       ull_div_t2.asm.obj             150     0         0      
       vsnprintf.c.obj                136     0         0      
       memset_t2.asm.obj              122     0         0      
       copy_decompress_lzss.c.obj     104     0         0      
       s_frexp.c.obj                  100     0         0      
       ltoa.c.obj                     84      0         0      
       atoi.c.obj                     76      0         0      
       fd_toi_t2.asm.obj              72      0         0      
       autoinit.c.obj                 68      0         0      
       boot_cortex_m.c.obj            56      0         0      
       i_tofd_t2.asm.obj              46      0         0      
       memccpy.c.obj                  28      0         0      
       strchr.c.obj                   22      0         0      
       s_copysign.c.obj               20      0         0      
       strlen.c.obj                   20      0         0      
       copy_zero_init.c.obj           18      0         0      
       wcslen.c.obj                   18      0         0      
       copy_decompress_none.c.obj     14      0         0      
       errno.c.obj                    8       0         4      
       exit.c.obj                     4       0         0      
       pre_init.c.obj                 4       0         0      
       div0.asm.obj                   2       0         0      
    +--+------------------------------+-------+---------+---------+
       Total:                         7731    257       4      
                                                               
       Stack:                         0       0         1024   
       Linker Generated:              0       78        0      
    +--+------------------------------+-------+---------+---------+
       Grand Total:                   11527   1207      1824   


LINKER GENERATED COPY TABLES

__TI_cinit_table @ 000031c0 records: 3, size/record: 8, table size: 24
	.data: load addr=00003188, load size=0000001a bytes, run addr=200006f4, run size=00000030 bytes, compression=lzss
	.bss: load addr=000031b0, load size=00000008 bytes, run addr=20000670, run size=00000084 bytes, compression=zero_init
	.vtable: load addr=000031b8, load size=00000008 bytes, run addr=20000000, run size=0000026c bytes, compression=zero_init


LINKER GENERATED HANDLER TABLE

__TI_handler_table @ 000031a4 records: 3, size/record: 4, table size: 12
	index: 0, handler: __TI_zero_init
	index: 1, handler: __TI_decompress_lzss
	index: 2, handler: __TI_decompress_none


GLOBAL SYMBOLS: SORTED ALPHABETICALLY BY Name 

address   name                          
-------   ----                          
00002f7f  C$$EXIT                       
00002dab  GPIODirModeSet                
00001cd3  GPIOPadConfigSet              
00002b11  GPIOPinConfigure              
00002f69  GPIOPinRead                   
00002ed9  GPIOPinTypeGPIOInput          
00002e2d  GPIOPinTypeGPIOOutput         
00002eeb  GPIOPinTypeUART               
00002f6f  GPIOPinWrite                  
00002ce5  IntRegister                   
00002f3f  ResetISR                      
00001f25  SysCtlClockGet                
00002241  SysCtlClockSet                
00002f75  SysCtlDelay                   
00002d19  SysCtlPeripheralEnable        
00002e75  SysTickEnable                 
00002e89  SysTickIntEnable              
00002df5  SysTickIntRegister            
00002f21  SysTickPeriodSet              
00002f4b  UARTCharGet                   
00002f55  UARTCharPut                   
00002ba1  UARTConfigSetExpClk           
00002dd5  UARTDisable                   
00002e9d  UARTEnable                    
20000670  __STACK_END                   
00000400  __STACK_SIZE                  
20000470  __STACK_TOP                   
000031c0  __TI_CINIT_Base               
000031d8  __TI_CINIT_Limit              
000031a4  __TI_Handler_Table_Base       
000031b0  __TI_Handler_Table_Limit      
00002be9  __TI_auto_init_nobinit_nopinit
000028fd  __TI_decompress_lzss          
00002f31  __TI_decompress_none          
ffffffff  __TI_pprof_out_hndl           
0000026d  __TI_printfi                  
ffffffff  __TI_prof_data_size           
ffffffff  __TI_prof_data_start          
00000000  __TI_static_base__            
00002efd  __TI_zero_init_nomemset       
00002709  __aeabi_cdcmpeq               
00002709  __aeabi_cdcmple               
0000278f  __aeabi_cdrcmple              
00002b59  __aeabi_d2iz                  
000018b3  __aeabi_dadd                  
00001b9d  __aeabi_ddiv                  
00002145  __aeabi_dmul                  
000018a9  __aeabi_dsub                  
00002f61  __aeabi_errno_addr            
00002d7d  __aeabi_i2d                   
00000ccb  __aeabi_idiv0                 
00000ccb  __aeabi_ldiv0                 
00002815  __aeabi_memclr                
00002815  __aeabi_memclr4               
00002815  __aeabi_memclr8               
00002549  __aeabi_memcpy                
00002549  __aeabi_memcpy4               
00002549  __aeabi_memcpy8               
00002817  __aeabi_memset                
00002817  __aeabi_memset4               
00002817  __aeabi_memset8               
000025e5  __aeabi_uldivmod              
ffffffff  __binit__                     
ffffffff  __c_args__                    
UNDEFED   __mpu_init                    
20000270  __stack                       
00002cad  _c_int00_noargs               
00002f84  _ctypes_                      
UNDEFED   _system_post_cinit            
00002f7b  _system_pre_init              
00002f7f  abort                         
00002ac5  atoi                          
ffffffff  binit                         
000017c5  checkPushButton               
000016d9  clockUpdate                   
00002eb1  copysign                      
00002eb1  copysignl                     
20000700  d                             
20000720  errno                         
00002965  frexp                         
00002965  frexpl                        
20000000  g_pfnRAMVectors               
00000000  g_pfnVectors                  
20000708  l                             
00002035  ldexp                         
00002035  ldexpl                        
000024cf  ledInit                       
000024ad  ledInitForced                 
000024e3  ledTurnOnOff                  
00000fd7  lpInit                        
00002a1f  ltoa                          
200006fc  m                             
0000183d  main                          
00002e11  memccpy                       
00002549  memcpy                        
0000281d  memset                        
200006f8  n                             
000026b1  pbInit                        
0000267d  pbInitForced                  
000026c5  pbRead                        
00002035  scalbn                        
00002035  scalbnl                       
00000dfb  schdCallback                  
00000e75  schdExecute                   
0000130d  seg7Init                      
00001499  seg7Update                    
00002e5d  strchr                        
00002ec5  strlen                        
00000d5f  sysTimeGet                    
00000d65  sysTimeReached                
00000d8b  sysTimeWait                   
00000daf  sysTimeWaitAbsolute           
00002381  uartGetChar                   
00002335  uartInit                      
0000236f  uartPutChar                   
00002393  uartPutString                 
000023bf  uprintf                       
00002c2d  vsnprintf                     
00000f79  waitMs                        
00000fa9  waitUs                        
00002f0f  wcslen                        
20000704  x                             


GLOBAL SYMBOLS: SORTED BY Symbol Address 

address   name                          
-------   ----                          
00000000  __TI_static_base__            
00000000  g_pfnVectors                  
0000026d  __TI_printfi                  
00000400  __STACK_SIZE                  
00000ccb  __aeabi_idiv0                 
00000ccb  __aeabi_ldiv0                 
00000d5f  sysTimeGet                    
00000d65  sysTimeReached                
00000d8b  sysTimeWait                   
00000daf  sysTimeWaitAbsolute           
00000dfb  schdCallback                  
00000e75  schdExecute                   
00000f79  waitMs                        
00000fa9  waitUs                        
00000fd7  lpInit                        
0000130d  seg7Init                      
00001499  seg7Update                    
000016d9  clockUpdate                   
000017c5  checkPushButton               
0000183d  main                          
000018a9  __aeabi_dsub                  
000018b3  __aeabi_dadd                  
00001b9d  __aeabi_ddiv                  
00001cd3  GPIOPadConfigSet              
00001f25  SysCtlClockGet                
00002035  ldexp                         
00002035  ldexpl                        
00002035  scalbn                        
00002035  scalbnl                       
00002145  __aeabi_dmul                  
00002241  SysCtlClockSet                
00002335  uartInit                      
0000236f  uartPutChar                   
00002381  uartGetChar                   
00002393  uartPutString                 
000023bf  uprintf                       
000024ad  ledInitForced                 
000024cf  ledInit                       
000024e3  ledTurnOnOff                  
00002549  __aeabi_memcpy                
00002549  __aeabi_memcpy4               
00002549  __aeabi_memcpy8               
00002549  memcpy                        
000025e5  __aeabi_uldivmod              
0000267d  pbInitForced                  
000026b1  pbInit                        
000026c5  pbRead                        
00002709  __aeabi_cdcmpeq               
00002709  __aeabi_cdcmple               
0000278f  __aeabi_cdrcmple              
00002815  __aeabi_memclr                
00002815  __aeabi_memclr4               
00002815  __aeabi_memclr8               
00002817  __aeabi_memset                
00002817  __aeabi_memset4               
00002817  __aeabi_memset8               
0000281d  memset                        
000028fd  __TI_decompress_lzss          
00002965  frexp                         
00002965  frexpl                        
00002a1f  ltoa                          
00002ac5  atoi                          
00002b11  GPIOPinConfigure              
00002b59  __aeabi_d2iz                  
00002ba1  UARTConfigSetExpClk           
00002be9  __TI_auto_init_nobinit_nopinit
00002c2d  vsnprintf                     
00002cad  _c_int00_noargs               
00002ce5  IntRegister                   
00002d19  SysCtlPeripheralEnable        
00002d7d  __aeabi_i2d                   
00002dab  GPIODirModeSet                
00002dd5  UARTDisable                   
00002df5  SysTickIntRegister            
00002e11  memccpy                       
00002e2d  GPIOPinTypeGPIOOutput         
00002e5d  strchr                        
00002e75  SysTickEnable                 
00002e89  SysTickIntEnable              
00002e9d  UARTEnable                    
00002eb1  copysign                      
00002eb1  copysignl                     
00002ec5  strlen                        
00002ed9  GPIOPinTypeGPIOInput          
00002eeb  GPIOPinTypeUART               
00002efd  __TI_zero_init_nomemset       
00002f0f  wcslen                        
00002f21  SysTickPeriodSet              
00002f31  __TI_decompress_none          
00002f3f  ResetISR                      
00002f4b  UARTCharGet                   
00002f55  UARTCharPut                   
00002f61  __aeabi_errno_addr            
00002f69  GPIOPinRead                   
00002f6f  GPIOPinWrite                  
00002f75  SysCtlDelay                   
00002f7b  _system_pre_init              
00002f7f  C$$EXIT                       
00002f7f  abort                         
00002f84  _ctypes_                      
000031a4  __TI_Handler_Table_Base       
000031b0  __TI_Handler_Table_Limit      
000031c0  __TI_CINIT_Base               
000031d8  __TI_CINIT_Limit              
20000000  g_pfnRAMVectors               
20000270  __stack                       
20000470  __STACK_TOP                   
20000670  __STACK_END                   
200006f8  n                             
200006fc  m                             
20000700  d                             
20000704  x                             
20000708  l                             
20000720  errno                         
ffffffff  __TI_pprof_out_hndl           
ffffffff  __TI_prof_data_size           
ffffffff  __TI_prof_data_start          
ffffffff  __binit__                     
ffffffff  __c_args__                    
ffffffff  binit                         
UNDEFED   __mpu_init                    
UNDEFED   _system_post_cinit            

[122 symbols]
