******************************************************************************
                  TI ARM Linker PC v18.1.4                     
******************************************************************************
>> Linked Tue Feb 12 13:08:06 2019

OUTPUT FILE NAME:   <Lab2.out>
ENTRY POINT SYMBOL: "_c_int00_noargs"  address: 00002cb1


MEMORY CONFIGURATION

         name            origin    length      used     unused   attr    fill
----------------------  --------  ---------  --------  --------  ----  --------
  FLASH                 00000000   00040000  000031d6  0003ce2a  R  X
  SRAM                  20000000   00008000  00000720  000078e0  RW X


SEGMENT ALLOCATION MAP

run origin  load origin   length   init length attrs members
----------  ----------- ---------- ----------- ----- -------
00000000    00000000    000031d8   000031d8    r-x
  00000000    00000000    0000026c   0000026c    r-- .intvecs
  0000026c    0000026c    00002d1a   00002d1a    r-x .text
  00002f88    00002f88    00000200   00000200    r-- .const
  00003188    00003188    00000050   00000050    r-- .cinit
20000000    20000000    00000724   00000000    rw-
  20000000    20000000    0000026c   00000000    rw- .vtable
  20000270    20000270    00000400   00000000    rw- .stack
  20000670    20000670    00000084   00000000    rw- .bss
  200006f4    200006f4    00000030   00000000    rw- .data


SECTION ALLOCATION MAP

 output                                  attributes/
section   page    origin      length       input sections
--------  ----  ----------  ----------   ----------------
.intvecs   0    00000000    0000026c     
                  00000000    0000026c     tm4c123gh6pm_startup_ccs.obj (.intvecs)

.text      0    0000026c    00002d1a     
                  0000026c    00000a5e     rtsv7M4_T_le_v4SPD16_eabi.lib : _printfi.c.obj (.text:__TI_printfi)
                  00000cca    00000002                                   : div0.asm.obj (.text)
                  00000ccc    000003d0     Util2.lib : launchpad.obj (.text)
                  0000109c    00000270     rtsv7M4_T_le_v4SPD16_eabi.lib : _printfi.c.obj (.text:_pconv_a)
                  0000130c    000001fc     seg7.obj (.text)
                  00001508    000001d0     rtsv7M4_T_le_v4SPD16_eabi.lib : _printfi.c.obj (.text:_pconv_g)
                  000016d8    000001d0     main(1).obj (.text)
                  000018a8    000001b6     rtsv7M4_T_le_v4SPD16_eabi.lib : fd_add_t2.asm.obj (.text)
                  00001a5e    00000002     --HOLE-- [fill = 0]
                  00001a60    0000013c                                   : _printfi.c.obj (.text:_pconv_e)
                  00001b9c    00000136                                   : fd_div_t2.asm.obj (.text)
                  00001cd2    00000132     driverlib.lib : gpio.obj (.text:GPIOPadConfigSet)
                  00001e04    00000124     rtsv7M4_T_le_v4SPD16_eabi.lib : _printfi.c.obj (.text:fcvt)
                  00001f28    00000110     driverlib.lib : sysctl.obj (.text:SysCtlClockGet)
                  00002038    00000110     rtsv7M4_T_le_v4SPD16_eabi.lib : s_scalbn.c.obj (.text:scalbn)
                  00002148    000000fc                                   : fd_mul_t2.asm.obj (.text)
                  00002244    000000f4     driverlib.lib : sysctl.obj (.text:SysCtlClockSet)
                  00002338    000000c4     Util2.lib : uart.obj (.text)
                  000023fc    000000b1     rtsv7M4_T_le_v4SPD16_eabi.lib : _printfi.c.obj (.text:_ltostr)
                  000024ad    00000003     --HOLE-- [fill = 0]
                  000024b0    0000009c     Util2.lib : led.obj (.text)
                  0000254c    0000009c     rtsv7M4_T_le_v4SPD16_eabi.lib : memcpy_t2.asm.obj (.text)
                  000025e8    00000096                                   : ull_div_t2.asm.obj (.text)
                  0000267e    00000002     --HOLE-- [fill = 0]
                  00002680    0000008c     Util2.lib : pushbutton.obj (.text)
                  0000270c    00000086     rtsv7M4_T_le_v4SPD16_eabi.lib : fd_cmp_t2.asm.obj (.text:__aeabi_cdcmple)
                  00002792    00000086                                   : fd_cmp_t2.asm.obj (.text:__aeabi_cdrcmple)
                  00002818    0000007a                                   : memset_t2.asm.obj (.text)
                  00002892    0000006e                                   : _printfi.c.obj (.text:_mcpy)
                  00002900    00000068                                   : copy_decompress_lzss.c.obj (.text:decompress:lzss:__TI_decompress_lzss)
                  00002968    00000064                                   : s_frexp.c.obj (.text:frexp)
                  000029cc    00000056                                   : _printfi.c.obj (.text:_pconv_f)
                  00002a22    00000054                                   : ltoa.c.obj (.text:ltoa)
                  00002a76    00000052                                   : _printfi.c.obj (.text:_ecpy)
                  00002ac8    0000004c                                   : atoi.c.obj (.text:atoi)
                  00002b14    00000048     driverlib.lib : gpio.obj (.text:GPIOPinConfigure)
                  00002b5c    00000048     rtsv7M4_T_le_v4SPD16_eabi.lib : fd_toi_t2.asm.obj (.text)
                  00002ba4    00000046     driverlib.lib : uart.obj (.text:UARTConfigSetExpClk)
                  00002bea    00000002     --HOLE-- [fill = 0]
                  00002bec    00000044     rtsv7M4_T_le_v4SPD16_eabi.lib : autoinit.c.obj (.text:__TI_auto_init_nobinit_nopinit:__TI_auto_init_nobinit_nopinit)
                  00002c30    00000040                                   : vsnprintf.c.obj (.text:vsnprintf)
                  00002c70    0000003e                                   : _printfi.c.obj (.text:_fcpy)
                  00002cae    00000002     --HOLE-- [fill = 0]
                  00002cb0    00000038                                   : boot_cortex_m.c.obj (.text:_c_int00_noargs:_c_int00_noargs)
                  00002ce8    00000034     driverlib.lib : interrupt.obj (.text:IntRegister)
                  00002d1c    00000034                   : sysctl.obj (.text:SysCtlPeripheralEnable)
                  00002d50    00000030     rtsv7M4_T_le_v4SPD16_eabi.lib : vsnprintf.c.obj (.text:_outs)
                  00002d80    0000002e                                   : i_tofd_t2.asm.obj (.text)
                  00002dae    0000002a     driverlib.lib : gpio.obj (.text:GPIODirModeSet)
                  00002dd8    00000020                   : uart.obj (.text:UARTDisable)
                  00002df8    0000001c                   : systick.obj (.text:SysTickIntRegister)
                  00002e14    0000001c     rtsv7M4_T_le_v4SPD16_eabi.lib : memccpy.c.obj (.text:memccpy)
                  00002e30    00000018     driverlib.lib : gpio.obj (.text:GPIOPinTypeGPIOOutput)
                  00002e48    00000018     rtsv7M4_T_le_v4SPD16_eabi.lib : vsnprintf.c.obj (.text:_outc)
                  00002e60    00000016                                   : strchr.c.obj (.text:strchr)
                  00002e76    00000002     --HOLE-- [fill = 0]
                  00002e78    00000014     driverlib.lib : systick.obj (.text:SysTickEnable)
                  00002e8c    00000014                   : systick.obj (.text:SysTickIntEnable)
                  00002ea0    00000014                   : uart.obj (.text:UARTEnable)
                  00002eb4    00000014     rtsv7M4_T_le_v4SPD16_eabi.lib : s_copysign.c.obj (.text:copysign)
                  00002ec8    00000014                                   : strlen.c.obj (.text:strlen)
                  00002edc    00000012     driverlib.lib : gpio.obj (.text:GPIOPinTypeGPIOInput)
                  00002eee    00000012                   : gpio.obj (.text:GPIOPinTypeUART)
                  00002f00    00000012     rtsv7M4_T_le_v4SPD16_eabi.lib : copy_zero_init.c.obj (.text:decompress:ZI:__TI_zero_init_nomemset:__TI_zero_init_nomemset)
                  00002f12    00000012                                   : wcslen.c.obj (.text:wcslen)
                  00002f24    00000010     driverlib.lib : systick.obj (.text:SysTickPeriodSet)
                  00002f34    0000000e     rtsv7M4_T_le_v4SPD16_eabi.lib : copy_decompress_none.c.obj (.text:decompress:none:__TI_decompress_none)
                  00002f42    0000000c     tm4c123gh6pm_startup_ccs.obj (.text)
                  00002f4e    0000000a     driverlib.lib : uart.obj (.text:UARTCharGet)
                  00002f58    0000000a                   : uart.obj (.text:UARTCharPut)
                  00002f62    00000002     --HOLE-- [fill = 0]
                  00002f64    00000008     rtsv7M4_T_le_v4SPD16_eabi.lib : errno.c.obj (.text:__aeabi_errno_addr)
                  00002f6c    00000006     driverlib.lib : gpio.obj (.text:GPIOPinRead)
                  00002f72    00000006                   : gpio.obj (.text:GPIOPinWrite)
                  00002f78    00000006                   : sysctl.obj (.text:SysCtlDelay)
                  00002f7e    00000004     rtsv7M4_T_le_v4SPD16_eabi.lib : pre_init.c.obj (.text:_system_pre_init)
                  00002f82    00000004                                   : exit.c.obj (.text:abort:abort)

.const     0    00002f88    00000200     
                  00002f88    00000101     rtsv7M4_T_le_v4SPD16_eabi.lib : ctype.c.obj (.const:.string:_ctypes_)
                  00003089    00000003     --HOLE-- [fill = 0]
                  0000308c    00000090     driverlib.lib : gpio.obj (.const:g_pui32GPIOBaseAddrs)
                  0000311c    0000006c                   : sysctl.obj (.const:g_pui32Xtals)

.cinit     0    00003188    00000050     
                  00003188    0000001a     (.cinit..data.load) [load image, compression = lzss]
                  000031a2    00000002     --HOLE-- [fill = 0]
                  000031a4    0000000c     (__TI_handler_table)
                  000031b0    00000008     (.cinit..bss.load) [load image, compression = zero_init]
                  000031b8    00000008     (.cinit..vtable.load) [load image, compression = zero_init]
                  000031c0    00000018     (__TI_cinit_table)

.init_array 
*          0    00000000    00000000     UNINITIALIZED

.vtable    0    20000000    0000026c     UNINITIALIZED
                  20000000    0000026c     driverlib.lib : interrupt.obj (.vtable)

.bss       0    20000670    00000084     UNINITIALIZED
                  20000670    00000080     Util2.lib : launchpad.obj (.bss:callbackHeap)
                  200006f0    00000004               : launchpad.obj (.bss)

.data      0    200006f4    00000030     UNINITIALIZED
                  200006f4    00000018     main(1).obj (.data)
                  2000070c    0000000a     main(1).obj (.data:seg7Coding)
                  20000716    00000001     Util2.lib : led.obj (.data)
                  20000717    00000001               : pushbutton.obj (.data)
                  20000718    00000008               : launchpad.obj (.data)
                  20000720    00000004     rtsv7M4_T_le_v4SPD16_eabi.lib : errno.c.obj (.data)

.stack     0    20000270    00000400     UNINITIALIZED
                  20000270    00000004     rtsv7M4_T_le_v4SPD16_eabi.lib : boot_cortex_m.c.obj (.stack)
                  20000274    000003fc     --HOLE--

MODULE SUMMARY

       Module                         code    ro data   rw data
       ------                         ----    -------   -------
    .\
       tm4c123gh6pm_startup_ccs.obj   12      620       0      
       seg7.obj                       508     0         0      
       main(1).obj                    464     0         34     
    +--+------------------------------+-------+---------+---------+
       Total:                         984     620       34     
                                                               
    C:/Users/arago/Downloads/Util/Util/Debug/Util2.lib
       launchpad.obj                  976     0         140    
       uart.obj                       196     0         0      
       led.obj                        156     0         1      
       pushbutton.obj                 140     0         1      
    +--+------------------------------+-------+---------+---------+
       Total:                         1468    0         142    
                                                               
    C:/ti/TivaWare_C_Series-2.1.4.178/driverlib/ccs/Debug/driverlib.lib
       sysctl.obj                     574     108       0      
       interrupt.obj                  52      0         620    
       gpio.obj                       492     144       0      
       uart.obj                       142     0         0      
       systick.obj                    84      0         0      
    +--+------------------------------+-------+---------+---------+
       Total:                         1344    252       620    
                                                               
    C:\ti\ccsv8\tools\compiler\ti-cgt-arm_18.1.4.LTS\lib\rtsv7M4_T_le_v4SPD16_eabi.lib
       _printfi.c.obj                 4867    0         0      
       fd_add_t2.asm.obj              438     0         0      
       fd_div_t2.asm.obj              310     0         0      
       s_scalbn.c.obj                 272     0         0      
       fd_cmp_t2.asm.obj              268     0         0      
       ctype.c.obj                    0       257       0      
       fd_mul_t2.asm.obj              252     0         0      
       memcpy_t2.asm.obj              156     0         0      
       ull_div_t2.asm.obj             150     0         0      
       vsnprintf.c.obj                136     0         0      
       memset_t2.asm.obj              122     0         0      
       copy_decompress_lzss.c.obj     104     0         0      
       s_frexp.c.obj                  100     0         0      
       ltoa.c.obj                     84      0         0      
       atoi.c.obj                     76      0         0      
       fd_toi_t2.asm.obj              72      0         0      
       autoinit.c.obj                 68      0         0      
       boot_cortex_m.c.obj            56      0         0      
       i_tofd_t2.asm.obj              46      0         0      
       memccpy.c.obj                  28      0         0      
       strchr.c.obj                   22      0         0      
       s_copysign.c.obj               20      0         0      
       strlen.c.obj                   20      0         0      
       copy_zero_init.c.obj           18      0         0      
       wcslen.c.obj                   18      0         0      
       copy_decompress_none.c.obj     14      0         0      
       errno.c.obj                    8       0         4      
       exit.c.obj                     4       0         0      
       pre_init.c.obj                 4       0         0      
       div0.asm.obj                   2       0         0      
    +--+------------------------------+-------+---------+---------+
       Total:                         7735    257       4      
                                                               
       Stack:                         0       0         1024   
       Linker Generated:              0       78        0      
    +--+------------------------------+-------+---------+---------+
       Grand Total:                   11531   1207      1824   


LINKER GENERATED COPY TABLES

__TI_cinit_table @ 000031c0 records: 3, size/record: 8, table size: 24
	.data: load addr=00003188, load size=0000001a bytes, run addr=200006f4, run size=00000030 bytes, compression=lzss
	.bss: load addr=000031b0, load size=00000008 bytes, run addr=20000670, run size=00000084 bytes, compression=zero_init
	.vtable: load addr=000031b8, load size=00000008 bytes, run addr=20000000, run size=0000026c bytes, compression=zero_init


LINKER GENERATED HANDLER TABLE

__TI_handler_table @ 000031a4 records: 3, size/record: 4, table size: 12
	index: 0, handler: __TI_zero_init
	index: 1, handler: __TI_decompress_lzss
	index: 2, handler: __TI_decompress_none


GLOBAL SYMBOLS: SORTED ALPHABETICALLY BY Name 

address   name                          
-------   ----                          
00002f83  C$$EXIT                       
00002daf  GPIODirModeSet                
00001cd3  GPIOPadConfigSet              
00002b15  GPIOPinConfigure              
00002f6d  GPIOPinRead                   
00002edd  GPIOPinTypeGPIOInput          
00002e31  GPIOPinTypeGPIOOutput         
00002eef  GPIOPinTypeUART               
00002f73  GPIOPinWrite                  
00002ce9  IntRegister                   
00002f43  ResetISR                      
00001f29  SysCtlClockGet                
00002245  SysCtlClockSet                
00002f79  SysCtlDelay                   
00002d1d  SysCtlPeripheralEnable        
00002e79  SysTickEnable                 
00002e8d  SysTickIntEnable              
00002df9  SysTickIntRegister            
00002f25  SysTickPeriodSet              
00002f4f  UARTCharGet                   
00002f59  UARTCharPut                   
00002ba5  UARTConfigSetExpClk           
00002dd9  UARTDisable                   
00002ea1  UARTEnable                    
20000670  __STACK_END                   
00000400  __STACK_SIZE                  
20000470  __STACK_TOP                   
000031c0  __TI_CINIT_Base               
000031d8  __TI_CINIT_Limit              
000031a4  __TI_Handler_Table_Base       
000031b0  __TI_Handler_Table_Limit      
00002bed  __TI_auto_init_nobinit_nopinit
00002901  __TI_decompress_lzss          
00002f35  __TI_decompress_none          
ffffffff  __TI_pprof_out_hndl           
0000026d  __TI_printfi                  
ffffffff  __TI_prof_data_size           
ffffffff  __TI_prof_data_start          
00000000  __TI_static_base__            
00002f01  __TI_zero_init_nomemset       
0000270d  __aeabi_cdcmpeq               
0000270d  __aeabi_cdcmple               
00002793  __aeabi_cdrcmple              
00002b5d  __aeabi_d2iz                  
000018b3  __aeabi_dadd                  
00001b9d  __aeabi_ddiv                  
00002149  __aeabi_dmul                  
000018a9  __aeabi_dsub                  
00002f65  __aeabi_errno_addr            
00002d81  __aeabi_i2d                   
00000ccb  __aeabi_idiv0                 
00000ccb  __aeabi_ldiv0                 
00002819  __aeabi_memclr                
00002819  __aeabi_memclr4               
00002819  __aeabi_memclr8               
0000254d  __aeabi_memcpy                
0000254d  __aeabi_memcpy4               
0000254d  __aeabi_memcpy8               
0000281b  __aeabi_memset                
0000281b  __aeabi_memset4               
0000281b  __aeabi_memset8               
000025e9  __aeabi_uldivmod              
ffffffff  __binit__                     
ffffffff  __c_args__                    
UNDEFED   __mpu_init                    
20000270  __stack                       
00002cb1  _c_int00_noargs               
00002f88  _ctypes_                      
UNDEFED   _system_post_cinit            
00002f7f  _system_pre_init              
00002f83  abort                         
00002ac9  atoi                          
ffffffff  binit                         
000017c5  checkPushButton               
000016d9  clockUpdate                   
00002eb5  copysign                      
00002eb5  copysignl                     
20000700  d                             
20000720  errno                         
00002969  frexp                         
00002969  frexpl                        
20000000  g_pfnRAMVectors               
00000000  g_pfnVectors                  
20000708  l                             
00002039  ldexp                         
00002039  ldexpl                        
000024d3  ledInit                       
000024b1  ledInitForced                 
000024e7  ledTurnOnOff                  
00000fd7  lpInit                        
00002a23  ltoa                          
200006fc  m                             
0000183d  main                          
00002e15  memccpy                       
0000254d  memcpy                        
00002821  memset                        
200006f8  n                             
000026b5  pbInit                        
00002681  pbInitForced                  
000026c9  pbRead                        
00002039  scalbn                        
00002039  scalbnl                       
00000dfb  schdCallback                  
00000e75  schdExecute                   
0000130d  seg7Init                      
00001499  seg7Update                    
00002e61  strchr                        
00002ec9  strlen                        
00000d5f  sysTimeGet                    
00000d65  sysTimeReached                
00000d8b  sysTimeWait                   
00000daf  sysTimeWaitAbsolute           
00002385  uartGetChar                   
00002339  uartInit                      
00002373  uartPutChar                   
00002397  uartPutString                 
000023c3  uprintf                       
00002c31  vsnprintf                     
00000f79  waitMs                        
00000fa9  waitUs                        
00002f13  wcslen                        
20000704  x                             


GLOBAL SYMBOLS: SORTED BY Symbol Address 

address   name                          
-------   ----                          
00000000  __TI_static_base__            
00000000  g_pfnVectors                  
0000026d  __TI_printfi                  
00000400  __STACK_SIZE                  
00000ccb  __aeabi_idiv0                 
00000ccb  __aeabi_ldiv0                 
00000d5f  sysTimeGet                    
00000d65  sysTimeReached                
00000d8b  sysTimeWait                   
00000daf  sysTimeWaitAbsolute           
00000dfb  schdCallback                  
00000e75  schdExecute                   
00000f79  waitMs                        
00000fa9  waitUs                        
00000fd7  lpInit                        
0000130d  seg7Init                      
00001499  seg7Update                    
000016d9  clockUpdate                   
000017c5  checkPushButton               
0000183d  main                          
000018a9  __aeabi_dsub                  
000018b3  __aeabi_dadd                  
00001b9d  __aeabi_ddiv                  
00001cd3  GPIOPadConfigSet              
00001f29  SysCtlClockGet                
00002039  ldexp                         
00002039  ldexpl                        
00002039  scalbn                        
00002039  scalbnl                       
00002149  __aeabi_dmul                  
00002245  SysCtlClockSet                
00002339  uartInit                      
00002373  uartPutChar                   
00002385  uartGetChar                   
00002397  uartPutString                 
000023c3  uprintf                       
000024b1  ledInitForced                 
000024d3  ledInit                       
000024e7  ledTurnOnOff                  
0000254d  __aeabi_memcpy                
0000254d  __aeabi_memcpy4               
0000254d  __aeabi_memcpy8               
0000254d  memcpy                        
000025e9  __aeabi_uldivmod              
00002681  pbInitForced                  
000026b5  pbInit                        
000026c9  pbRead                        
0000270d  __aeabi_cdcmpeq               
0000270d  __aeabi_cdcmple               
00002793  __aeabi_cdrcmple              
00002819  __aeabi_memclr                
00002819  __aeabi_memclr4               
00002819  __aeabi_memclr8               
0000281b  __aeabi_memset                
0000281b  __aeabi_memset4               
0000281b  __aeabi_memset8               
00002821  memset                        
00002901  __TI_decompress_lzss          
00002969  frexp                         
00002969  frexpl                        
00002a23  ltoa                          
00002ac9  atoi                          
00002b15  GPIOPinConfigure              
00002b5d  __aeabi_d2iz                  
00002ba5  UARTConfigSetExpClk           
00002bed  __TI_auto_init_nobinit_nopinit
00002c31  vsnprintf                     
00002cb1  _c_int00_noargs               
00002ce9  IntRegister                   
00002d1d  SysCtlPeripheralEnable        
00002d81  __aeabi_i2d                   
00002daf  GPIODirModeSet                
00002dd9  UARTDisable                   
00002df9  SysTickIntRegister            
00002e15  memccpy                       
00002e31  GPIOPinTypeGPIOOutput         
00002e61  strchr                        
00002e79  SysTickEnable                 
00002e8d  SysTickIntEnable              
00002ea1  UARTEnable                    
00002eb5  copysign                      
00002eb5  copysignl                     
00002ec9  strlen                        
00002edd  GPIOPinTypeGPIOInput          
00002eef  GPIOPinTypeUART               
00002f01  __TI_zero_init_nomemset       
00002f13  wcslen                        
00002f25  SysTickPeriodSet              
00002f35  __TI_decompress_none          
00002f43  ResetISR                      
00002f4f  UARTCharGet                   
00002f59  UARTCharPut                   
00002f65  __aeabi_errno_addr            
00002f6d  GPIOPinRead                   
00002f73  GPIOPinWrite                  
00002f79  SysCtlDelay                   
00002f7f  _system_pre_init              
00002f83  C$$EXIT                       
00002f83  abort                         
00002f88  _ctypes_                      
000031a4  __TI_Handler_Table_Base       
000031b0  __TI_Handler_Table_Limit      
000031c0  __TI_CINIT_Base               
000031d8  __TI_CINIT_Limit              
20000000  g_pfnRAMVectors               
20000270  __stack                       
20000470  __STACK_TOP                   
20000670  __STACK_END                   
200006f8  n                             
200006fc  m                             
20000700  d                             
20000704  x                             
20000708  l                             
20000720  errno                         
ffffffff  __TI_pprof_out_hndl           
ffffffff  __TI_prof_data_size           
ffffffff  __TI_prof_data_start          
ffffffff  __binit__                     
ffffffff  __c_args__                    
ffffffff  binit                         
UNDEFED   __mpu_init                    
UNDEFED   _system_post_cinit            

[122 symbols]
