<?xml version="1.0" encoding="ISO-8859-1" ?>
<link_info>
   <banner>TI ARM Linker PC v18.1.4.LTS</banner>
   <copyright>Copyright (c) 1996-2018 Texas Instruments Incorporated</copyright>
   <link_time>0x5c6c5bb3</link_time>
   <link_errors>0x0</link_errors>
   <output_file>Lab4.out</output_file>
   <entry_point>
      <name>_c_int00_noargs</name>
      <address>0x3355</address>
   </entry_point>
   <input_file_list>
      <input_file id="fl-2">
         <path>.\</path>
         <kind>object</kind>
         <file>buzzer.obj</file>
         <name>buzzer.obj</name>
      </input_file>
      <input_file id="fl-3">
         <path>.\</path>
         <kind>object</kind>
         <file>buzzer_asm.obj</file>
         <name>buzzer_asm.obj</name>
      </input_file>
      <input_file id="fl-4">
         <path>.\</path>
         <kind>object</kind>
         <file>main(4).obj</file>
         <name>main(4).obj</name>
      </input_file>
      <input_file id="fl-5">
         <path>.\</path>
         <kind>object</kind>
         <file>motion.obj</file>
         <name>motion.obj</name>
      </input_file>
      <input_file id="fl-6">
         <path>.\</path>
         <kind>object</kind>
         <file>motion_asm.obj</file>
         <name>motion_asm.obj</name>
      </input_file>
      <input_file id="fl-7">
         <path>.\</path>
         <kind>object</kind>
         <file>tm4c123gh6pm_startup_ccs.obj</file>
         <name>tm4c123gh6pm_startup_ccs.obj</name>
      </input_file>
      <input_file id="fl-d">
         <kind>object</kind>
         <file>&lt;internal&gt;</file>
         <name>&lt;internal&gt;</name>
      </input_file>
      <input_file id="fl-c3">
         <path>C:\ti\ccsv8\tools\compiler\ti-cgt-arm_18.1.4.LTS\lib\</path>
         <kind>archive</kind>
         <file>rtsv7M4_T_le_v4SPD16_eabi.lib</file>
         <name>copy_zero_init.c.obj</name>
      </input_file>
      <input_file id="fl-c4">
         <path>C:\ti\ccsv8\tools\compiler\ti-cgt-arm_18.1.4.LTS\lib\</path>
         <kind>archive</kind>
         <file>rtsv7M4_T_le_v4SPD16_eabi.lib</file>
         <name>copy_decompress_none.c.obj</name>
      </input_file>
      <input_file id="fl-c5">
         <path>C:\ti\ccsv8\tools\compiler\ti-cgt-arm_18.1.4.LTS\lib\</path>
         <kind>archive</kind>
         <file>rtsv7M4_T_le_v4SPD16_eabi.lib</file>
         <name>copy_decompress_lzss.c.obj</name>
      </input_file>
      <input_file id="fl-c6">
         <path>C:\ti\ccsv8\tools\compiler\ti-cgt-arm_18.1.4.LTS\lib\</path>
         <kind>archive</kind>
         <file>rtsv7M4_T_le_v4SPD16_eabi.lib</file>
         <name>boot_cortex_m.c.obj</name>
      </input_file>
      <input_file id="fl-c7">
         <path>C:\ti\ccsv8\tools\compiler\ti-cgt-arm_18.1.4.LTS\lib\</path>
         <kind>archive</kind>
         <file>rtsv7M4_T_le_v4SPD16_eabi.lib</file>
         <name>exit.c.obj</name>
      </input_file>
      <input_file id="fl-c8">
         <path>C:\ti\ccsv8\tools\compiler\ti-cgt-arm_18.1.4.LTS\lib\</path>
         <kind>archive</kind>
         <file>rtsv7M4_T_le_v4SPD16_eabi.lib</file>
         <name>_lock.c.obj</name>
      </input_file>
      <input_file id="fl-c9">
         <path>C:\ti\ccsv8\tools\compiler\ti-cgt-arm_18.1.4.LTS\lib\</path>
         <kind>archive</kind>
         <file>rtsv7M4_T_le_v4SPD16_eabi.lib</file>
         <name>args_main.c.obj</name>
      </input_file>
      <input_file id="fl-ca">
         <path>C:\ti\ccsv8\tools\compiler\ti-cgt-arm_18.1.4.LTS\lib\</path>
         <kind>archive</kind>
         <file>rtsv7M4_T_le_v4SPD16_eabi.lib</file>
         <name>assert.c.obj</name>
      </input_file>
      <input_file id="fl-cb">
         <path>C:\ti\ccsv8\tools\compiler\ti-cgt-arm_18.1.4.LTS\lib\</path>
         <kind>archive</kind>
         <file>rtsv7M4_T_le_v4SPD16_eabi.lib</file>
         <name>defs.c.obj</name>
      </input_file>
      <input_file id="fl-cc">
         <path>C:\ti\ccsv8\tools\compiler\ti-cgt-arm_18.1.4.LTS\lib\</path>
         <kind>archive</kind>
         <file>rtsv7M4_T_le_v4SPD16_eabi.lib</file>
         <name>fflush.c.obj</name>
      </input_file>
      <input_file id="fl-cd">
         <path>C:\ti\ccsv8\tools\compiler\ti-cgt-arm_18.1.4.LTS\lib\</path>
         <kind>archive</kind>
         <file>rtsv7M4_T_le_v4SPD16_eabi.lib</file>
         <name>fputs.c.obj</name>
      </input_file>
      <input_file id="fl-ce">
         <path>C:\ti\ccsv8\tools\compiler\ti-cgt-arm_18.1.4.LTS\lib\</path>
         <kind>archive</kind>
         <file>rtsv7M4_T_le_v4SPD16_eabi.lib</file>
         <name>memchr.c.obj</name>
      </input_file>
      <input_file id="fl-cf">
         <path>C:\ti\ccsv8\tools\compiler\ti-cgt-arm_18.1.4.LTS\lib\</path>
         <kind>archive</kind>
         <file>rtsv7M4_T_le_v4SPD16_eabi.lib</file>
         <name>strlen.c.obj</name>
      </input_file>
      <input_file id="fl-d0">
         <path>C:\ti\ccsv8\tools\compiler\ti-cgt-arm_18.1.4.LTS\lib\</path>
         <kind>archive</kind>
         <file>rtsv7M4_T_le_v4SPD16_eabi.lib</file>
         <name>write.c.obj</name>
      </input_file>
      <input_file id="fl-d1">
         <path>C:\ti\ccsv8\tools\compiler\ti-cgt-arm_18.1.4.LTS\lib\</path>
         <kind>archive</kind>
         <file>rtsv7M4_T_le_v4SPD16_eabi.lib</file>
         <name>memcpy_t2.asm.obj</name>
      </input_file>
      <input_file id="fl-d2">
         <path>C:\ti\ccsv8\tools\compiler\ti-cgt-arm_18.1.4.LTS\lib\</path>
         <kind>archive</kind>
         <file>rtsv7M4_T_le_v4SPD16_eabi.lib</file>
         <name>memset_t2.asm.obj</name>
      </input_file>
      <input_file id="fl-d3">
         <path>C:\ti\ccsv8\tools\compiler\ti-cgt-arm_18.1.4.LTS\lib\</path>
         <kind>archive</kind>
         <file>rtsv7M4_T_le_v4SPD16_eabi.lib</file>
         <name>autoinit.c.obj</name>
      </input_file>
      <input_file id="fl-d4">
         <path>C:\ti\ccsv8\tools\compiler\ti-cgt-arm_18.1.4.LTS\lib\</path>
         <kind>archive</kind>
         <file>rtsv7M4_T_le_v4SPD16_eabi.lib</file>
         <name>pre_init.c.obj</name>
      </input_file>
      <input_file id="fl-d5">
         <path>C:\ti\ccsv8\tools\compiler\ti-cgt-arm_18.1.4.LTS\lib\</path>
         <kind>archive</kind>
         <file>rtsv7M4_T_le_v4SPD16_eabi.lib</file>
         <name>cpy_tbl.c.obj</name>
      </input_file>
      <input_file id="fl-d6">
         <path>C:\ti\ccsv8\tools\compiler\ti-cgt-arm_18.1.4.LTS\lib\</path>
         <kind>archive</kind>
         <file>rtsv7M4_T_le_v4SPD16_eabi.lib</file>
         <name>_io_perm.c.obj</name>
      </input_file>
      <input_file id="fl-d7">
         <path>C:\ti\ccsv8\tools\compiler\ti-cgt-arm_18.1.4.LTS\lib\</path>
         <kind>archive</kind>
         <file>rtsv7M4_T_le_v4SPD16_eabi.lib</file>
         <name>fseek.c.obj</name>
      </input_file>
      <input_file id="fl-d8">
         <path>C:\ti\ccsv8\tools\compiler\ti-cgt-arm_18.1.4.LTS\lib\</path>
         <kind>archive</kind>
         <file>rtsv7M4_T_le_v4SPD16_eabi.lib</file>
         <name>lseek.c.obj</name>
      </input_file>
      <input_file id="fl-d9">
         <path>C:\ti\ccsv8\tools\compiler\ti-cgt-arm_18.1.4.LTS\lib\</path>
         <kind>archive</kind>
         <file>rtsv7M4_T_le_v4SPD16_eabi.lib</file>
         <name>setvbuf.c.obj</name>
      </input_file>
      <input_file id="fl-da">
         <path>C:\ti\ccsv8\tools\compiler\ti-cgt-arm_18.1.4.LTS\lib\</path>
         <kind>archive</kind>
         <file>rtsv7M4_T_le_v4SPD16_eabi.lib</file>
         <name>hostclose.c.obj</name>
      </input_file>
      <input_file id="fl-db">
         <path>C:\ti\ccsv8\tools\compiler\ti-cgt-arm_18.1.4.LTS\lib\</path>
         <kind>archive</kind>
         <file>rtsv7M4_T_le_v4SPD16_eabi.lib</file>
         <name>hostlseek.c.obj</name>
      </input_file>
      <input_file id="fl-dc">
         <path>C:\ti\ccsv8\tools\compiler\ti-cgt-arm_18.1.4.LTS\lib\</path>
         <kind>archive</kind>
         <file>rtsv7M4_T_le_v4SPD16_eabi.lib</file>
         <name>hostopen.c.obj</name>
      </input_file>
      <input_file id="fl-dd">
         <path>C:\ti\ccsv8\tools\compiler\ti-cgt-arm_18.1.4.LTS\lib\</path>
         <kind>archive</kind>
         <file>rtsv7M4_T_le_v4SPD16_eabi.lib</file>
         <name>hostread.c.obj</name>
      </input_file>
      <input_file id="fl-de">
         <path>C:\ti\ccsv8\tools\compiler\ti-cgt-arm_18.1.4.LTS\lib\</path>
         <kind>archive</kind>
         <file>rtsv7M4_T_le_v4SPD16_eabi.lib</file>
         <name>hostrename.c.obj</name>
      </input_file>
      <input_file id="fl-df">
         <path>C:\ti\ccsv8\tools\compiler\ti-cgt-arm_18.1.4.LTS\lib\</path>
         <kind>archive</kind>
         <file>rtsv7M4_T_le_v4SPD16_eabi.lib</file>
         <name>hostunlink.c.obj</name>
      </input_file>
      <input_file id="fl-e0">
         <path>C:\ti\ccsv8\tools\compiler\ti-cgt-arm_18.1.4.LTS\lib\</path>
         <kind>archive</kind>
         <file>rtsv7M4_T_le_v4SPD16_eabi.lib</file>
         <name>hostwrite.c.obj</name>
      </input_file>
      <input_file id="fl-e1">
         <path>C:\ti\ccsv8\tools\compiler\ti-cgt-arm_18.1.4.LTS\lib\</path>
         <kind>archive</kind>
         <file>rtsv7M4_T_le_v4SPD16_eabi.lib</file>
         <name>trgmsg.c.obj</name>
      </input_file>
      <input_file id="fl-e2">
         <path>C:\ti\ccsv8\tools\compiler\ti-cgt-arm_18.1.4.LTS\lib\</path>
         <kind>archive</kind>
         <file>rtsv7M4_T_le_v4SPD16_eabi.lib</file>
         <name>memory.c.obj</name>
      </input_file>
      <input_file id="fl-e3">
         <path>C:\ti\ccsv8\tools\compiler\ti-cgt-arm_18.1.4.LTS\lib\</path>
         <kind>archive</kind>
         <file>rtsv7M4_T_le_v4SPD16_eabi.lib</file>
         <name>fopen.c.obj</name>
      </input_file>
      <input_file id="fl-e4">
         <path>C:\ti\ccsv8\tools\compiler\ti-cgt-arm_18.1.4.LTS\lib\</path>
         <kind>archive</kind>
         <file>rtsv7M4_T_le_v4SPD16_eabi.lib</file>
         <name>open.c.obj</name>
      </input_file>
      <input_file id="fl-e5">
         <path>C:\ti\ccsv8\tools\compiler\ti-cgt-arm_18.1.4.LTS\lib\</path>
         <kind>archive</kind>
         <file>rtsv7M4_T_le_v4SPD16_eabi.lib</file>
         <name>strcpy.c.obj</name>
      </input_file>
      <input_file id="fl-e6">
         <path>C:\ti\ccsv8\tools\compiler\ti-cgt-arm_18.1.4.LTS\lib\</path>
         <kind>archive</kind>
         <file>rtsv7M4_T_le_v4SPD16_eabi.lib</file>
         <name>fclose.c.obj</name>
      </input_file>
      <input_file id="fl-e7">
         <path>C:\ti\ccsv8\tools\compiler\ti-cgt-arm_18.1.4.LTS\lib\</path>
         <kind>archive</kind>
         <file>rtsv7M4_T_le_v4SPD16_eabi.lib</file>
         <name>getdevice.c.obj</name>
      </input_file>
      <input_file id="fl-e8">
         <path>C:\ti\ccsv8\tools\compiler\ti-cgt-arm_18.1.4.LTS\lib\</path>
         <kind>archive</kind>
         <file>rtsv7M4_T_le_v4SPD16_eabi.lib</file>
         <name>remove.c.obj</name>
      </input_file>
      <input_file id="fl-e9">
         <path>C:\ti\ccsv8\tools\compiler\ti-cgt-arm_18.1.4.LTS\lib\</path>
         <kind>archive</kind>
         <file>rtsv7M4_T_le_v4SPD16_eabi.lib</file>
         <name>strchr.c.obj</name>
      </input_file>
      <input_file id="fl-ea">
         <path>C:\ti\ccsv8\tools\compiler\ti-cgt-arm_18.1.4.LTS\lib\</path>
         <kind>archive</kind>
         <file>rtsv7M4_T_le_v4SPD16_eabi.lib</file>
         <name>strcmp.c.obj</name>
      </input_file>
      <input_file id="fl-eb">
         <path>C:\ti\ccsv8\tools\compiler\ti-cgt-arm_18.1.4.LTS\lib\</path>
         <kind>archive</kind>
         <file>rtsv7M4_T_le_v4SPD16_eabi.lib</file>
         <name>strncpy.c.obj</name>
      </input_file>
      <input_file id="fl-ec">
         <path>C:\ti\ccsv8\tools\compiler\ti-cgt-arm_18.1.4.LTS\lib\</path>
         <kind>archive</kind>
         <file>rtsv7M4_T_le_v4SPD16_eabi.lib</file>
         <name>unlink.c.obj</name>
      </input_file>
      <input_file id="fl-ed">
         <path>C:\ti\ccsv8\tools\compiler\ti-cgt-arm_18.1.4.LTS\lib\</path>
         <kind>archive</kind>
         <file>rtsv7M4_T_le_v4SPD16_eabi.lib</file>
         <name>close.c.obj</name>
      </input_file>
      <input_file id="fl-ee">
         <path>C:\Users\arago\OneDrive\Documents\GitHub\LabGroupC2\Util\Debug\</path>
         <kind>archive</kind>
         <file>Util2.lib</file>
         <name>launchpad.obj</name>
      </input_file>
      <input_file id="fl-ef">
         <path>C:\Users\arago\OneDrive\Documents\GitHub\LabGroupC2\Util\Debug\</path>
         <kind>archive</kind>
         <file>Util2.lib</file>
         <name>led.obj</name>
      </input_file>
      <input_file id="fl-f0">
         <path>C:\Users\arago\OneDrive\Documents\GitHub\LabGroupC2\Util\Debug\</path>
         <kind>archive</kind>
         <file>Util2.lib</file>
         <name>pushbutton.obj</name>
      </input_file>
      <input_file id="fl-f1">
         <path>C:\Users\arago\OneDrive\Documents\GitHub\LabGroupC2\Util\Debug\</path>
         <kind>archive</kind>
         <file>Util2.lib</file>
         <name>uart.obj</name>
      </input_file>
      <input_file id="fl-f2">
         <path>C:\ti\TivaWare_C_Series-2.1.4.178\driverlib\ccs\Debug\</path>
         <kind>archive</kind>
         <file>driverlib.lib</file>
         <name>gpio.obj</name>
      </input_file>
      <input_file id="fl-f3">
         <path>C:\ti\TivaWare_C_Series-2.1.4.178\driverlib\ccs\Debug\</path>
         <kind>archive</kind>
         <file>driverlib.lib</file>
         <name>interrupt.obj</name>
      </input_file>
      <input_file id="fl-f4">
         <path>C:\ti\TivaWare_C_Series-2.1.4.178\driverlib\ccs\Debug\</path>
         <kind>archive</kind>
         <file>driverlib.lib</file>
         <name>sysctl.obj</name>
      </input_file>
      <input_file id="fl-f5">
         <path>C:\ti\TivaWare_C_Series-2.1.4.178\driverlib\ccs\Debug\</path>
         <kind>archive</kind>
         <file>driverlib.lib</file>
         <name>systick.obj</name>
      </input_file>
      <input_file id="fl-f6">
         <path>C:\ti\TivaWare_C_Series-2.1.4.178\driverlib\ccs\Debug\</path>
         <kind>archive</kind>
         <file>driverlib.lib</file>
         <name>uart.obj</name>
      </input_file>
      <input_file id="fl-f7">
         <path>C:\ti\TivaWare_C_Series-2.1.4.178\driverlib\ccs\Debug\</path>
         <kind>archive</kind>
         <file>driverlib.lib</file>
         <name>cpu.obj</name>
      </input_file>
      <input_file id="fl-f8">
         <path>C:\ti\ccsv8\tools\compiler\ti-cgt-arm_18.1.4.LTS\lib\</path>
         <kind>archive</kind>
         <file>rtsv7M4_T_le_v4SPD16_eabi.lib</file>
         <name>ull_div_t2.asm.obj</name>
      </input_file>
      <input_file id="fl-f9">
         <path>C:\ti\ccsv8\tools\compiler\ti-cgt-arm_18.1.4.LTS\lib\</path>
         <kind>archive</kind>
         <file>rtsv7M4_T_le_v4SPD16_eabi.lib</file>
         <name>vsnprintf.c.obj</name>
      </input_file>
      <input_file id="fl-fa">
         <path>C:\ti\ccsv8\tools\compiler\ti-cgt-arm_18.1.4.LTS\lib\</path>
         <kind>archive</kind>
         <file>rtsv7M4_T_le_v4SPD16_eabi.lib</file>
         <name>div0.asm.obj</name>
      </input_file>
      <input_file id="fl-fb">
         <path>C:\ti\ccsv8\tools\compiler\ti-cgt-arm_18.1.4.LTS\lib\</path>
         <kind>archive</kind>
         <file>rtsv7M4_T_le_v4SPD16_eabi.lib</file>
         <name>_printfi.c.obj</name>
      </input_file>
      <input_file id="fl-fc">
         <path>C:\ti\ccsv8\tools\compiler\ti-cgt-arm_18.1.4.LTS\lib\</path>
         <kind>archive</kind>
         <file>rtsv7M4_T_le_v4SPD16_eabi.lib</file>
         <name>atoi.c.obj</name>
      </input_file>
      <input_file id="fl-fd">
         <path>C:\ti\ccsv8\tools\compiler\ti-cgt-arm_18.1.4.LTS\lib\</path>
         <kind>archive</kind>
         <file>rtsv7M4_T_le_v4SPD16_eabi.lib</file>
         <name>ctype.c.obj</name>
      </input_file>
      <input_file id="fl-fe">
         <path>C:\ti\ccsv8\tools\compiler\ti-cgt-arm_18.1.4.LTS\lib\</path>
         <kind>archive</kind>
         <file>rtsv7M4_T_le_v4SPD16_eabi.lib</file>
         <name>ltoa.c.obj</name>
      </input_file>
      <input_file id="fl-ff">
         <path>C:\ti\ccsv8\tools\compiler\ti-cgt-arm_18.1.4.LTS\lib\</path>
         <kind>archive</kind>
         <file>rtsv7M4_T_le_v4SPD16_eabi.lib</file>
         <name>memccpy.c.obj</name>
      </input_file>
      <input_file id="fl-100">
         <path>C:\ti\ccsv8\tools\compiler\ti-cgt-arm_18.1.4.LTS\lib\</path>
         <kind>archive</kind>
         <file>rtsv7M4_T_le_v4SPD16_eabi.lib</file>
         <name>wcslen.c.obj</name>
      </input_file>
      <input_file id="fl-101">
         <path>C:\ti\ccsv8\tools\compiler\ti-cgt-arm_18.1.4.LTS\lib\</path>
         <kind>archive</kind>
         <file>rtsv7M4_T_le_v4SPD16_eabi.lib</file>
         <name>s_frexp.c.obj</name>
      </input_file>
      <input_file id="fl-102">
         <path>C:\ti\ccsv8\tools\compiler\ti-cgt-arm_18.1.4.LTS\lib\</path>
         <kind>archive</kind>
         <file>rtsv7M4_T_le_v4SPD16_eabi.lib</file>
         <name>s_scalbn.c.obj</name>
      </input_file>
      <input_file id="fl-103">
         <path>C:\ti\ccsv8\tools\compiler\ti-cgt-arm_18.1.4.LTS\lib\</path>
         <kind>archive</kind>
         <file>rtsv7M4_T_le_v4SPD16_eabi.lib</file>
         <name>fd_add_t2.asm.obj</name>
      </input_file>
      <input_file id="fl-104">
         <path>C:\ti\ccsv8\tools\compiler\ti-cgt-arm_18.1.4.LTS\lib\</path>
         <kind>archive</kind>
         <file>rtsv7M4_T_le_v4SPD16_eabi.lib</file>
         <name>fd_cmp_t2.asm.obj</name>
      </input_file>
      <input_file id="fl-105">
         <path>C:\ti\ccsv8\tools\compiler\ti-cgt-arm_18.1.4.LTS\lib\</path>
         <kind>archive</kind>
         <file>rtsv7M4_T_le_v4SPD16_eabi.lib</file>
         <name>fd_div_t2.asm.obj</name>
      </input_file>
      <input_file id="fl-106">
         <path>C:\ti\ccsv8\tools\compiler\ti-cgt-arm_18.1.4.LTS\lib\</path>
         <kind>archive</kind>
         <file>rtsv7M4_T_le_v4SPD16_eabi.lib</file>
         <name>fd_mul_t2.asm.obj</name>
      </input_file>
      <input_file id="fl-107">
         <path>C:\ti\ccsv8\tools\compiler\ti-cgt-arm_18.1.4.LTS\lib\</path>
         <kind>archive</kind>
         <file>rtsv7M4_T_le_v4SPD16_eabi.lib</file>
         <name>fd_toi_t2.asm.obj</name>
      </input_file>
      <input_file id="fl-108">
         <path>C:\ti\ccsv8\tools\compiler\ti-cgt-arm_18.1.4.LTS\lib\</path>
         <kind>archive</kind>
         <file>rtsv7M4_T_le_v4SPD16_eabi.lib</file>
         <name>i_tofd_t2.asm.obj</name>
      </input_file>
      <input_file id="fl-109">
         <path>C:\ti\ccsv8\tools\compiler\ti-cgt-arm_18.1.4.LTS\lib\</path>
         <kind>archive</kind>
         <file>rtsv7M4_T_le_v4SPD16_eabi.lib</file>
         <name>errno.c.obj</name>
      </input_file>
      <input_file id="fl-10a">
         <path>C:\ti\ccsv8\tools\compiler\ti-cgt-arm_18.1.4.LTS\lib\</path>
         <kind>archive</kind>
         <file>rtsv7M4_T_le_v4SPD16_eabi.lib</file>
         <name>s_copysign.c.obj</name>
      </input_file>
   </input_file_list>
   <object_component_list>
      <object_component id="oc-f">
         <name>.intvecs</name>
         <load_address>0x0</load_address>
         <run_address>0x0</run_address>
         <size>0x26c</size>
         <input_file_ref idref="fl-7"/>
      </object_component>
      <object_component id="oc-289">
         <name>.text:__TI_printfi</name>
         <load_address>0x26c</load_address>
         <run_address>0x26c</run_address>
         <size>0xa5e</size>
         <input_file_ref idref="fl-fb"/>
      </object_component>
      <object_component id="oc-2b0">
         <name>.text:_nop</name>
         <load_address>0xcca</load_address>
         <run_address>0xcca</run_address>
         <size>0x2</size>
         <input_file_ref idref="fl-c8"/>
      </object_component>
      <object_component id="oc-de">
         <name>.text</name>
         <load_address>0xccc</load_address>
         <run_address>0xccc</run_address>
         <size>0x3d0</size>
         <input_file_ref idref="fl-ee"/>
      </object_component>
      <object_component id="oc-32c">
         <name>.text:_pconv_a</name>
         <load_address>0x109c</load_address>
         <run_address>0x109c</run_address>
         <size>0x270</size>
         <input_file_ref idref="fl-fb"/>
      </object_component>
      <object_component id="oc-31a">
         <name>.text:_pconv_g</name>
         <load_address>0x130c</load_address>
         <run_address>0x130c</run_address>
         <size>0x1d0</size>
         <input_file_ref idref="fl-fb"/>
      </object_component>
      <object_component id="oc-3c5">
         <name>.text</name>
         <load_address>0x14dc</load_address>
         <run_address>0x14dc</run_address>
         <size>0x1b6</size>
         <input_file_ref idref="fl-103"/>
      </object_component>
      <object_component id="oc-246">
         <name>.text</name>
         <load_address>0x1692</load_address>
         <run_address>0x1692</run_address>
         <size>0x2</size>
         <input_file_ref idref="fl-fa"/>
      </object_component>
      <object_component id="oc-9f">
         <name>.text</name>
         <load_address>0x1694</load_address>
         <run_address>0x1694</run_address>
         <size>0x164</size>
         <input_file_ref idref="fl-4"/>
      </object_component>
      <object_component id="oc-326">
         <name>.text:_pconv_e</name>
         <load_address>0x17f8</load_address>
         <run_address>0x17f8</run_address>
         <size>0x13c</size>
         <input_file_ref idref="fl-fb"/>
      </object_component>
      <object_component id="oc-3ab">
         <name>.text</name>
         <load_address>0x1934</load_address>
         <run_address>0x1934</run_address>
         <size>0x136</size>
         <input_file_ref idref="fl-105"/>
      </object_component>
      <object_component id="oc-19e">
         <name>.text:GPIOPadConfigSet</name>
         <load_address>0x1a6a</load_address>
         <run_address>0x1a6a</run_address>
         <size>0x132</size>
         <input_file_ref idref="fl-f2"/>
      </object_component>
      <object_component id="oc-3d7">
         <name>.text:fcvt</name>
         <load_address>0x1b9c</load_address>
         <run_address>0x1b9c</run_address>
         <size>0x124</size>
         <input_file_ref idref="fl-fb"/>
      </object_component>
      <object_component id="oc-145">
         <name>.text:fputs</name>
         <load_address>0x1cc0</load_address>
         <run_address>0x1cc0</run_address>
         <size>0x114</size>
         <input_file_ref idref="fl-cd"/>
      </object_component>
      <object_component id="oc-16f">
         <name>.text:SysCtlClockGet</name>
         <load_address>0x1dd4</load_address>
         <run_address>0x1dd4</run_address>
         <size>0x110</size>
         <input_file_ref idref="fl-f4"/>
      </object_component>
      <object_component id="oc-3eb">
         <name>.text:scalbn</name>
         <load_address>0x1ee4</load_address>
         <run_address>0x1ee4</run_address>
         <size>0x110</size>
         <input_file_ref idref="fl-102"/>
      </object_component>
      <object_component id="oc-3a6">
         <name>.text</name>
         <load_address>0x1ff4</load_address>
         <run_address>0x1ff4</run_address>
         <size>0xfc</size>
         <input_file_ref idref="fl-106"/>
      </object_component>
      <object_component id="oc-169">
         <name>.text:SysCtlClockSet</name>
         <load_address>0x20f0</load_address>
         <run_address>0x20f0</run_address>
         <size>0xf4</size>
         <input_file_ref idref="fl-f4"/>
      </object_component>
      <object_component id="oc-2d5">
         <name>.text:setvbuf</name>
         <load_address>0x21e4</load_address>
         <run_address>0x21e4</run_address>
         <size>0xdc</size>
         <input_file_ref idref="fl-d9"/>
      </object_component>
      <object_component id="oc-36b">
         <name>.text:free</name>
         <load_address>0x22c0</load_address>
         <run_address>0x22c0</run_address>
         <size>0xd8</size>
         <input_file_ref idref="fl-e2"/>
      </object_component>
      <object_component id="oc-f6">
         <name>.text</name>
         <load_address>0x2398</load_address>
         <run_address>0x2398</run_address>
         <size>0xc4</size>
         <input_file_ref idref="fl-f1"/>
      </object_component>
      <object_component id="oc-30f">
         <name>.text:_ltostr</name>
         <load_address>0x245c</load_address>
         <run_address>0x245c</run_address>
         <size>0xb1</size>
         <input_file_ref idref="fl-fb"/>
      </object_component>
      <object_component id="oc-ea">
         <name>.text</name>
         <load_address>0x2510</load_address>
         <run_address>0x2510</run_address>
         <size>0x9c</size>
         <input_file_ref idref="fl-ef"/>
      </object_component>
      <object_component id="oc-3b">
         <name>.text</name>
         <load_address>0x25ac</load_address>
         <run_address>0x25ac</run_address>
         <size>0x9c</size>
         <input_file_ref idref="fl-d1"/>
      </object_component>
      <object_component id="oc-163">
         <name>.text</name>
         <load_address>0x2648</load_address>
         <run_address>0x2648</run_address>
         <size>0x96</size>
         <input_file_ref idref="fl-f8"/>
      </object_component>
      <object_component id="oc-e4">
         <name>.text</name>
         <load_address>0x26e0</load_address>
         <run_address>0x26e0</run_address>
         <size>0x8c</size>
         <input_file_ref idref="fl-f0"/>
      </object_component>
      <object_component id="oc-315">
         <name>.text:__aeabi_cdcmple</name>
         <load_address>0x276c</load_address>
         <run_address>0x276c</run_address>
         <size>0x86</size>
         <input_file_ref idref="fl-104"/>
      </object_component>
      <object_component id="oc-3b0">
         <name>.text:__aeabi_cdrcmple</name>
         <load_address>0x27f2</load_address>
         <run_address>0x27f2</run_address>
         <size>0x86</size>
         <input_file_ref idref="fl-104"/>
      </object_component>
      <object_component id="oc-14b">
         <name>.text:fflush</name>
         <load_address>0x2878</load_address>
         <run_address>0x2878</run_address>
         <size>0x7c</size>
         <input_file_ref idref="fl-cc"/>
      </object_component>
      <object_component id="oc-93">
         <name>.text</name>
         <load_address>0x28f4</load_address>
         <run_address>0x28f4</run_address>
         <size>0x7a</size>
         <input_file_ref idref="fl-d2"/>
      </object_component>
      <object_component id="oc-371">
         <name>.text:malloc</name>
         <load_address>0x2970</load_address>
         <run_address>0x2970</run_address>
         <size>0x78</size>
         <input_file_ref idref="fl-e2"/>
      </object_component>
      <object_component id="oc-42d">
         <name>.text:__TI_closefile</name>
         <load_address>0x29e8</load_address>
         <run_address>0x29e8</run_address>
         <size>0x74</size>
         <input_file_ref idref="fl-e6"/>
      </object_component>
      <object_component id="oc-3d0">
         <name>.text:_mcpy</name>
         <load_address>0x2a5c</load_address>
         <run_address>0x2a5c</run_address>
         <size>0x6e</size>
         <input_file_ref idref="fl-fb"/>
      </object_component>
      <object_component id="oc-44e">
         <name>.text:HOSTlseek</name>
         <load_address>0x2acc</load_address>
         <run_address>0x2acc</run_address>
         <size>0x68</size>
         <input_file_ref idref="fl-db"/>
      </object_component>
      <object_component id="oc-45a">
         <name>.text:HOSTrename</name>
         <load_address>0x2b34</load_address>
         <run_address>0x2b34</run_address>
         <size>0x68</size>
         <input_file_ref idref="fl-de"/>
      </object_component>
      <object_component id="oc-12">
         <name>.text:decompress:lzss:__TI_decompress_lzss</name>
         <load_address>0x2b9c</load_address>
         <run_address>0x2b9c</run_address>
         <size>0x68</size>
         <input_file_ref idref="fl-c5"/>
      </object_component>
      <object_component id="oc-3e5">
         <name>.text:frexp</name>
         <load_address>0x2c04</load_address>
         <run_address>0x2c04</run_address>
         <size>0x64</size>
         <input_file_ref idref="fl-101"/>
      </object_component>
      <object_component id="oc-2cf">
         <name>.text:fseek</name>
         <load_address>0x2c68</load_address>
         <run_address>0x2c68</run_address>
         <size>0x64</size>
         <input_file_ref idref="fl-d7"/>
      </object_component>
      <object_component id="oc-20b">
         <name>.text:__TI_wrt_ok</name>
         <load_address>0x2ccc</load_address>
         <run_address>0x2ccc</run_address>
         <size>0x62</size>
         <input_file_ref idref="fl-d6"/>
      </object_component>
      <object_component id="oc-436">
         <name>.text:HOSTopen</name>
         <load_address>0x2d30</load_address>
         <run_address>0x2d30</run_address>
         <size>0x60</size>
         <input_file_ref idref="fl-dc"/>
      </object_component>
      <object_component id="oc-49d">
         <name>.text:close</name>
         <load_address>0x2d90</load_address>
         <run_address>0x2d90</run_address>
         <size>0x5c</size>
         <input_file_ref idref="fl-ed"/>
      </object_component>
      <object_component id="oc-442">
         <name>.text:HOSTread</name>
         <load_address>0x2dec</load_address>
         <run_address>0x2dec</run_address>
         <size>0x58</size>
         <input_file_ref idref="fl-dd"/>
      </object_component>
      <object_component id="oc-448">
         <name>.text:HOSTwrite</name>
         <load_address>0x2e44</load_address>
         <run_address>0x2e44</run_address>
         <size>0x58</size>
         <input_file_ref idref="fl-e0"/>
      </object_component>
      <object_component id="oc-320">
         <name>.text:_pconv_f</name>
         <load_address>0x2e9c</load_address>
         <run_address>0x2e9c</run_address>
         <size>0x56</size>
         <input_file_ref idref="fl-fb"/>
      </object_component>
      <object_component id="oc-3ba">
         <name>.text:ltoa</name>
         <load_address>0x2ef2</load_address>
         <run_address>0x2ef2</run_address>
         <size>0x54</size>
         <input_file_ref idref="fl-fe"/>
      </object_component>
      <object_component id="oc-3ca">
         <name>.text:_ecpy</name>
         <load_address>0x2f46</load_address>
         <run_address>0x2f46</run_address>
         <size>0x52</size>
         <input_file_ref idref="fl-fb"/>
      </object_component>
      <object_component id="oc-21d">
         <name>.text:__TI_doflush</name>
         <load_address>0x2f98</load_address>
         <run_address>0x2f98</run_address>
         <size>0x4c</size>
         <input_file_ref idref="fl-cc"/>
      </object_component>
      <object_component id="oc-309">
         <name>.text:atoi</name>
         <load_address>0x2fe4</load_address>
         <run_address>0x2fe4</run_address>
         <size>0x4c</size>
         <input_file_ref idref="fl-fc"/>
      </object_component>
      <object_component id="oc-1b9">
         <name>.text:GPIOPinConfigure</name>
         <load_address>0x3030</load_address>
         <run_address>0x3030</run_address>
         <size>0x48</size>
         <input_file_ref idref="fl-f2"/>
      </object_component>
      <object_component id="oc-10b">
         <name>.text:exit</name>
         <load_address>0x3078</load_address>
         <run_address>0x3078</run_address>
         <size>0x48</size>
         <input_file_ref idref="fl-c7"/>
      </object_component>
      <object_component id="oc-3b5">
         <name>.text</name>
         <load_address>0x30c0</load_address>
         <run_address>0x30c0</run_address>
         <size>0x48</size>
         <input_file_ref idref="fl-107"/>
      </object_component>
      <object_component id="oc-1c5">
         <name>.text:UARTConfigSetExpClk</name>
         <load_address>0x3108</load_address>
         <run_address>0x3108</run_address>
         <size>0x46</size>
         <input_file_ref idref="fl-f6"/>
      </object_component>
      <object_component id="oc-43c">
         <name>.text:HOSTclose</name>
         <load_address>0x3150</load_address>
         <run_address>0x3150</run_address>
         <size>0x44</size>
         <input_file_ref idref="fl-da"/>
      </object_component>
      <object_component id="oc-454">
         <name>.text:HOSTunlink</name>
         <load_address>0x3194</load_address>
         <run_address>0x3194</run_address>
         <size>0x44</size>
         <input_file_ref idref="fl-df"/>
      </object_component>
      <object_component id="oc-111">
         <name>.text:__TI_auto_init_nobinit_nopinit:__TI_auto_init_nobinit_nopinit</name>
         <load_address>0x31d8</load_address>
         <run_address>0x31d8</run_address>
         <size>0x44</size>
         <input_file_ref idref="fl-d3"/>
      </object_component>
      <object_component id="oc-4e0">
         <name>.text:getdevice</name>
         <load_address>0x321c</load_address>
         <run_address>0x321c</run_address>
         <size>0x44</size>
         <input_file_ref idref="fl-e7"/>
      </object_component>
      <object_component id="oc-1d7">
         <name>.text:vsnprintf</name>
         <load_address>0x3260</load_address>
         <run_address>0x3260</run_address>
         <size>0x40</size>
         <input_file_ref idref="fl-f9"/>
      </object_component>
      <object_component id="oc-3dd">
         <name>.text:_fcpy</name>
         <load_address>0x32a0</load_address>
         <run_address>0x32a0</run_address>
         <size>0x3e</size>
         <input_file_ref idref="fl-fb"/>
      </object_component>
      <object_component id="oc-422">
         <name>.text:minsert</name>
         <load_address>0x32e0</load_address>
         <run_address>0x32e0</run_address>
         <size>0x3c</size>
         <input_file_ref idref="fl-e2"/>
      </object_component>
      <object_component id="oc-4ac">
         <name>.text:__TI_writemsg</name>
         <load_address>0x331c</load_address>
         <run_address>0x331c</run_address>
         <size>0x38</size>
         <input_file_ref idref="fl-e1"/>
      </object_component>
      <object_component id="oc-59">
         <name>.text:_c_int00_noargs:_c_int00_noargs</name>
         <load_address>0x3354</load_address>
         <run_address>0x3354</run_address>
         <size>0x38</size>
         <input_file_ref idref="fl-c6"/>
      </object_component>
      <object_component id="oc-416">
         <name>.text:minit</name>
         <load_address>0x338c</load_address>
         <run_address>0x338c</run_address>
         <size>0x38</size>
         <input_file_ref idref="fl-e2"/>
      </object_component>
      <object_component id="oc-502">
         <name>.text:strncpy</name>
         <load_address>0x33c4</load_address>
         <run_address>0x33c4</run_address>
         <size>0x36</size>
         <input_file_ref idref="fl-eb"/>
      </object_component>
      <object_component id="oc-254">
         <name>.text:IntRegister</name>
         <load_address>0x33fc</load_address>
         <run_address>0x33fc</run_address>
         <size>0x34</size>
         <input_file_ref idref="fl-f3"/>
      </object_component>
      <object_component id="oc-192">
         <name>.text:SysCtlPeripheralEnable</name>
         <load_address>0x3430</load_address>
         <run_address>0x3430</run_address>
         <size>0x34</size>
         <input_file_ref idref="fl-f4"/>
      </object_component>
      <object_component id="oc-377">
         <name>.text:__TI_cleanup</name>
         <load_address>0x3464</load_address>
         <run_address>0x3464</run_address>
         <size>0x34</size>
         <input_file_ref idref="fl-e3"/>
      </object_component>
      <object_component id="oc-4b2">
         <name>.text:__TI_readmsg</name>
         <load_address>0x3498</load_address>
         <run_address>0x3498</run_address>
         <size>0x34</size>
         <input_file_ref idref="fl-e1"/>
      </object_component>
      <object_component id="oc-28f">
         <name>.text:_outs</name>
         <load_address>0x34cc</load_address>
         <run_address>0x34cc</run_address>
         <size>0x30</size>
         <input_file_ref idref="fl-f9"/>
      </object_component>
      <object_component id="oc-508">
         <name>.text:finddevice</name>
         <load_address>0x34fc</load_address>
         <run_address>0x34fc</run_address>
         <size>0x30</size>
         <input_file_ref idref="fl-e7"/>
      </object_component>
      <object_component id="oc-3c0">
         <name>.text</name>
         <load_address>0x352c</load_address>
         <run_address>0x352c</run_address>
         <size>0x2e</size>
         <input_file_ref idref="fl-108"/>
      </object_component>
      <object_component id="oc-d9">
         <name>.text</name>
         <load_address>0x355c</load_address>
         <run_address>0x355c</run_address>
         <size>0x2c</size>
         <input_file_ref idref="fl-3"/>
      </object_component>
      <object_component id="oc-4a3">
         <name>.text:unlink</name>
         <load_address>0x3588</load_address>
         <run_address>0x3588</run_address>
         <size>0x2c</size>
         <input_file_ref idref="fl-ec"/>
      </object_component>
      <object_component id="oc-266">
         <name>.text:GPIODirModeSet</name>
         <load_address>0x35b4</load_address>
         <run_address>0x35b4</run_address>
         <size>0x2a</size>
         <input_file_ref idref="fl-f2"/>
      </object_component>
      <object_component id="oc-363">
         <name>.text:lseek</name>
         <load_address>0x35e0</load_address>
         <run_address>0x35e0</run_address>
         <size>0x28</size>
         <input_file_ref idref="fl-d8"/>
      </object_component>
      <object_component id="oc-41c">
         <name>.text:mremove</name>
         <load_address>0x3608</load_address>
         <run_address>0x3608</run_address>
         <size>0x28</size>
         <input_file_ref idref="fl-e2"/>
      </object_component>
      <object_component id="oc-223">
         <name>.text:write</name>
         <load_address>0x3630</load_address>
         <run_address>0x3630</run_address>
         <size>0x28</size>
         <input_file_ref idref="fl-d0"/>
      </object_component>
      <object_component id="oc-279">
         <name>.text:UARTDisable</name>
         <load_address>0x3658</load_address>
         <run_address>0x3658</run_address>
         <size>0x20</size>
         <input_file_ref idref="fl-f6"/>
      </object_component>
      <object_component id="oc-217">
         <name>.text:memchr</name>
         <load_address>0x3678</load_address>
         <run_address>0x3678</run_address>
         <size>0x20</size>
         <input_file_ref idref="fl-ce"/>
      </object_component>
      <object_component id="oc-17b">
         <name>.text:SysTickIntRegister</name>
         <load_address>0x3698</load_address>
         <run_address>0x3698</run_address>
         <size>0x1c</size>
         <input_file_ref idref="fl-f5"/>
      </object_component>
      <object_component id="oc-d3">
         <name>.text:_abort_msg</name>
         <load_address>0x36b4</load_address>
         <run_address>0x36b4</run_address>
         <size>0x1c</size>
         <input_file_ref idref="fl-ca"/>
      </object_component>
      <object_component id="oc-f0">
         <name>.text</name>
         <load_address>0x36d0</load_address>
         <run_address>0x36d0</run_address>
         <size>0x1c</size>
         <input_file_ref idref="fl-2"/>
      </object_component>
      <object_component id="oc-332">
         <name>.text:memccpy</name>
         <load_address>0x36ec</load_address>
         <run_address>0x36ec</run_address>
         <size>0x1c</size>
         <input_file_ref idref="fl-ff"/>
      </object_component>
      <object_component id="oc-1ae">
         <name>.text:GPIOPinTypeGPIOOutput</name>
         <load_address>0x3708</load_address>
         <run_address>0x3708</run_address>
         <size>0x18</size>
         <input_file_ref idref="fl-f2"/>
      </object_component>
      <object_component id="oc-295">
         <name>.text:_outc</name>
         <load_address>0x3720</load_address>
         <run_address>0x3720</run_address>
         <size>0x18</size>
         <input_file_ref idref="fl-f9"/>
      </object_component>
      <object_component id="oc-51f">
         <name>.text:strcmp</name>
         <load_address>0x3738</load_address>
         <run_address>0x3738</run_address>
         <size>0x18</size>
         <input_file_ref idref="fl-ea"/>
      </object_component>
      <object_component id="oc-3f1">
         <name>.text:strchr</name>
         <load_address>0x3750</load_address>
         <run_address>0x3750</run_address>
         <size>0x16</size>
         <input_file_ref idref="fl-e9"/>
      </object_component>
      <object_component id="oc-187">
         <name>.text:SysTickEnable</name>
         <load_address>0x3768</load_address>
         <run_address>0x3768</run_address>
         <size>0x14</size>
         <input_file_ref idref="fl-f5"/>
      </object_component>
      <object_component id="oc-181">
         <name>.text:SysTickIntEnable</name>
         <load_address>0x377c</load_address>
         <run_address>0x377c</run_address>
         <size>0x14</size>
         <input_file_ref idref="fl-f5"/>
      </object_component>
      <object_component id="oc-27f">
         <name>.text:UARTEnable</name>
         <load_address>0x3790</load_address>
         <run_address>0x3790</run_address>
         <size>0x14</size>
         <input_file_ref idref="fl-f6"/>
      </object_component>
      <object_component id="oc-47a">
         <name>.text:copysign</name>
         <load_address>0x37a4</load_address>
         <run_address>0x37a4</run_address>
         <size>0x14</size>
         <input_file_ref idref="fl-10a"/>
      </object_component>
      <object_component id="oc-4c6">
         <name>.text:strcpy</name>
         <load_address>0x37b8</load_address>
         <run_address>0x37b8</run_address>
         <size>0x14</size>
         <input_file_ref idref="fl-e5"/>
      </object_component>
      <object_component id="oc-211">
         <name>.text:strlen</name>
         <load_address>0x37cc</load_address>
         <run_address>0x37cc</run_address>
         <size>0x14</size>
         <input_file_ref idref="fl-cf"/>
      </object_component>
      <object_component id="oc-198">
         <name>.text:GPIOPinTypeGPIOInput</name>
         <load_address>0x37e0</load_address>
         <run_address>0x37e0</run_address>
         <size>0x12</size>
         <input_file_ref idref="fl-f2"/>
      </object_component>
      <object_component id="oc-1bf">
         <name>.text:GPIOPinTypeUART</name>
         <load_address>0x37f2</load_address>
         <run_address>0x37f2</run_address>
         <size>0x12</size>
         <input_file_ref idref="fl-f2"/>
      </object_component>
      <object_component id="oc-338">
         <name>.text:wcslen</name>
         <load_address>0x3804</load_address>
         <run_address>0x3804</run_address>
         <size>0x12</size>
         <input_file_ref idref="fl-100"/>
      </object_component>
      <object_component id="oc-175">
         <name>.text:SysTickPeriodSet</name>
         <load_address>0x3818</load_address>
         <run_address>0x3818</run_address>
         <size>0x10</size>
         <input_file_ref idref="fl-f5"/>
      </object_component>
      <object_component id="oc-18">
         <name>.text:decompress:none:__TI_decompress_none</name>
         <load_address>0x3828</load_address>
         <run_address>0x3828</run_address>
         <size>0xe</size>
         <input_file_ref idref="fl-c4"/>
      </object_component>
      <object_component id="oc-4d">
         <name>.text:decompress:ZI:__TI_zero_init</name>
         <load_address>0x3836</load_address>
         <run_address>0x3836</run_address>
         <size>0xc</size>
         <input_file_ref idref="fl-c3"/>
      </object_component>
      <object_component id="oc-27">
         <name>.text</name>
         <load_address>0x3842</load_address>
         <run_address>0x3842</run_address>
         <size>0xc</size>
         <input_file_ref idref="fl-7"/>
      </object_component>
      <object_component id="oc-1d1">
         <name>.text:UARTCharGet</name>
         <load_address>0x384e</load_address>
         <run_address>0x384e</run_address>
         <size>0xa</size>
         <input_file_ref idref="fl-f6"/>
      </object_component>
      <object_component id="oc-1cb">
         <name>.text:UARTCharPut</name>
         <load_address>0x3858</load_address>
         <run_address>0x3858</run_address>
         <size>0xa</size>
         <input_file_ref idref="fl-f6"/>
      </object_component>
      <object_component id="oc-33e">
         <name>.text:__aeabi_errno_addr</name>
         <load_address>0x3864</load_address>
         <run_address>0x3864</run_address>
         <size>0x8</size>
         <input_file_ref idref="fl-109"/>
      </object_component>
      <object_component id="oc-1a4">
         <name>.text:GPIOPinRead</name>
         <load_address>0x386c</load_address>
         <run_address>0x386c</run_address>
         <size>0x6</size>
         <input_file_ref idref="fl-f2"/>
      </object_component>
      <object_component id="oc-156">
         <name>.text:GPIOPinWrite</name>
         <load_address>0x3872</load_address>
         <run_address>0x3872</run_address>
         <size>0x6</size>
         <input_file_ref idref="fl-f2"/>
      </object_component>
      <object_component id="oc-168">
         <name>.text:SysCtlDelay</name>
         <load_address>0x3878</load_address>
         <run_address>0x3878</run_address>
         <size>0x6</size>
         <input_file_ref idref="fl-f4"/>
      </object_component>
      <object_component id="oc-99">
         <name>.text:_system_pre_init</name>
         <load_address>0x387e</load_address>
         <run_address>0x387e</run_address>
         <size>0x4</size>
         <input_file_ref idref="fl-d4"/>
      </object_component>
      <object_component id="oc-105">
         <name>.text:abort:abort</name>
         <load_address>0x3882</load_address>
         <run_address>0x3882</run_address>
         <size>0x4</size>
         <input_file_ref idref="fl-c7"/>
      </object_component>
      <object_component id="oc-39f">
         <name>.const:.string:_ctypes_</name>
         <load_address>0x3888</load_address>
         <run_address>0x3888</run_address>
         <size>0x101</size>
         <input_file_ref idref="fl-fd"/>
      </object_component>
      <object_component id="oc-274">
         <name>.const:g_pui32GPIOBaseAddrs</name>
         <load_address>0x398c</load_address>
         <run_address>0x398c</run_address>
         <size>0x90</size>
         <input_file_ref idref="fl-f2"/>
      </object_component>
      <object_component id="oc-24e">
         <name>.const:g_pui32Xtals</name>
         <load_address>0x3a1c</load_address>
         <run_address>0x3a1c</run_address>
         <size>0x6c</size>
         <input_file_ref idref="fl-f4"/>
      </object_component>
      <object_component id="oc-558">
         <name>.cinit..data.load</name>
         <load_address>0x3a88</load_address>
         <run_address>0x3a88</run_address>
         <size>0x74</size>
      </object_component>
      <object_component id="oc-555">
         <name>__TI_handler_table</name>
         <load_address>0x3afc</load_address>
         <run_address>0x3afc</run_address>
         <size>0xc</size>
      </object_component>
      <object_component id="oc-559">
         <name>.cinit..bss.load</name>
         <load_address>0x3b08</load_address>
         <run_address>0x3b08</run_address>
         <size>0x8</size>
      </object_component>
      <object_component id="oc-557">
         <name>.cinit..vtable.load</name>
         <load_address>0x3b10</load_address>
         <run_address>0x3b10</run_address>
         <size>0x8</size>
      </object_component>
      <object_component id="oc-556">
         <name>__TI_cinit_table</name>
         <load_address>0x3b18</load_address>
         <run_address>0x3b18</run_address>
         <size>0x18</size>
      </object_component>
      <object_component id="oc-2fd">
         <name>.vtable</name>
         <uninitialized>true</uninitialized>
         <run_address>0x20000000</run_address>
         <size>0x26c</size>
         <input_file_ref idref="fl-f3"/>
      </object_component>
      <object_component id="oc-fc">
         <name>.data</name>
         <load_address>0x200012b0</load_address>
         <run_address>0x200012b0</run_address>
         <size>0x3</size>
         <input_file_ref idref="fl-4"/>
      </object_component>
      <object_component id="oc-1ec">
         <name>.data:$O1$$</name>
         <load_address>0x20001284</load_address>
         <run_address>0x20001284</run_address>
         <size>0xc</size>
         <input_file_ref idref="fl-c7"/>
      </object_component>
      <object_component id="oc-1ef">
         <name>.data:$O1$$</name>
         <load_address>0x2000129c</load_address>
         <run_address>0x2000129c</run_address>
         <size>0x8</size>
         <input_file_ref idref="fl-c8"/>
      </object_component>
      <object_component id="oc-151">
         <name>.data:_ftable</name>
         <load_address>0x200010bc</load_address>
         <run_address>0x200010bc</run_address>
         <size>0xf0</size>
         <input_file_ref idref="fl-cb"/>
      </object_component>
      <object_component id="oc-22b">
         <name>.data</name>
         <load_address>0x20001274</load_address>
         <run_address>0x20001274</run_address>
         <size>0x10</size>
         <input_file_ref idref="fl-cb"/>
      </object_component>
      <object_component id="oc-38a">
         <name>.data:_device</name>
         <load_address>0x200011ac</load_address>
         <run_address>0x200011ac</run_address>
         <size>0x78</size>
         <input_file_ref idref="fl-d0"/>
      </object_component>
      <object_component id="oc-2e2">
         <name>.data:_stream</name>
         <load_address>0x20001224</load_address>
         <run_address>0x20001224</run_address>
         <size>0x50</size>
         <input_file_ref idref="fl-d0"/>
      </object_component>
      <object_component id="oc-428">
         <name>.data:$O1$$</name>
         <load_address>0x20001290</load_address>
         <run_address>0x20001290</run_address>
         <size>0xc</size>
         <input_file_ref idref="fl-e2"/>
      </object_component>
      <object_component id="oc-15d">
         <name>.data</name>
         <load_address>0x200012a4</load_address>
         <run_address>0x200012a4</run_address>
         <size>0x8</size>
         <input_file_ref idref="fl-ee"/>
      </object_component>
      <object_component id="oc-1b4">
         <name>.data</name>
         <load_address>0x200012b3</load_address>
         <run_address>0x200012b3</run_address>
         <size>0x1</size>
         <input_file_ref idref="fl-ef"/>
      </object_component>
      <object_component id="oc-1aa">
         <name>.data</name>
         <load_address>0x200012b4</load_address>
         <run_address>0x200012b4</run_address>
         <size>0x1</size>
         <input_file_ref idref="fl-f0"/>
      </object_component>
      <object_component id="oc-401">
         <name>.data</name>
         <load_address>0x200012ac</load_address>
         <run_address>0x200012ac</run_address>
         <size>0x4</size>
         <input_file_ref idref="fl-109"/>
      </object_component>
      <object_component id="oc-4ea">
         <name>.bss:_CIOBUF_</name>
         <uninitialized>true</uninitialized>
         <run_address>0x20000e70</run_address>
         <size>0x120</size>
         <input_file_ref idref="fl-e1"/>
      </object_component>
      <object_component id="oc-18d">
         <name>.bss</name>
         <uninitialized>true</uninitialized>
         <run_address>0x200010b8</run_address>
         <size>0x4</size>
         <input_file_ref idref="fl-ee"/>
      </object_component>
      <object_component id="oc-160">
         <name>.bss:callbackHeap</name>
         <uninitialized>true</uninitialized>
         <run_address>0x20001030</run_address>
         <size>0x80</size>
         <input_file_ref idref="fl-ee"/>
      </object_component>
      <object_component id="oc-4a9">
         <name>.common:__TI_tmpnams</name>
         <uninitialized>true</uninitialized>
         <run_address>0x20000f90</run_address>
         <size>0xa0</size>
      </object_component>
      <object_component id="oc-4b8">
         <name>.common:parmbuf</name>
         <uninitialized>true</uninitialized>
         <run_address>0x200010b0</run_address>
         <size>0x8</size>
      </object_component>
      <object_component id="oc-24">
         <name>.sysmem</name>
         <uninitialized>true</uninitialized>
         <run_address>0x20000270</run_address>
         <size>0x8</size>
         <input_file_ref idref="fl-e2"/>
      </object_component>
      <object_component id="oc-55b">
         <name>.sysmem</name>
         <uninitialized>true</uninitialized>
         <run_address>0x20000270</run_address>
         <size>0x0</size>
      </object_component>
      <object_component id="oc-21">
         <name>.stack</name>
         <uninitialized>true</uninitialized>
         <run_address>0x20000a70</run_address>
         <size>0x4</size>
         <input_file_ref idref="fl-c6"/>
      </object_component>
      <object_component id="oc-55a">
         <name>.stack</name>
         <uninitialized>true</uninitialized>
         <run_address>0x20000a70</run_address>
         <size>0x0</size>
      </object_component>
      <object_component id="oc-c2">
         <name>.debug_info</name>
         <load_address>0x0</load_address>
         <run_address>0x0</run_address>
         <size>0x2e8</size>
         <input_file_ref idref="fl-2"/>
      </object_component>
      <object_component id="oc-f1">
         <name>.debug_info</name>
         <load_address>0x2e8</load_address>
         <run_address>0x2e8</run_address>
         <size>0x148</size>
         <input_file_ref idref="fl-2"/>
      </object_component>
      <object_component id="oc-74">
         <name>.debug_info</name>
         <load_address>0x430</load_address>
         <run_address>0x430</run_address>
         <size>0x26b</size>
         <input_file_ref idref="fl-2"/>
      </object_component>
      <object_component id="oc-36">
         <name>.debug_info</name>
         <load_address>0x69b</load_address>
         <run_address>0x69b</run_address>
         <size>0x84</size>
         <input_file_ref idref="fl-2"/>
      </object_component>
      <object_component id="oc-bd">
         <name>.debug_info</name>
         <load_address>0x71f</load_address>
         <run_address>0x71f</run_address>
         <size>0x297</size>
         <input_file_ref idref="fl-2"/>
      </object_component>
      <object_component id="oc-79">
         <name>.debug_info</name>
         <load_address>0x9b6</load_address>
         <run_address>0x9b6</run_address>
         <size>0xbb</size>
         <input_file_ref idref="fl-2"/>
      </object_component>
      <object_component id="oc-da">
         <name>.debug_info</name>
         <load_address>0xa71</load_address>
         <run_address>0xa71</run_address>
         <size>0x11c</size>
         <input_file_ref idref="fl-3"/>
      </object_component>
      <object_component id="oc-fd">
         <name>.debug_info</name>
         <load_address>0xb8d</load_address>
         <run_address>0xb8d</run_address>
         <size>0x127</size>
         <input_file_ref idref="fl-4"/>
      </object_component>
      <object_component id="oc-a0">
         <name>.debug_info</name>
         <load_address>0xcb4</load_address>
         <run_address>0xcb4</run_address>
         <size>0x358</size>
         <input_file_ref idref="fl-4"/>
      </object_component>
      <object_component id="oc-1e6">
         <name>.debug_info</name>
         <load_address>0x100c</load_address>
         <run_address>0x100c</run_address>
         <size>0x48</size>
         <input_file_ref idref="fl-4"/>
      </object_component>
      <object_component id="oc-100">
         <name>.debug_info</name>
         <load_address>0x1054</load_address>
         <run_address>0x1054</run_address>
         <size>0x8b</size>
         <input_file_ref idref="fl-4"/>
      </object_component>
      <object_component id="oc-2f">
         <name>.debug_info</name>
         <load_address>0x10df</load_address>
         <run_address>0x10df</run_address>
         <size>0x2b8</size>
         <input_file_ref idref="fl-7"/>
      </object_component>
      <object_component id="oc-10">
         <name>.debug_info</name>
         <load_address>0x1397</load_address>
         <run_address>0x1397</run_address>
         <size>0xf7</size>
         <input_file_ref idref="fl-7"/>
      </object_component>
      <object_component id="oc-2b">
         <name>.debug_info</name>
         <load_address>0x148e</load_address>
         <run_address>0x148e</run_address>
         <size>0x273</size>
         <input_file_ref idref="fl-7"/>
      </object_component>
      <object_component id="oc-92">
         <name>.debug_info</name>
         <load_address>0x1701</load_address>
         <run_address>0x1701</run_address>
         <size>0x31e</size>
         <input_file_ref idref="fl-c3"/>
      </object_component>
      <object_component id="oc-51">
         <name>.debug_info</name>
         <load_address>0x1a1f</load_address>
         <run_address>0x1a1f</run_address>
         <size>0x1b5</size>
         <input_file_ref idref="fl-c3"/>
      </object_component>
      <object_component id="oc-8d">
         <name>.debug_info</name>
         <load_address>0x1bd4</load_address>
         <run_address>0x1bd4</run_address>
         <size>0x46</size>
         <input_file_ref idref="fl-c3"/>
      </object_component>
      <object_component id="oc-ca">
         <name>.debug_info</name>
         <load_address>0x1c1a</load_address>
         <run_address>0x1c1a</run_address>
         <size>0x2c</size>
         <input_file_ref idref="fl-c3"/>
      </object_component>
      <object_component id="oc-46">
         <name>.debug_info</name>
         <load_address>0x1c46</load_address>
         <run_address>0x1c46</run_address>
         <size>0x2a8</size>
         <input_file_ref idref="fl-c4"/>
      </object_component>
      <object_component id="oc-1c">
         <name>.debug_info</name>
         <load_address>0x1eee</load_address>
         <run_address>0x1eee</run_address>
         <size>0x1ea</size>
         <input_file_ref idref="fl-c4"/>
      </object_component>
      <object_component id="oc-41">
         <name>.debug_info</name>
         <load_address>0x20d8</load_address>
         <run_address>0x20d8</run_address>
         <size>0x46</size>
         <input_file_ref idref="fl-c4"/>
      </object_component>
      <object_component id="oc-85">
         <name>.debug_info</name>
         <load_address>0x211e</load_address>
         <run_address>0x211e</run_address>
         <size>0x2c</size>
         <input_file_ref idref="fl-c4"/>
      </object_component>
      <object_component id="oc-83">
         <name>.debug_info</name>
         <load_address>0x214a</load_address>
         <run_address>0x214a</run_address>
         <size>0x29e</size>
         <input_file_ref idref="fl-c5"/>
      </object_component>
      <object_component id="oc-15">
         <name>.debug_info</name>
         <load_address>0x23e8</load_address>
         <run_address>0x23e8</run_address>
         <size>0x250</size>
         <input_file_ref idref="fl-c5"/>
      </object_component>
      <object_component id="oc-31">
         <name>.debug_info</name>
         <load_address>0x2638</load_address>
         <run_address>0x2638</run_address>
         <size>0x60</size>
         <input_file_ref idref="fl-c5"/>
      </object_component>
      <object_component id="oc-c3">
         <name>.debug_info</name>
         <load_address>0x2698</load_address>
         <run_address>0x2698</run_address>
         <size>0x46</size>
         <input_file_ref idref="fl-c5"/>
      </object_component>
      <object_component id="oc-7e">
         <name>.debug_info</name>
         <load_address>0x26de</load_address>
         <run_address>0x26de</run_address>
         <size>0x39</size>
         <input_file_ref idref="fl-c5"/>
      </object_component>
      <object_component id="oc-22">
         <name>.debug_info</name>
         <load_address>0x2717</load_address>
         <run_address>0x2717</run_address>
         <size>0x10b</size>
         <input_file_ref idref="fl-c6"/>
      </object_component>
      <object_component id="oc-5b">
         <name>.debug_info</name>
         <load_address>0x2822</load_address>
         <run_address>0x2822</run_address>
         <size>0x1af</size>
         <input_file_ref idref="fl-c6"/>
      </object_component>
      <object_component id="oc-1f3">
         <name>.debug_info</name>
         <load_address>0x29d1</load_address>
         <run_address>0x29d1</run_address>
         <size>0x3ad</size>
         <input_file_ref idref="fl-c7"/>
      </object_component>
      <object_component id="oc-1ed">
         <name>.debug_info</name>
         <load_address>0x2d7e</load_address>
         <run_address>0x2d7e</run_address>
         <size>0x190</size>
         <input_file_ref idref="fl-c7"/>
      </object_component>
      <object_component id="oc-106">
         <name>.debug_info</name>
         <load_address>0x2f0e</load_address>
         <run_address>0x2f0e</run_address>
         <size>0x122</size>
         <input_file_ref idref="fl-c7"/>
      </object_component>
      <object_component id="oc-10c">
         <name>.debug_info</name>
         <load_address>0x3030</load_address>
         <run_address>0x3030</run_address>
         <size>0x184</size>
         <input_file_ref idref="fl-c7"/>
      </object_component>
      <object_component id="oc-2b8">
         <name>.debug_info</name>
         <load_address>0x31b4</load_address>
         <run_address>0x31b4</run_address>
         <size>0x2c9</size>
         <input_file_ref idref="fl-c8"/>
      </object_component>
      <object_component id="oc-1f0">
         <name>.debug_info</name>
         <load_address>0x347d</load_address>
         <run_address>0x347d</run_address>
         <size>0x11e</size>
         <input_file_ref idref="fl-c8"/>
      </object_component>
      <object_component id="oc-2b3">
         <name>.debug_info</name>
         <load_address>0x359b</load_address>
         <run_address>0x359b</run_address>
         <size>0x12e</size>
         <input_file_ref idref="fl-c8"/>
      </object_component>
      <object_component id="oc-155">
         <name>.debug_info</name>
         <load_address>0x36c9</load_address>
         <run_address>0x36c9</run_address>
         <size>0x322</size>
         <input_file_ref idref="fl-ca"/>
      </object_component>
      <object_component id="oc-d6">
         <name>.debug_info</name>
         <load_address>0x39eb</load_address>
         <run_address>0x39eb</run_address>
         <size>0x177</size>
         <input_file_ref idref="fl-ca"/>
      </object_component>
      <object_component id="oc-236">
         <name>.debug_info</name>
         <load_address>0x3b62</load_address>
         <run_address>0x3b62</run_address>
         <size>0xb2</size>
         <input_file_ref idref="fl-ca"/>
      </object_component>
      <object_component id="oc-232">
         <name>.debug_info</name>
         <load_address>0x3c14</load_address>
         <run_address>0x3c14</run_address>
         <size>0x144</size>
         <input_file_ref idref="fl-cb"/>
      </object_component>
      <object_component id="oc-152">
         <name>.debug_info</name>
         <load_address>0x3d58</load_address>
         <run_address>0x3d58</run_address>
         <size>0x102</size>
         <input_file_ref idref="fl-cb"/>
      </object_component>
      <object_component id="oc-22c">
         <name>.debug_info</name>
         <load_address>0x3e5a</load_address>
         <run_address>0x3e5a</run_address>
         <size>0x18f</size>
         <input_file_ref idref="fl-cb"/>
      </object_component>
      <object_component id="oc-22f">
         <name>.debug_info</name>
         <load_address>0x3fe9</load_address>
         <run_address>0x3fe9</run_address>
         <size>0x347</size>
         <input_file_ref idref="fl-cc"/>
      </object_component>
      <object_component id="oc-21e">
         <name>.debug_info</name>
         <load_address>0x4330</load_address>
         <run_address>0x4330</run_address>
         <size>0x18a</size>
         <input_file_ref idref="fl-cc"/>
      </object_component>
      <object_component id="oc-14c">
         <name>.debug_info</name>
         <load_address>0x44ba</load_address>
         <run_address>0x44ba</run_address>
         <size>0x1c8</size>
         <input_file_ref idref="fl-cc"/>
      </object_component>
      <object_component id="oc-22a">
         <name>.debug_info</name>
         <load_address>0x4682</load_address>
         <run_address>0x4682</run_address>
         <size>0x3fc</size>
         <input_file_ref idref="fl-cd"/>
      </object_component>
      <object_component id="oc-147">
         <name>.debug_info</name>
         <load_address>0x4a7e</load_address>
         <run_address>0x4a7e</run_address>
         <size>0x2e2</size>
         <input_file_ref idref="fl-cd"/>
      </object_component>
      <object_component id="oc-2e0">
         <name>.debug_info</name>
         <load_address>0x4d60</load_address>
         <run_address>0x4d60</run_address>
         <size>0x2a5</size>
         <input_file_ref idref="fl-ce"/>
      </object_component>
      <object_component id="oc-218">
         <name>.debug_info</name>
         <load_address>0x5005</load_address>
         <run_address>0x5005</run_address>
         <size>0x263</size>
         <input_file_ref idref="fl-ce"/>
      </object_component>
      <object_component id="oc-2de">
         <name>.debug_info</name>
         <load_address>0x5268</load_address>
         <run_address>0x5268</run_address>
         <size>0x28f</size>
         <input_file_ref idref="fl-cf"/>
      </object_component>
      <object_component id="oc-213">
         <name>.debug_info</name>
         <load_address>0x54f7</load_address>
         <run_address>0x54f7</run_address>
         <size>0x24b</size>
         <input_file_ref idref="fl-cf"/>
      </object_component>
      <object_component id="oc-2e6">
         <name>.debug_info</name>
         <load_address>0x5742</load_address>
         <run_address>0x5742</run_address>
         <size>0x4d0</size>
         <input_file_ref idref="fl-d0"/>
      </object_component>
      <object_component id="oc-38b">
         <name>.debug_info</name>
         <load_address>0x5c12</load_address>
         <run_address>0x5c12</run_address>
         <size>0x103</size>
         <input_file_ref idref="fl-d0"/>
      </object_component>
      <object_component id="oc-2e3">
         <name>.debug_info</name>
         <load_address>0x5d15</load_address>
         <run_address>0x5d15</run_address>
         <size>0x103</size>
         <input_file_ref idref="fl-d0"/>
      </object_component>
      <object_component id="oc-227">
         <name>.debug_info</name>
         <load_address>0x5e18</load_address>
         <run_address>0x5e18</run_address>
         <size>0x18f</size>
         <input_file_ref idref="fl-d0"/>
      </object_component>
      <object_component id="oc-391">
         <name>.debug_info</name>
         <load_address>0x5fa7</load_address>
         <run_address>0x5fa7</run_address>
         <size>0x120</size>
         <input_file_ref idref="fl-d0"/>
      </object_component>
      <object_component id="oc-396">
         <name>.debug_info</name>
         <load_address>0x60c7</load_address>
         <run_address>0x60c7</run_address>
         <size>0x2c</size>
         <input_file_ref idref="fl-d0"/>
      </object_component>
      <object_component id="oc-3d">
         <name>.debug_info</name>
         <load_address>0x60f3</load_address>
         <run_address>0x60f3</run_address>
         <size>0x11c</size>
         <input_file_ref idref="fl-d1"/>
      </object_component>
      <object_component id="oc-94">
         <name>.debug_info</name>
         <load_address>0x620f</load_address>
         <run_address>0x620f</run_address>
         <size>0x14a</size>
         <input_file_ref idref="fl-d2"/>
      </object_component>
      <object_component id="oc-1f6">
         <name>.debug_info</name>
         <load_address>0x6359</load_address>
         <run_address>0x6359</run_address>
         <size>0x552</size>
         <input_file_ref idref="fl-d3"/>
      </object_component>
      <object_component id="oc-112">
         <name>.debug_info</name>
         <load_address>0x68ab</load_address>
         <run_address>0x68ab</run_address>
         <size>0x1a6</size>
         <input_file_ref idref="fl-d3"/>
      </object_component>
      <object_component id="oc-2be">
         <name>.debug_info</name>
         <load_address>0x6a51</load_address>
         <run_address>0x6a51</run_address>
         <size>0x39</size>
         <input_file_ref idref="fl-d3"/>
      </object_component>
      <object_component id="oc-357">
         <name>.debug_info</name>
         <load_address>0x6a8a</load_address>
         <run_address>0x6a8a</run_address>
         <size>0x39</size>
         <input_file_ref idref="fl-d3"/>
      </object_component>
      <object_component id="oc-2c3">
         <name>.debug_info</name>
         <load_address>0x6ac3</load_address>
         <run_address>0x6ac3</run_address>
         <size>0x39</size>
         <input_file_ref idref="fl-d3"/>
      </object_component>
      <object_component id="oc-2c8">
         <name>.debug_info</name>
         <load_address>0x6afc</load_address>
         <run_address>0x6afc</run_address>
         <size>0xcd</size>
         <input_file_ref idref="fl-d3"/>
      </object_component>
      <object_component id="oc-9c">
         <name>.debug_info</name>
         <load_address>0x6bc9</load_address>
         <run_address>0x6bc9</run_address>
         <size>0x153</size>
         <input_file_ref idref="fl-d4"/>
      </object_component>
      <object_component id="oc-2dc">
         <name>.debug_info</name>
         <load_address>0x6d1c</load_address>
         <run_address>0x6d1c</run_address>
         <size>0x300</size>
         <input_file_ref idref="fl-d6"/>
      </object_component>
      <object_component id="oc-20c">
         <name>.debug_info</name>
         <load_address>0x701c</load_address>
         <run_address>0x701c</run_address>
         <size>0x19c</size>
         <input_file_ref idref="fl-d6"/>
      </object_component>
      <object_component id="oc-37f">
         <name>.debug_info</name>
         <load_address>0x71b8</load_address>
         <run_address>0x71b8</run_address>
         <size>0xbf</size>
         <input_file_ref idref="fl-d6"/>
      </object_component>
      <object_component id="oc-36a">
         <name>.debug_info</name>
         <load_address>0x7277</load_address>
         <run_address>0x7277</run_address>
         <size>0x324</size>
         <input_file_ref idref="fl-d7"/>
      </object_component>
      <object_component id="oc-2d3">
         <name>.debug_info</name>
         <load_address>0x759b</load_address>
         <run_address>0x759b</run_address>
         <size>0x1ec</size>
         <input_file_ref idref="fl-d7"/>
      </object_component>
      <object_component id="oc-413">
         <name>.debug_info</name>
         <load_address>0x7787</load_address>
         <run_address>0x7787</run_address>
         <size>0x397</size>
         <input_file_ref idref="fl-d8"/>
      </object_component>
      <object_component id="oc-367">
         <name>.debug_info</name>
         <load_address>0x7b1e</load_address>
         <run_address>0x7b1e</run_address>
         <size>0x195</size>
         <input_file_ref idref="fl-d8"/>
      </object_component>
      <object_component id="oc-37e">
         <name>.debug_info</name>
         <load_address>0x7cb3</load_address>
         <run_address>0x7cb3</run_address>
         <size>0x374</size>
         <input_file_ref idref="fl-d9"/>
      </object_component>
      <object_component id="oc-2d6">
         <name>.debug_info</name>
         <load_address>0x8027</load_address>
         <run_address>0x8027</run_address>
         <size>0x20b</size>
         <input_file_ref idref="fl-d9"/>
      </object_component>
      <object_component id="oc-4bd">
         <name>.debug_info</name>
         <load_address>0x8232</load_address>
         <run_address>0x8232</run_address>
         <size>0x373</size>
         <input_file_ref idref="fl-da"/>
      </object_component>
      <object_component id="oc-43e">
         <name>.debug_info</name>
         <load_address>0x85a5</load_address>
         <run_address>0x85a5</run_address>
         <size>0x1bc</size>
         <input_file_ref idref="fl-da"/>
      </object_component>
      <object_component id="oc-4c3">
         <name>.debug_info</name>
         <load_address>0x8761</load_address>
         <run_address>0x8761</run_address>
         <size>0x378</size>
         <input_file_ref idref="fl-db"/>
      </object_component>
      <object_component id="oc-450">
         <name>.debug_info</name>
         <load_address>0x8ad9</load_address>
         <run_address>0x8ad9</run_address>
         <size>0x210</size>
         <input_file_ref idref="fl-db"/>
      </object_component>
      <object_component id="oc-4b9">
         <name>.debug_info</name>
         <load_address>0x8ce9</load_address>
         <run_address>0x8ce9</run_address>
         <size>0x3a3</size>
         <input_file_ref idref="fl-dc"/>
      </object_component>
      <object_component id="oc-437">
         <name>.debug_info</name>
         <load_address>0x908c</load_address>
         <run_address>0x908c</run_address>
         <size>0x20c</size>
         <input_file_ref idref="fl-dc"/>
      </object_component>
      <object_component id="oc-4bf">
         <name>.debug_info</name>
         <load_address>0x9298</load_address>
         <run_address>0x9298</run_address>
         <size>0x377</size>
         <input_file_ref idref="fl-dd"/>
      </object_component>
      <object_component id="oc-446">
         <name>.debug_info</name>
         <load_address>0x960f</load_address>
         <run_address>0x960f</run_address>
         <size>0x1fb</size>
         <input_file_ref idref="fl-dd"/>
      </object_component>
      <object_component id="oc-4cd">
         <name>.debug_info</name>
         <load_address>0x980a</load_address>
         <run_address>0x980a</run_address>
         <size>0x3d5</size>
         <input_file_ref idref="fl-de"/>
      </object_component>
      <object_component id="oc-45e">
         <name>.debug_info</name>
         <load_address>0x9bdf</load_address>
         <run_address>0x9bdf</run_address>
         <size>0x236</size>
         <input_file_ref idref="fl-de"/>
      </object_component>
      <object_component id="oc-4c5">
         <name>.debug_info</name>
         <load_address>0x9e15</load_address>
         <run_address>0x9e15</run_address>
         <size>0x396</size>
         <input_file_ref idref="fl-df"/>
      </object_component>
      <object_component id="oc-455">
         <name>.debug_info</name>
         <load_address>0xa1ab</load_address>
         <run_address>0xa1ab</run_address>
         <size>0x1c6</size>
         <input_file_ref idref="fl-df"/>
      </object_component>
      <object_component id="oc-4c1">
         <name>.debug_info</name>
         <load_address>0xa371</load_address>
         <run_address>0xa371</run_address>
         <size>0x378</size>
         <input_file_ref idref="fl-e0"/>
      </object_component>
      <object_component id="oc-44b">
         <name>.debug_info</name>
         <load_address>0xa6e9</load_address>
         <run_address>0xa6e9</run_address>
         <size>0x200</size>
         <input_file_ref idref="fl-e0"/>
      </object_component>
      <object_component id="oc-4ee">
         <name>.debug_info</name>
         <load_address>0xa8e9</load_address>
         <run_address>0xa8e9</run_address>
         <size>0x2bb</size>
         <input_file_ref idref="fl-e1"/>
      </object_component>
      <object_component id="oc-4eb">
         <name>.debug_info</name>
         <load_address>0xaba4</load_address>
         <run_address>0xaba4</run_address>
         <size>0x108</size>
         <input_file_ref idref="fl-e1"/>
      </object_component>
      <object_component id="oc-4ae">
         <name>.debug_info</name>
         <load_address>0xacac</load_address>
         <run_address>0xacac</run_address>
         <size>0x1df</size>
         <input_file_ref idref="fl-e1"/>
      </object_component>
      <object_component id="oc-4b3">
         <name>.debug_info</name>
         <load_address>0xae8b</load_address>
         <run_address>0xae8b</run_address>
         <size>0x19a</size>
         <input_file_ref idref="fl-e1"/>
      </object_component>
      <object_component id="oc-6f">
         <name>.debug_info</name>
         <load_address>0xb025</load_address>
         <run_address>0xb025</run_address>
         <size>0x3c6</size>
         <input_file_ref idref="fl-e2"/>
      </object_component>
      <object_component id="oc-25">
         <name>.debug_info</name>
         <load_address>0xb3eb</load_address>
         <run_address>0xb3eb</run_address>
         <size>0x10c</size>
         <input_file_ref idref="fl-e2"/>
      </object_component>
      <object_component id="oc-429">
         <name>.debug_info</name>
         <load_address>0xb4f7</load_address>
         <run_address>0xb4f7</run_address>
         <size>0x157</size>
         <input_file_ref idref="fl-e2"/>
      </object_component>
      <object_component id="oc-417">
         <name>.debug_info</name>
         <load_address>0xb64e</load_address>
         <run_address>0xb64e</run_address>
         <size>0x144</size>
         <input_file_ref idref="fl-e2"/>
      </object_component>
      <object_component id="oc-41d">
         <name>.debug_info</name>
         <load_address>0xb792</load_address>
         <run_address>0xb792</run_address>
         <size>0x17f</size>
         <input_file_ref idref="fl-e2"/>
      </object_component>
      <object_component id="oc-425">
         <name>.debug_info</name>
         <load_address>0xb911</load_address>
         <run_address>0xb911</run_address>
         <size>0x17d</size>
         <input_file_ref idref="fl-e2"/>
      </object_component>
      <object_component id="oc-372">
         <name>.debug_info</name>
         <load_address>0xba8e</load_address>
         <run_address>0xba8e</run_address>
         <size>0x1e6</size>
         <input_file_ref idref="fl-e2"/>
      </object_component>
      <object_component id="oc-36e">
         <name>.debug_info</name>
         <load_address>0xbc74</load_address>
         <run_address>0xbc74</run_address>
         <size>0x1f1</size>
         <input_file_ref idref="fl-e2"/>
      </object_component>
      <object_component id="oc-b3">
         <name>.debug_info</name>
         <load_address>0xbe65</load_address>
         <run_address>0xbe65</run_address>
         <size>0x2c</size>
         <input_file_ref idref="fl-e2"/>
      </object_component>
      <object_component id="oc-b8">
         <name>.debug_info</name>
         <load_address>0xbe91</load_address>
[...]
         <value>0x20001278</value>
         <object_component_ref idref="oc-22b"/>
      </symbol>
      <symbol id="sm-17e">
         <name>_ftable</name>
         <value>0x200010bc</value>
         <object_component_ref idref="oc-151"/>
      </symbol>
      <symbol id="sm-17f">
         <name>__TI_ft_end</name>
         <value>0x20001274</value>
         <object_component_ref idref="oc-22b"/>
      </symbol>
      <symbol id="sm-1a0">
         <name>__TI_doflush</name>
         <value>0x2f99</value>
         <object_component_ref idref="oc-21d"/>
      </symbol>
      <symbol id="sm-1a1">
         <name>fflush</name>
         <value>0x2879</value>
         <object_component_ref idref="oc-14b"/>
      </symbol>
      <symbol id="sm-1bf">
         <name>fputs</name>
         <value>0x1cc1</value>
         <object_component_ref idref="oc-145"/>
      </symbol>
      <symbol id="sm-1cf">
         <name>memchr</name>
         <value>0x3679</value>
         <object_component_ref idref="oc-217"/>
      </symbol>
      <symbol id="sm-1dd">
         <name>strlen</name>
         <value>0x37cd</value>
         <object_component_ref idref="oc-211"/>
      </symbol>
      <symbol id="sm-203">
         <name>_stream</name>
         <value>0x20001224</value>
         <object_component_ref idref="oc-2e2"/>
      </symbol>
      <symbol id="sm-204">
         <name>_device</name>
         <value>0x200011ac</value>
         <object_component_ref idref="oc-38a"/>
      </symbol>
      <symbol id="sm-205">
         <name>write</name>
         <value>0x3631</value>
         <object_component_ref idref="oc-223"/>
      </symbol>
      <symbol id="sm-220">
         <name>memcpy</name>
         <value>0x25ad</value>
         <object_component_ref idref="oc-3b"/>
      </symbol>
      <symbol id="sm-221">
         <name>__aeabi_memcpy</name>
         <value>0x25ad</value>
         <object_component_ref idref="oc-3b"/>
      </symbol>
      <symbol id="sm-222">
         <name>__aeabi_memcpy8</name>
         <value>0x25ad</value>
         <object_component_ref idref="oc-3b"/>
      </symbol>
      <symbol id="sm-223">
         <name>__aeabi_memcpy4</name>
         <value>0x25ad</value>
         <object_component_ref idref="oc-3b"/>
      </symbol>
      <symbol id="sm-232">
         <name>__aeabi_memset</name>
         <value>0x28f7</value>
         <object_component_ref idref="oc-93"/>
      </symbol>
      <symbol id="sm-233">
         <name>memset</name>
         <value>0x28fd</value>
         <object_component_ref idref="oc-93"/>
      </symbol>
      <symbol id="sm-234">
         <name>__aeabi_memset8</name>
         <value>0x28f7</value>
         <object_component_ref idref="oc-93"/>
      </symbol>
      <symbol id="sm-235">
         <name>__aeabi_memset4</name>
         <value>0x28f7</value>
         <object_component_ref idref="oc-93"/>
      </symbol>
      <symbol id="sm-236">
         <name>__aeabi_memclr8</name>
         <value>0x28f5</value>
         <object_component_ref idref="oc-93"/>
      </symbol>
      <symbol id="sm-237">
         <name>__aeabi_memclr4</name>
         <value>0x28f5</value>
         <object_component_ref idref="oc-93"/>
      </symbol>
      <symbol id="sm-238">
         <name>__aeabi_memclr</name>
         <value>0x28f5</value>
         <object_component_ref idref="oc-93"/>
      </symbol>
      <symbol id="sm-260">
         <name>__TI_auto_init_nobinit_nopinit</name>
         <value>0x31d9</value>
         <object_component_ref idref="oc-111"/>
      </symbol>
      <symbol id="sm-26a">
         <name>_system_pre_init</name>
         <value>0x387f</value>
         <object_component_ref idref="oc-99"/>
      </symbol>
      <symbol id="sm-283">
         <name>__TI_wrt_ok</name>
         <value>0x2ccd</value>
         <object_component_ref idref="oc-20b"/>
      </symbol>
      <symbol id="sm-295">
         <name>fseek</name>
         <value>0x2c69</value>
         <object_component_ref idref="oc-2cf"/>
      </symbol>
      <symbol id="sm-2a5">
         <name>lseek</name>
         <value>0x35e1</value>
         <object_component_ref idref="oc-363"/>
      </symbol>
      <symbol id="sm-2c1">
         <name>setvbuf</name>
         <value>0x21e5</value>
         <object_component_ref idref="oc-2d5"/>
      </symbol>
      <symbol id="sm-2d2">
         <name>HOSTclose</name>
         <value>0x3151</value>
         <object_component_ref idref="oc-43c"/>
      </symbol>
      <symbol id="sm-2e3">
         <name>HOSTlseek</name>
         <value>0x2acd</value>
         <object_component_ref idref="oc-44e"/>
      </symbol>
      <symbol id="sm-2f5">
         <name>parmbuf</name>
         <value>0x200010b0</value>
      </symbol>
      <symbol id="sm-2f6">
         <name>HOSTopen</name>
         <value>0x2d31</value>
         <object_component_ref idref="oc-436"/>
      </symbol>
      <symbol id="sm-307">
         <name>HOSTread</name>
         <value>0x2ded</value>
         <object_component_ref idref="oc-442"/>
      </symbol>
      <symbol id="sm-318">
         <name>HOSTrename</name>
         <value>0x2b35</value>
         <object_component_ref idref="oc-45a"/>
      </symbol>
      <symbol id="sm-329">
         <name>HOSTunlink</name>
         <value>0x3195</value>
         <object_component_ref idref="oc-454"/>
      </symbol>
      <symbol id="sm-33a">
         <name>HOSTwrite</name>
         <value>0x2e45</value>
         <object_component_ref idref="oc-448"/>
      </symbol>
      <symbol id="sm-35e">
         <name>__TI_readmsg</name>
         <value>0x3499</value>
         <object_component_ref idref="oc-4b2"/>
      </symbol>
      <symbol id="sm-35f">
         <name>C$$IO$$</name>
         <value>0x334b</value>
         <object_component_ref idref="oc-4ac"/>
      </symbol>
      <symbol id="sm-360">
         <name>__CIOBUF_</name>
         <value>0x20000e70</value>
         <object_component_ref idref="oc-4ea"/>
      </symbol>
      <symbol id="sm-361">
         <name>__TI_writemsg</name>
         <value>0x331d</value>
         <object_component_ref idref="oc-4ac"/>
      </symbol>
      <symbol id="sm-3dc">
         <name>_sys_memory</name>
         <value>0x20000270</value>
         <object_component_ref idref="oc-24"/>
      </symbol>
      <symbol id="sm-3dd">
         <name>free</name>
         <value>0x22c1</value>
         <object_component_ref idref="oc-36b"/>
      </symbol>
      <symbol id="sm-3de">
         <name>malloc</name>
         <value>0x2971</value>
         <object_component_ref idref="oc-371"/>
      </symbol>
      <symbol id="sm-3df">
         <name>minit</name>
         <value>0x338d</value>
         <object_component_ref idref="oc-416"/>
      </symbol>
      <symbol id="sm-3ef">
         <name>__TI_cleanup</name>
         <value>0x3465</value>
         <object_component_ref idref="oc-377"/>
      </symbol>
      <symbol id="sm-3fe">
         <name>strcpy</name>
         <value>0x37b9</value>
         <object_component_ref idref="oc-4c6"/>
      </symbol>
      <symbol id="sm-413">
         <name>__TI_closefile</name>
         <value>0x29e9</value>
         <object_component_ref idref="oc-42d"/>
      </symbol>
      <symbol id="sm-43b">
         <name>finddevice</name>
         <value>0x34fd</value>
         <object_component_ref idref="oc-508"/>
      </symbol>
      <symbol id="sm-43c">
         <name>getdevice</name>
         <value>0x321d</value>
         <object_component_ref idref="oc-4e0"/>
      </symbol>
      <symbol id="sm-44d">
         <name>strchr</name>
         <value>0x3751</value>
         <object_component_ref idref="oc-3f1"/>
      </symbol>
      <symbol id="sm-45c">
         <name>strcmp</name>
         <value>0x3739</value>
         <object_component_ref idref="oc-51f"/>
      </symbol>
      <symbol id="sm-46c">
         <name>strncpy</name>
         <value>0x33c5</value>
         <object_component_ref idref="oc-502"/>
      </symbol>
      <symbol id="sm-47c">
         <name>unlink</name>
         <value>0x3589</value>
         <object_component_ref idref="oc-4a3"/>
      </symbol>
      <symbol id="sm-490">
         <name>close</name>
         <value>0x2d91</value>
         <object_component_ref idref="oc-49d"/>
      </symbol>
      <symbol id="sm-4f7">
         <name>schdExecute</name>
         <value>0xe75</value>
         <object_component_ref idref="oc-de"/>
      </symbol>
      <symbol id="sm-4f8">
         <name>sysTimeWaitAbsolute</name>
         <value>0xdaf</value>
         <object_component_ref idref="oc-de"/>
      </symbol>
      <symbol id="sm-4f9">
         <name>lpInit</name>
         <value>0xfd7</value>
         <object_component_ref idref="oc-de"/>
      </symbol>
      <symbol id="sm-4fa">
         <name>sysTimeGet</name>
         <value>0xd5f</value>
         <object_component_ref idref="oc-de"/>
      </symbol>
      <symbol id="sm-4fb">
         <name>sysTimeReached</name>
         <value>0xd65</value>
         <object_component_ref idref="oc-de"/>
      </symbol>
      <symbol id="sm-4fc">
         <name>waitUs</name>
         <value>0xfa9</value>
         <object_component_ref idref="oc-de"/>
      </symbol>
      <symbol id="sm-4fd">
         <name>sysTimeWait</name>
         <value>0xd8b</value>
         <object_component_ref idref="oc-de"/>
      </symbol>
      <symbol id="sm-4fe">
         <name>schdCallback</name>
         <value>0xdfb</value>
         <object_component_ref idref="oc-de"/>
      </symbol>
      <symbol id="sm-4ff">
         <name>waitMs</name>
         <value>0xf79</value>
         <object_component_ref idref="oc-de"/>
      </symbol>
      <symbol id="sm-51a">
         <name>ledInit</name>
         <value>0x2533</value>
         <object_component_ref idref="oc-ea"/>
      </symbol>
      <symbol id="sm-51b">
         <name>ledInitForced</name>
         <value>0x2511</value>
         <object_component_ref idref="oc-ea"/>
      </symbol>
      <symbol id="sm-51c">
         <name>ledTurnOnOff</name>
         <value>0x2547</value>
         <object_component_ref idref="oc-ea"/>
      </symbol>
      <symbol id="sm-53a">
         <name>pbInitForced</name>
         <value>0x26e1</value>
         <object_component_ref idref="oc-e4"/>
      </symbol>
      <symbol id="sm-53b">
         <name>pbInit</name>
         <value>0x2715</value>
         <object_component_ref idref="oc-e4"/>
      </symbol>
      <symbol id="sm-53c">
         <name>pbRead</name>
         <value>0x2729</value>
         <object_component_ref idref="oc-e4"/>
      </symbol>
      <symbol id="sm-553">
         <name>uartPutString</name>
         <value>0x23f7</value>
         <object_component_ref idref="oc-f6"/>
      </symbol>
      <symbol id="sm-554">
         <name>uprintf</name>
         <value>0x2423</value>
         <object_component_ref idref="oc-f6"/>
      </symbol>
      <symbol id="sm-555">
         <name>uartInit</name>
         <value>0x2399</value>
         <object_component_ref idref="oc-f6"/>
      </symbol>
      <symbol id="sm-556">
         <name>uartPutChar</name>
         <value>0x23d3</value>
         <object_component_ref idref="oc-f6"/>
      </symbol>
      <symbol id="sm-557">
         <name>uartGetChar</name>
         <value>0x23e5</value>
         <object_component_ref idref="oc-f6"/>
      </symbol>
      <symbol id="sm-5ae">
         <name>GPIOPinConfigure</name>
         <value>0x3031</value>
         <object_component_ref idref="oc-1b9"/>
      </symbol>
      <symbol id="sm-5af">
         <name>GPIOPinTypeGPIOInput</name>
         <value>0x37e1</value>
         <object_component_ref idref="oc-198"/>
      </symbol>
      <symbol id="sm-5b0">
         <name>GPIOPinTypeUART</name>
         <value>0x37f3</value>
         <object_component_ref idref="oc-1bf"/>
      </symbol>
      <symbol id="sm-5b1">
         <name>GPIOPinTypeGPIOOutput</name>
         <value>0x3709</value>
         <object_component_ref idref="oc-1ae"/>
      </symbol>
      <symbol id="sm-5b2">
         <name>GPIOPinRead</name>
         <value>0x386d</value>
         <object_component_ref idref="oc-1a4"/>
      </symbol>
      <symbol id="sm-5b3">
         <name>GPIODirModeSet</name>
         <value>0x35b5</value>
         <object_component_ref idref="oc-266"/>
      </symbol>
      <symbol id="sm-5b4">
         <name>GPIOPinWrite</name>
         <value>0x3873</value>
         <object_component_ref idref="oc-156"/>
      </symbol>
      <symbol id="sm-5b5">
         <name>GPIOPadConfigSet</name>
         <value>0x1a6b</value>
         <object_component_ref idref="oc-19e"/>
      </symbol>
      <symbol id="sm-5cc">
         <name>IntRegister</name>
         <value>0x33fd</value>
         <object_component_ref idref="oc-254"/>
      </symbol>
      <symbol id="sm-5cd">
         <name>g_pfnRAMVectors</name>
         <value>0x20000000</value>
         <object_component_ref idref="oc-2fd"/>
      </symbol>
      <symbol id="sm-61f">
         <name>SysCtlClockSet</name>
         <value>0x20f1</value>
         <object_component_ref idref="oc-169"/>
      </symbol>
      <symbol id="sm-620">
         <name>SysCtlDelay</name>
         <value>0x3879</value>
         <object_component_ref idref="oc-168"/>
      </symbol>
      <symbol id="sm-621">
         <name>SysCtlPeripheralEnable</name>
         <value>0x3431</value>
         <object_component_ref idref="oc-192"/>
      </symbol>
      <symbol id="sm-622">
         <name>SysCtlClockGet</name>
         <value>0x1dd5</value>
         <object_component_ref idref="oc-16f"/>
      </symbol>
      <symbol id="sm-64f">
         <name>SysTickEnable</name>
         <value>0x3769</value>
         <object_component_ref idref="oc-187"/>
      </symbol>
      <symbol id="sm-650">
         <name>SysTickIntRegister</name>
         <value>0x3699</value>
         <object_component_ref idref="oc-17b"/>
      </symbol>
      <symbol id="sm-651">
         <name>SysTickIntEnable</name>
         <value>0x377d</value>
         <object_component_ref idref="oc-181"/>
      </symbol>
      <symbol id="sm-652">
         <name>SysTickPeriodSet</name>
         <value>0x3819</value>
         <object_component_ref idref="oc-175"/>
      </symbol>
      <symbol id="sm-685">
         <name>UARTConfigSetExpClk</name>
         <value>0x3109</value>
         <object_component_ref idref="oc-1c5"/>
      </symbol>
      <symbol id="sm-686">
         <name>UARTDisable</name>
         <value>0x3659</value>
         <object_component_ref idref="oc-279"/>
      </symbol>
      <symbol id="sm-687">
         <name>UARTCharPut</name>
         <value>0x3859</value>
         <object_component_ref idref="oc-1cb"/>
      </symbol>
      <symbol id="sm-688">
         <name>UARTEnable</name>
         <value>0x3791</value>
         <object_component_ref idref="oc-27f"/>
      </symbol>
      <symbol id="sm-689">
         <name>UARTCharGet</name>
         <value>0x384f</value>
         <object_component_ref idref="oc-1d1"/>
      </symbol>
      <symbol id="sm-697">
         <name>__aeabi_uldivmod</name>
         <value>0x2649</value>
         <object_component_ref idref="oc-163"/>
      </symbol>
      <symbol id="sm-6c1">
         <name>vsnprintf</name>
         <value>0x3261</value>
         <object_component_ref idref="oc-1d7"/>
      </symbol>
      <symbol id="sm-6cb">
         <name>__aeabi_idiv0</name>
         <value>0x1693</value>
         <object_component_ref idref="oc-246"/>
      </symbol>
      <symbol id="sm-6cc">
         <name>__aeabi_ldiv0</name>
         <value>0x1693</value>
         <object_component_ref idref="oc-246"/>
      </symbol>
      <symbol id="sm-831">
         <name>__TI_printfi</name>
         <value>0x26d</value>
         <object_component_ref idref="oc-289"/>
      </symbol>
      <symbol id="sm-847">
         <name>atoi</name>
         <value>0x2fe5</value>
         <object_component_ref idref="oc-309"/>
      </symbol>
      <symbol id="sm-852">
         <name>_ctypes_</name>
         <value>0x3888</value>
         <object_component_ref idref="oc-39f"/>
      </symbol>
      <symbol id="sm-861">
         <name>ltoa</name>
         <value>0x2ef3</value>
         <object_component_ref idref="oc-3ba"/>
      </symbol>
      <symbol id="sm-871">
         <name>memccpy</name>
         <value>0x36ed</value>
         <object_component_ref idref="oc-332"/>
      </symbol>
      <symbol id="sm-88a">
         <name>wcslen</name>
         <value>0x3805</value>
         <object_component_ref idref="oc-338"/>
      </symbol>
      <symbol id="sm-8aa">
         <name>frexpl</name>
         <value>0x2c05</value>
         <object_component_ref idref="oc-3e5"/>
      </symbol>
      <symbol id="sm-8ab">
         <name>frexp</name>
         <value>0x2c05</value>
         <object_component_ref idref="oc-3e5"/>
      </symbol>
      <symbol id="sm-8c8">
         <name>scalbn</name>
         <value>0x1ee5</value>
         <object_component_ref idref="oc-3eb"/>
      </symbol>
      <symbol id="sm-8c9">
         <name>scalbnl</name>
         <value>0x1ee5</value>
         <object_component_ref idref="oc-3eb"/>
      </symbol>
      <symbol id="sm-8ca">
         <name>ldexpl</name>
         <value>0x1ee5</value>
         <object_component_ref idref="oc-3eb"/>
      </symbol>
      <symbol id="sm-8cb">
         <name>ldexp</name>
         <value>0x1ee5</value>
         <object_component_ref idref="oc-3eb"/>
      </symbol>
      <symbol id="sm-8e2">
         <name>__aeabi_dsub</name>
         <value>0x14dd</value>
         <object_component_ref idref="oc-3c5"/>
      </symbol>
      <symbol id="sm-8e3">
         <name>__aeabi_dadd</name>
         <value>0x14e7</value>
         <object_component_ref idref="oc-3c5"/>
      </symbol>
      <symbol id="sm-905">
         <name>__aeabi_cdcmpeq</name>
         <value>0x276d</value>
         <object_component_ref idref="oc-315"/>
      </symbol>
      <symbol id="sm-906">
         <name>__aeabi_cdcmple</name>
         <value>0x276d</value>
         <object_component_ref idref="oc-315"/>
      </symbol>
      <symbol id="sm-907">
         <name>__aeabi_cdrcmple</name>
         <value>0x27f3</value>
         <object_component_ref idref="oc-3b0"/>
      </symbol>
      <symbol id="sm-91b">
         <name>__aeabi_ddiv</name>
         <value>0x1935</value>
         <object_component_ref idref="oc-3ab"/>
      </symbol>
      <symbol id="sm-926">
         <name>__aeabi_dmul</name>
         <value>0x1ff5</value>
         <object_component_ref idref="oc-3a6"/>
      </symbol>
      <symbol id="sm-930">
         <name>__aeabi_d2iz</name>
         <value>0x30c1</value>
         <object_component_ref idref="oc-3b5"/>
      </symbol>
      <symbol id="sm-93a">
         <name>__aeabi_i2d</name>
         <value>0x352d</value>
         <object_component_ref idref="oc-3c0"/>
      </symbol>
      <symbol id="sm-950">
         <name>__aeabi_errno_addr</name>
         <value>0x3865</value>
         <object_component_ref idref="oc-33e"/>
      </symbol>
      <symbol id="sm-951">
         <name>errno</name>
         <value>0x200012ac</value>
         <object_component_ref idref="oc-401"/>
      </symbol>
      <symbol id="sm-95b">
         <name>copysign</name>
         <value>0x37a5</value>
         <object_component_ref idref="oc-47a"/>
      </symbol>
      <symbol id="sm-95c">
         <name>copysignl</name>
         <value>0x37a5</value>
         <object_component_ref idref="oc-47a"/>
      </symbol>
      <symbol id="sm-95d">
         <name>__TI_static_base__</name>
         <value>0x0</value>
      </symbol>
      <symbol id="sm-960">
         <name>__mpu_init</name>
         <value>0x0</value>
      </symbol>
      <symbol id="sm-961">
         <name>_system_post_cinit</name>
         <value>0x0</value>
      </symbol>
      <symbol id="sm-962">
         <name>remove</name>
         <value>0x3589</value>
      </symbol>
   </symbol_table>
   <title>Link successful</title>
</link_info>
