******************************************************************************
                  TI ARM Linker PC v18.1.4                     
******************************************************************************
>> Linked Wed Mar 20 14:44:33 2019

OUTPUT FILE NAME:   <Lab7.out>
ENTRY POINT SYMBOL: "_c_int00_noargs"  address: 00003f01


MEMORY CONFIGURATION

         name            origin    length      used     unused   attr    fill
----------------------  --------  ---------  --------  --------  ----  --------
  FLASH                 00000000   00040000  00004682  0003b97e  R  X
  SRAM                  20000000   00008000  00000712  000078ee  RW X


SEGMENT ALLOCATION MAP

run origin  load origin   length   init length attrs members
----------  ----------- ---------- ----------- ----- -------
00000000    00000000    00004688   00004688    r-x
  00000000    00000000    0000026c   0000026c    r-- .intvecs
  0000026c    0000026c    00004076   00004076    r-x .text
  000042e8    000042e8    00000358   00000358    r-- .const
  00004640    00004640    00000048   00000048    r-- .cinit
20000000    20000000    00000716   00000000    rw-
  20000000    20000000    0000026c   00000000    rw- .vtable
  20000270    20000270    00000400   00000000    rw- .stack
  20000670    20000670    00000084   00000000    rw- .bss
  200006f4    200006f4    00000022   00000000    rw- .data


SECTION ALLOCATION MAP

 output                                  attributes/
section   page    origin      length       input sections
--------  ----  ----------  ----------   ----------------
.intvecs   0    00000000    0000026c     
                  00000000    0000026c     tm4c123gh6pm_startup_ccs.obj (.intvecs)

.text      0    0000026c    00004076     
                  0000026c    00000a5e     rtsv7M4_T_le_v4SPD16_eabi.lib : _printfi.c.obj (.text:__TI_printfi)
                  00000cca    00000002                                   : div0.asm.obj (.text)
                  00000ccc    00000738                                   : k_rem_pio2.c.obj (.text:__kernel_rem_pio2)
                  00001404    000005c4                                   : s_sin.c.obj (.text:sin)
                  000019c8    000003d0     Util2.lib : launchpad.obj (.text)
                  00001d98    00000270     rtsv7M4_T_le_v4SPD16_eabi.lib : _printfi.c.obj (.text:_pconv_a)
                  00002008    00000200     main(6).obj (.text)
                  00002208    000001d0     rtsv7M4_T_le_v4SPD16_eabi.lib : _printfi.c.obj (.text:_pconv_g)
                  000023d8    000001b6                                   : fd_add_t2.asm.obj (.text)
                  0000258e    00000002     --HOLE-- [fill = 0]
                  00002590    00000174                                   : k_sin.c.obj (.text:__kernel_sin)
                  00002704    0000016c                                   : k_cos.c.obj (.text:__kernel_cos)
                  00002870    0000013c                                   : _printfi.c.obj (.text:_pconv_e)
                  000029ac    00000136                                   : fd_div_t2.asm.obj (.text)
                  00002ae2    00000132     driverlib.lib : gpio.obj (.text:GPIOPadConfigSet)
                  00002c14    00000124     rtsv7M4_T_le_v4SPD16_eabi.lib : _printfi.c.obj (.text:fcvt)
                  00002d38    00000110     driverlib.lib : sysctl.obj (.text:SysCtlClockGet)
                  00002e48    00000110     rtsv7M4_T_le_v4SPD16_eabi.lib : s_scalbn.c.obj (.text:scalbn)
                  00002f58    000000fc                                   : fd_mul_t2.asm.obj (.text)
                  00003054    000000f8                                   : s_floor.c.obj (.text:floor)
                  0000314c    000000f4     driverlib.lib : sysctl.obj (.text:SysCtlClockSet)
                  00003240    000000c4     Util2.lib : uart.obj (.text)
                  00003304    000000b1     rtsv7M4_T_le_v4SPD16_eabi.lib : _printfi.c.obj (.text:_ltostr)
                  000033b5    00000003     --HOLE-- [fill = 0]
                  000033b8    0000009c     Util2.lib : led.obj (.text)
                  00003454    0000009c     rtsv7M4_T_le_v4SPD16_eabi.lib : memcpy_t2.asm.obj (.text)
                  000034f0    00000096                                   : ull_div_t2.asm.obj (.text)
                  00003586    00000002     --HOLE-- [fill = 0]
                  00003588    00000090     pwmled.obj (.text)
                  00003618    0000008c     Util2.lib : pushbutton.obj (.text)
                  000036a4    00000086     rtsv7M4_T_le_v4SPD16_eabi.lib : fd_cmp_t2.asm.obj (.text:__aeabi_cdcmple)
                  0000372a    00000086                                   : fd_cmp_t2.asm.obj (.text:__aeabi_cdrcmple)
                  000037b0    0000007a     driverlib.lib : adc.obj (.text:ADCSequenceStepConfigure)
                  0000382a    0000007a     rtsv7M4_T_le_v4SPD16_eabi.lib : memset_t2.asm.obj (.text)
                  000038a4    00000072     pwmled_asm.obj (.text)
                  00003916    0000006e     rtsv7M4_T_le_v4SPD16_eabi.lib : _printfi.c.obj (.text:_mcpy)
                  00003984    00000068                                   : copy_decompress_lzss.c.obj (.text:decompress:lzss:__TI_decompress_lzss)
                  000039ec    00000064                                   : s_frexp.c.obj (.text:frexp)
                  00003a50    00000060     driverlib.lib : timer.obj (.text:TimerConfigure)
                  00003ab0    00000056     rtsv7M4_T_le_v4SPD16_eabi.lib : _printfi.c.obj (.text:_pconv_f)
                  00003b06    00000054                                   : ltoa.c.obj (.text:ltoa)
                  00003b5a    00000002     --HOLE-- [fill = 0]
                  00003b5c    00000054     pwmbuzzer.obj (.text)
                  00003bb0    00000052     rtsv7M4_T_le_v4SPD16_eabi.lib : _printfi.c.obj (.text:_ecpy)
                  00003c02    00000050     driverlib.lib : adc.obj (.text:ADCSequenceConfigure)
                  00003c52    00000002     --HOLE-- [fill = 0]
                  00003c54    0000004c     rtsv7M4_T_le_v4SPD16_eabi.lib : atoi.c.obj (.text:atoi)
                  00003ca0    00000048     driverlib.lib : gpio.obj (.text:GPIOPinConfigure)
                  00003ce8    00000048     ras.obj (.text)
                  00003d30    00000048     rtsv7M4_T_le_v4SPD16_eabi.lib : fd_toi_t2.asm.obj (.text)
                  00003d78    00000046     driverlib.lib : uart.obj (.text:UARTConfigSetExpClk)
                  00003dbe    00000002     --HOLE-- [fill = 0]
                  00003dc0    00000044     rtsv7M4_T_le_v4SPD16_eabi.lib : autoinit.c.obj (.text:__TI_auto_init_nobinit_nopinit:__TI_auto_init_nobinit_nopinit)
                  00003e04    00000042     ras_asm.obj (.text)
                  00003e46    00000002     --HOLE-- [fill = 0]
                  00003e48    00000040     rtsv7M4_T_le_v4SPD16_eabi.lib : vsnprintf.c.obj (.text:vsnprintf)
                  00003e88    0000003e                                   : _printfi.c.obj (.text:_fcpy)
                  00003ec6    00000002     --HOLE-- [fill = 0]
                  00003ec8    00000038     driverlib.lib : sysctl.obj (.text:SysCtlPeripheralReady)
                  00003f00    00000038     rtsv7M4_T_le_v4SPD16_eabi.lib : boot_cortex_m.c.obj (.text:_c_int00_noargs:_c_int00_noargs)
                  00003f38    00000034     driverlib.lib : interrupt.obj (.text:IntRegister)
                  00003f6c    00000034                   : sysctl.obj (.text:SysCtlPeripheralEnable)
                  00003fa0    00000030     rtsv7M4_T_le_v4SPD16_eabi.lib : vsnprintf.c.obj (.text:_outs)
                  00003fd0    0000002e     driverlib.lib : adc.obj (.text:ADCIntStatus)
                  00003ffe    00000002     --HOLE-- [fill = 0]
                  00004000    0000002e     pwmbuzzer_asm.obj (.text)
                  0000402e    0000002e     rtsv7M4_T_le_v4SPD16_eabi.lib : i_tofd_t2.asm.obj (.text)
                  0000405c    0000002a     driverlib.lib : gpio.obj (.text:GPIODirModeSet)
                  00004086    00000002     --HOLE-- [fill = 0]
                  00004088    00000020                   : uart.obj (.text:UARTDisable)
                  000040a8    0000001e                   : adc.obj (.text:ADCSequenceDataGet)
                  000040c6    00000002     --HOLE-- [fill = 0]
                  000040c8    0000001c                   : systick.obj (.text:SysTickIntRegister)
                  000040e4    0000001c     rtsv7M4_T_le_v4SPD16_eabi.lib : memccpy.c.obj (.text:memccpy)
                  00004100    00000018     driverlib.lib : adc.obj (.text:ADCProcessorTrigger)
                  00004118    00000018                   : gpio.obj (.text:GPIOPinTypeGPIOOutput)
                  00004130    00000018                   : timer.obj (.text:TimerControlLevel)
                  00004148    00000018     rtsv7M4_T_le_v4SPD16_eabi.lib : vsnprintf.c.obj (.text:_outc)
                  00004160    00000016                                   : strchr.c.obj (.text:strchr)
                  00004176    00000002     --HOLE-- [fill = 0]
                  00004178    00000014     driverlib.lib : systick.obj (.text:SysTickEnable)
                  0000418c    00000014                   : systick.obj (.text:SysTickIntEnable)
                  000041a0    00000014                   : uart.obj (.text:UARTEnable)
                  000041b4    00000014     rtsv7M4_T_le_v4SPD16_eabi.lib : s_copysign.c.obj (.text:copysign)
                  000041c8    00000014                                   : strlen.c.obj (.text:strlen)
                  000041dc    00000012     driverlib.lib : gpio.obj (.text:GPIOPinTypeGPIOInput)
                  000041ee    00000012                   : gpio.obj (.text:GPIOPinTypeTimer)
                  00004200    00000012                   : gpio.obj (.text:GPIOPinTypeUART)
                  00004212    00000012                   : timer.obj (.text:TimerLoadSet)
                  00004224    00000012                   : timer.obj (.text:TimerMatchSet)
                  00004236    00000012     rtsv7M4_T_le_v4SPD16_eabi.lib : copy_zero_init.c.obj (.text:decompress:ZI:__TI_zero_init_nomemset:__TI_zero_init_nomemset)
                  00004248    00000012                                   : wcslen.c.obj (.text:wcslen)
                  0000425a    00000002     --HOLE-- [fill = 0]
                  0000425c    00000010     driverlib.lib : systick.obj (.text:SysTickPeriodSet)
                  0000426c    0000000e                   : adc.obj (.text:ADCSequenceEnable)
                  0000427a    0000000e                   : timer.obj (.text:TimerEnable)
                  00004288    0000000e     rtsv7M4_T_le_v4SPD16_eabi.lib : copy_decompress_none.c.obj (.text:decompress:none:__TI_decompress_none)
                  00004296    0000000c     tm4c123gh6pm_startup_ccs.obj (.text)
                  000042a2    0000000a     driverlib.lib : adc.obj (.text:ADCIntClear)
                  000042ac    0000000a                   : uart.obj (.text:UARTCharGet)
                  000042b6    0000000a                   : uart.obj (.text:UARTCharPut)
                  000042c0    00000008     rtsv7M4_T_le_v4SPD16_eabi.lib : errno.c.obj (.text:__aeabi_errno_addr)
                  000042c8    00000006     driverlib.lib : gpio.obj (.text:GPIOPinRead)
                  000042ce    00000006                   : gpio.obj (.text:GPIOPinWrite)
                  000042d4    00000006                   : sysctl.obj (.text:SysCtlDelay)
                  000042da    00000004     rtsv7M4_T_le_v4SPD16_eabi.lib : pre_init.c.obj (.text:_system_pre_init)
                  000042de    00000004                                   : exit.c.obj (.text:abort:abort)

.const     0    000042e8    00000358     
                  000042e8    00000158     rtsv7M4_T_le_v4SPD16_eabi.lib : k_rem_pio2.c.obj (.const:$O1$$)
                  00004440    00000101                                   : ctype.c.obj (.const:.string:_ctypes_)
                  00004541    00000003     --HOLE-- [fill = 0]
                  00004544    00000090     driverlib.lib : gpio.obj (.const:g_pui32GPIOBaseAddrs)
                  000045d4    0000006c                   : sysctl.obj (.const:g_pui32Xtals)

.cinit     0    00004640    00000048     
                  00004640    00000012     (.cinit..data.load) [load image, compression = lzss]
                  00004652    00000002     --HOLE-- [fill = 0]
                  00004654    0000000c     (__TI_handler_table)
                  00004660    00000008     (.cinit..bss.load) [load image, compression = zero_init]
                  00004668    00000008     (.cinit..vtable.load) [load image, compression = zero_init]
                  00004670    00000018     (__TI_cinit_table)

.init_array 
*          0    00000000    00000000     UNINITIALIZED

.vtable    0    20000000    0000026c     UNINITIALIZED
                  20000000    0000026c     driverlib.lib : interrupt.obj (.vtable)

.bss       0    20000670    00000084     UNINITIALIZED
                  20000670    00000080     Util2.lib : launchpad.obj (.bss:callbackHeap)
                  200006f0    00000004               : launchpad.obj (.bss)

.data      0    200006f4    00000022     UNINITIALIZED
                  200006f4    00000008     Util2.lib : launchpad.obj (.data)
                  200006fc    00000008     main(6).obj (.data:data)
                  20000704    00000008     main(6).obj (.data:led)
                  2000070c    00000004     main(6).obj (.data)
                  20000710    00000004     rtsv7M4_T_le_v4SPD16_eabi.lib : errno.c.obj (.data)
                  20000714    00000001     Util2.lib : led.obj (.data)
                  20000715    00000001               : pushbutton.obj (.data)

.stack     0    20000270    00000400     UNINITIALIZED
                  20000270    00000004     rtsv7M4_T_le_v4SPD16_eabi.lib : boot_cortex_m.c.obj (.stack)
                  20000274    000003fc     --HOLE--

MODULE SUMMARY

       Module                         code    ro data   rw data
       ------                         ----    -------   -------
    .\
       tm4c123gh6pm_startup_ccs.obj   12      620       0      
       main(6).obj                    512     0         20     
       pwmled.obj                     144     0         0      
       pwmled_asm.obj                 114     0         0      
       pwmbuzzer.obj                  84      0         0      
       ras.obj                        72      0         0      
       ras_asm.obj                    66      0         0      
       pwmbuzzer_asm.obj              46      0         0      
    +--+------------------------------+-------+---------+---------+
       Total:                         1050    620       20     
                                                               
    C:/Users/arago/OneDrive/Documents/GitHub/LabGroupC2/Util/Debug/Util2.lib
       launchpad.obj                  976     0         140    
       uart.obj                       196     0         0      
       led.obj                        156     0         1      
       pushbutton.obj                 140     0         1      
    +--+------------------------------+-------+---------+---------+
       Total:                         1468    0         142    
                                                               
    C:/ti/TivaWare_C_Series-2.1.4.178/driverlib/ccs/Debug/driverlib.lib
       sysctl.obj                     630     108       0      
       interrupt.obj                  52      0         620    
       gpio.obj                       510     144       0      
       adc.obj                        326     0         0      
       timer.obj                      170     0         0      
       uart.obj                       142     0         0      
       systick.obj                    84      0         0      
    +--+------------------------------+-------+---------+---------+
       Total:                         1914    252       620    
                                                               
    C:\ti\ccsv8\tools\compiler\ti-cgt-arm_18.1.4.LTS\lib\rtsv7M4_T_le_v4SPD16_eabi.lib
       _printfi.c.obj                 4867    0         0      
       k_rem_pio2.c.obj               1848    344       0      
       s_sin.c.obj                    1476    0         0      
       fd_add_t2.asm.obj              438     0         0      
       k_sin.c.obj                    372     0         0      
       k_cos.c.obj                    364     0         0      
       fd_div_t2.asm.obj              310     0         0      
       s_scalbn.c.obj                 272     0         0      
       fd_cmp_t2.asm.obj              268     0         0      
       ctype.c.obj                    0       257       0      
       fd_mul_t2.asm.obj              252     0         0      
       s_floor.c.obj                  248     0         0      
       memcpy_t2.asm.obj              156     0         0      
       ull_div_t2.asm.obj             150     0         0      
       vsnprintf.c.obj                136     0         0      
       memset_t2.asm.obj              122     0         0      
       copy_decompress_lzss.c.obj     104     0         0      
       s_frexp.c.obj                  100     0         0      
       ltoa.c.obj                     84      0         0      
       atoi.c.obj                     76      0         0      
       fd_toi_t2.asm.obj              72      0         0      
       autoinit.c.obj                 68      0         0      
       boot_cortex_m.c.obj            56      0         0      
       i_tofd_t2.asm.obj              46      0         0      
       memccpy.c.obj                  28      0         0      
       strchr.c.obj                   22      0         0      
       s_copysign.c.obj               20      0         0      
       strlen.c.obj                   20      0         0      
       copy_zero_init.c.obj           18      0         0      
       wcslen.c.obj                   18      0         0      
       copy_decompress_none.c.obj     14      0         0      
       errno.c.obj                    8       0         4      
       exit.c.obj                     4       0         0      
       pre_init.c.obj                 4       0         0      
       div0.asm.obj                   2       0         0      
    +--+------------------------------+-------+---------+---------+
       Total:                         12043   601       4      
                                                               
       Stack:                         0       0         1024   
       Linker Generated:              0       70        0      
    +--+------------------------------+-------+---------+---------+
       Grand Total:                   16475   1543      1810   


LINKER GENERATED COPY TABLES

__TI_cinit_table @ 00004670 records: 3, size/record: 8, table size: 24
	.data: load addr=00004640, load size=00000012 bytes, run addr=200006f4, run size=00000022 bytes, compression=lzss
	.bss: load addr=00004660, load size=00000008 bytes, run addr=20000670, run size=00000084 bytes, compression=zero_init
	.vtable: load addr=00004668, load size=00000008 bytes, run addr=20000000, run size=0000026c bytes, compression=zero_init


LINKER GENERATED HANDLER TABLE

__TI_handler_table @ 00004654 records: 3, size/record: 4, table size: 12
	index: 0, handler: __TI_zero_init
	index: 1, handler: __TI_decompress_lzss
	index: 2, handler: __TI_decompress_none


GLOBAL SYMBOLS: SORTED ALPHABETICALLY BY Name 

address   name                          
-------   ----                          
000042a3  ADCIntClear                   
00003fd1  ADCIntStatus                  
00004101  ADCProcessorTrigger           
00003c03  ADCSequenceConfigure          
000040a9  ADCSequenceDataGet            
0000426d  ADCSequenceEnable             
000037b1  ADCSequenceStepConfigure      
000042df  C$$EXIT                       
0000405d  GPIODirModeSet                
00002ae3  GPIOPadConfigSet              
00003ca1  GPIOPinConfigure              
000042c9  GPIOPinRead                   
000041dd  GPIOPinTypeGPIOInput          
00004119  GPIOPinTypeGPIOOutput         
000041ef  GPIOPinTypeTimer              
00004201  GPIOPinTypeUART               
000042cf  GPIOPinWrite                  
00003f39  IntRegister                   
00004297  ResetISR                      
00002d39  SysCtlClockGet                
0000314d  SysCtlClockSet                
000042d5  SysCtlDelay                   
00003f6d  SysCtlPeripheralEnable        
00003ec9  SysCtlPeripheralReady         
00004179  SysTickEnable                 
0000418d  SysTickIntEnable              
000040c9  SysTickIntRegister            
0000425d  SysTickPeriodSet              
00003a51  TimerConfigure                
00004131  TimerControlLevel             
0000427b  TimerEnable                   
00004213  TimerLoadSet                  
00004225  TimerMatchSet                 
000042ad  UARTCharGet                   
000042b7  UARTCharPut                   
00003d79  UARTConfigSetExpClk           
00004089  UARTDisable                   
000041a1  UARTEnable                    
20000670  __STACK_END                   
00000400  __STACK_SIZE                  
20000470  __STACK_TOP                   
00004670  __TI_CINIT_Base               
00004688  __TI_CINIT_Limit              
00004654  __TI_Handler_Table_Base       
00004660  __TI_Handler_Table_Limit      
00003dc1  __TI_auto_init_nobinit_nopinit
00003985  __TI_decompress_lzss          
00004289  __TI_decompress_none          
ffffffff  __TI_pprof_out_hndl           
0000026d  __TI_printfi                  
ffffffff  __TI_prof_data_size           
ffffffff  __TI_prof_data_start          
00000000  __TI_static_base__            
00004237  __TI_zero_init_nomemset       
000036a5  __aeabi_cdcmpeq               
000036a5  __aeabi_cdcmple               
0000372b  __aeabi_cdrcmple              
00003d31  __aeabi_d2iz                  
000023e3  __aeabi_dadd                  
000029ad  __aeabi_ddiv                  
00002f59  __aeabi_dmul                  
000023d9  __aeabi_dsub                  
000042c1  __aeabi_errno_addr            
0000402f  __aeabi_i2d                   
00000ccb  __aeabi_idiv0                 
00000ccb  __aeabi_ldiv0                 
0000382b  __aeabi_memclr                
0000382b  __aeabi_memclr4               
0000382b  __aeabi_memclr8               
00003455  __aeabi_memcpy                
00003455  __aeabi_memcpy4               
00003455  __aeabi_memcpy8               
0000382d  __aeabi_memset                
0000382d  __aeabi_memset4               
0000382d  __aeabi_memset8               
000034f1  __aeabi_uldivmod              
ffffffff  __binit__                     
ffffffff  __c_args__                    
00002705  __kernel_cos                  
00000ccd  __kernel_rem_pio2             
00002591  __kernel_sin                  
UNDEFED   __mpu_init                    
20000270  __stack                       
00003f01  _c_int00_noargs               
00004440  _ctypes_                      
UNDEFED   _system_post_cinit            
000042db  _system_pre_init              
000042df  abort                         
00003c55  atoi                          
ffffffff  binit                         
0000212b  callbackBuzzerPlay            
00002057  callbackLedPlay               
000041b5  copysign                      
000041b5  copysignl                     
200006fc  data                          
20000710  errno                         
00003055  floor                         
00003055  floorl                        
000039ed  frexp                         
000039ed  frexpl                        
20000000  g_pfnRAMVectors               
00000000  g_pfnVectors                  
00002e49  ldexp                         
00002e49  ldexpl                        
000033db  ledInit                       
000033b9  ledInitForced                 
00003589  ledPwmInit                    
000038bd  ledPwmSet                     
000033ef  ledTurnOnOff                  
00001cd3  lpInit                        
00003b07  ltoa                          
000021ad  main                          
000040e5  memccpy                       
00003455  memcpy                        
00003833  memset                        
0000364d  pbInit                        
00003619  pbInitForced                  
00003661  pbRead                        
00003b5d  pwmbuzzerInit                 
0000400d  pwmbuzzerSet                  
00003ce9  rasInit                       
00003e09  rasInput                      
00002e49  scalbn                        
00002e49  scalbnl                       
00001af7  schdCallback                  
00001b71  schdExecute                   
00001405  sin                           
00001405  sinl                          
00004161  strchr                        
000041c9  strlen                        
00001a5b  sysTimeGet                    
00001a61  sysTimeReached                
00001a87  sysTimeWait                   
00001aab  sysTimeWaitAbsolute           
0000328d  uartGetChar                   
00003241  uartInit                      
0000327b  uartPutChar                   
0000329f  uartPutString                 
000032cb  uprintf                       
00003e49  vsnprintf                     
00001c75  waitMs                        
00001ca5  waitUs                        
00004249  wcslen                        


GLOBAL SYMBOLS: SORTED BY Symbol Address 

address   name                          
-------   ----                          
00000000  __TI_static_base__            
00000000  g_pfnVectors                  
0000026d  __TI_printfi                  
00000400  __STACK_SIZE                  
00000ccb  __aeabi_idiv0                 
00000ccb  __aeabi_ldiv0                 
00000ccd  __kernel_rem_pio2             
00001405  sin                           
00001405  sinl                          
00001a5b  sysTimeGet                    
00001a61  sysTimeReached                
00001a87  sysTimeWait                   
00001aab  sysTimeWaitAbsolute           
00001af7  schdCallback                  
00001b71  schdExecute                   
00001c75  waitMs                        
00001ca5  waitUs                        
00001cd3  lpInit                        
00002057  callbackLedPlay               
0000212b  callbackBuzzerPlay            
000021ad  main                          
000023d9  __aeabi_dsub                  
000023e3  __aeabi_dadd                  
00002591  __kernel_sin                  
00002705  __kernel_cos                  
000029ad  __aeabi_ddiv                  
00002ae3  GPIOPadConfigSet              
00002d39  SysCtlClockGet                
00002e49  ldexp                         
00002e49  ldexpl                        
00002e49  scalbn                        
00002e49  scalbnl                       
00002f59  __aeabi_dmul                  
00003055  floor                         
00003055  floorl                        
0000314d  SysCtlClockSet                
00003241  uartInit                      
0000327b  uartPutChar                   
0000328d  uartGetChar                   
0000329f  uartPutString                 
000032cb  uprintf                       
000033b9  ledInitForced                 
000033db  ledInit                       
000033ef  ledTurnOnOff                  
00003455  __aeabi_memcpy                
00003455  __aeabi_memcpy4               
00003455  __aeabi_memcpy8               
00003455  memcpy                        
000034f1  __aeabi_uldivmod              
00003589  ledPwmInit                    
00003619  pbInitForced                  
0000364d  pbInit                        
00003661  pbRead                        
000036a5  __aeabi_cdcmpeq               
000036a5  __aeabi_cdcmple               
0000372b  __aeabi_cdrcmple              
000037b1  ADCSequenceStepConfigure      
0000382b  __aeabi_memclr                
0000382b  __aeabi_memclr4               
0000382b  __aeabi_memclr8               
0000382d  __aeabi_memset                
0000382d  __aeabi_memset4               
0000382d  __aeabi_memset8               
00003833  memset                        
000038bd  ledPwmSet                     
00003985  __TI_decompress_lzss          
000039ed  frexp                         
000039ed  frexpl                        
00003a51  TimerConfigure                
00003b07  ltoa                          
00003b5d  pwmbuzzerInit                 
00003c03  ADCSequenceConfigure          
00003c55  atoi                          
00003ca1  GPIOPinConfigure              
00003ce9  rasInit                       
00003d31  __aeabi_d2iz                  
00003d79  UARTConfigSetExpClk           
00003dc1  __TI_auto_init_nobinit_nopinit
00003e09  rasInput                      
00003e49  vsnprintf                     
00003ec9  SysCtlPeripheralReady         
00003f01  _c_int00_noargs               
00003f39  IntRegister                   
00003f6d  SysCtlPeripheralEnable        
00003fd1  ADCIntStatus                  
0000400d  pwmbuzzerSet                  
0000402f  __aeabi_i2d                   
0000405d  GPIODirModeSet                
00004089  UARTDisable                   
000040a9  ADCSequenceDataGet            
000040c9  SysTickIntRegister            
000040e5  memccpy                       
00004101  ADCProcessorTrigger           
00004119  GPIOPinTypeGPIOOutput         
00004131  TimerControlLevel             
00004161  strchr                        
00004179  SysTickEnable                 
0000418d  SysTickIntEnable              
000041a1  UARTEnable                    
000041b5  copysign                      
000041b5  copysignl                     
000041c9  strlen                        
000041dd  GPIOPinTypeGPIOInput          
000041ef  GPIOPinTypeTimer              
00004201  GPIOPinTypeUART               
00004213  TimerLoadSet                  
00004225  TimerMatchSet                 
00004237  __TI_zero_init_nomemset       
00004249  wcslen                        
0000425d  SysTickPeriodSet              
0000426d  ADCSequenceEnable             
0000427b  TimerEnable                   
00004289  __TI_decompress_none          
00004297  ResetISR                      
000042a3  ADCIntClear                   
000042ad  UARTCharGet                   
000042b7  UARTCharPut                   
000042c1  __aeabi_errno_addr            
000042c9  GPIOPinRead                   
000042cf  GPIOPinWrite                  
000042d5  SysCtlDelay                   
000042db  _system_pre_init              
000042df  C$$EXIT                       
000042df  abort                         
00004440  _ctypes_                      
00004654  __TI_Handler_Table_Base       
00004660  __TI_Handler_Table_Limit      
00004670  __TI_CINIT_Base               
00004688  __TI_CINIT_Limit              
20000000  g_pfnRAMVectors               
20000270  __stack                       
20000470  __STACK_TOP                   
20000670  __STACK_END                   
200006fc  data                          
20000710  errno                         
ffffffff  __TI_pprof_out_hndl           
ffffffff  __TI_prof_data_size           
ffffffff  __TI_prof_data_start          
ffffffff  __binit__                     
ffffffff  __c_args__                    
ffffffff  binit                         
UNDEFED   __mpu_init                    
UNDEFED   _system_post_cinit            

[143 symbols]
