<?xml version="1.0" encoding="ISO-8859-1" ?>
<link_info>
   <banner>TI ARM Linker PC v18.1.4.LTS</banner>
   <copyright>Copyright (c) 1996-2018 Texas Instruments Incorporated</copyright>
   <link_time>0x5c929821</link_time>
   <link_errors>0x0</link_errors>
   <output_file>Lab7.out</output_file>
   <entry_point>
      <name>_c_int00_noargs</name>
      <address>0x3f01</address>
   </entry_point>
   <input_file_list>
      <input_file id="fl-2">
         <path>.\</path>
         <kind>object</kind>
         <file>main(6).obj</file>
         <name>main(6).obj</name>
      </input_file>
      <input_file id="fl-3">
         <path>.\</path>
         <kind>object</kind>
         <file>pwmbuzzer.obj</file>
         <name>pwmbuzzer.obj</name>
      </input_file>
      <input_file id="fl-4">
         <path>.\</path>
         <kind>object</kind>
         <file>pwmbuzzer_asm.obj</file>
         <name>pwmbuzzer_asm.obj</name>
      </input_file>
      <input_file id="fl-5">
         <path>.\</path>
         <kind>object</kind>
         <file>pwmbuzzer_asm_direct.obj</file>
         <name>pwmbuzzer_asm_direct.obj</name>
      </input_file>
      <input_file id="fl-6">
         <path>.\</path>
         <kind>object</kind>
         <file>pwmled.obj</file>
         <name>pwmled.obj</name>
      </input_file>
      <input_file id="fl-7">
         <path>.\</path>
         <kind>object</kind>
         <file>pwmled_asm.obj</file>
         <name>pwmled_asm.obj</name>
      </input_file>
      <input_file id="fl-8">
         <path>.\</path>
         <kind>object</kind>
         <file>ras.obj</file>
         <name>ras.obj</name>
      </input_file>
      <input_file id="fl-9">
         <path>.\</path>
         <kind>object</kind>
         <file>ras_asm.obj</file>
         <name>ras_asm.obj</name>
      </input_file>
      <input_file id="fl-a">
         <path>.\</path>
         <kind>object</kind>
         <file>tm4c123gh6pm_startup_ccs.obj</file>
         <name>tm4c123gh6pm_startup_ccs.obj</name>
      </input_file>
      <input_file id="fl-10">
         <kind>object</kind>
         <file>&lt;internal&gt;</file>
         <name>&lt;internal&gt;</name>
      </input_file>
      <input_file id="fl-c6">
         <path>C:\ti\ccsv8\tools\compiler\ti-cgt-arm_18.1.4.LTS\lib\</path>
         <kind>archive</kind>
         <file>rtsv7M4_T_le_v4SPD16_eabi.lib</file>
         <name>s_sin.c.obj</name>
      </input_file>
      <input_file id="fl-c7">
         <path>C:\ti\ccsv8\tools\compiler\ti-cgt-arm_18.1.4.LTS\lib\</path>
         <kind>archive</kind>
         <file>rtsv7M4_T_le_v4SPD16_eabi.lib</file>
         <name>fd_add_t2.asm.obj</name>
      </input_file>
      <input_file id="fl-c8">
         <path>C:\ti\ccsv8\tools\compiler\ti-cgt-arm_18.1.4.LTS\lib\</path>
         <kind>archive</kind>
         <file>rtsv7M4_T_le_v4SPD16_eabi.lib</file>
         <name>fd_cmp_t2.asm.obj</name>
      </input_file>
      <input_file id="fl-c9">
         <path>C:\ti\ccsv8\tools\compiler\ti-cgt-arm_18.1.4.LTS\lib\</path>
         <kind>archive</kind>
         <file>rtsv7M4_T_le_v4SPD16_eabi.lib</file>
         <name>fd_div_t2.asm.obj</name>
      </input_file>
      <input_file id="fl-ca">
         <path>C:\ti\ccsv8\tools\compiler\ti-cgt-arm_18.1.4.LTS\lib\</path>
         <kind>archive</kind>
         <file>rtsv7M4_T_le_v4SPD16_eabi.lib</file>
         <name>fd_mul_t2.asm.obj</name>
      </input_file>
      <input_file id="fl-cb">
         <path>C:\ti\ccsv8\tools\compiler\ti-cgt-arm_18.1.4.LTS\lib\</path>
         <kind>archive</kind>
         <file>rtsv7M4_T_le_v4SPD16_eabi.lib</file>
         <name>fd_toi_t2.asm.obj</name>
      </input_file>
      <input_file id="fl-cc">
         <path>C:\ti\ccsv8\tools\compiler\ti-cgt-arm_18.1.4.LTS\lib\</path>
         <kind>archive</kind>
         <file>rtsv7M4_T_le_v4SPD16_eabi.lib</file>
         <name>i_tofd_t2.asm.obj</name>
      </input_file>
      <input_file id="fl-cd">
         <path>C:\ti\ccsv8\tools\compiler\ti-cgt-arm_18.1.4.LTS\lib\</path>
         <kind>archive</kind>
         <file>rtsv7M4_T_le_v4SPD16_eabi.lib</file>
         <name>copy_zero_init.c.obj</name>
      </input_file>
      <input_file id="fl-ce">
         <path>C:\ti\ccsv8\tools\compiler\ti-cgt-arm_18.1.4.LTS\lib\</path>
         <kind>archive</kind>
         <file>rtsv7M4_T_le_v4SPD16_eabi.lib</file>
         <name>copy_decompress_none.c.obj</name>
      </input_file>
      <input_file id="fl-cf">
         <path>C:\ti\ccsv8\tools\compiler\ti-cgt-arm_18.1.4.LTS\lib\</path>
         <kind>archive</kind>
         <file>rtsv7M4_T_le_v4SPD16_eabi.lib</file>
         <name>copy_decompress_lzss.c.obj</name>
      </input_file>
      <input_file id="fl-d0">
         <path>C:\ti\ccsv8\tools\compiler\ti-cgt-arm_18.1.4.LTS\lib\</path>
         <kind>archive</kind>
         <file>rtsv7M4_T_le_v4SPD16_eabi.lib</file>
         <name>boot_cortex_m.c.obj</name>
      </input_file>
      <input_file id="fl-d1">
         <path>C:\ti\ccsv8\tools\compiler\ti-cgt-arm_18.1.4.LTS\lib\</path>
         <kind>archive</kind>
         <file>rtsv7M4_T_le_v4SPD16_eabi.lib</file>
         <name>exit.c.obj</name>
      </input_file>
      <input_file id="fl-d2">
         <path>C:\ti\ccsv8\tools\compiler\ti-cgt-arm_18.1.4.LTS\lib\</path>
         <kind>archive</kind>
         <file>rtsv7M4_T_le_v4SPD16_eabi.lib</file>
         <name>_lock.c.obj</name>
      </input_file>
      <input_file id="fl-d3">
         <path>C:\ti\ccsv8\tools\compiler\ti-cgt-arm_18.1.4.LTS\lib\</path>
         <kind>archive</kind>
         <file>rtsv7M4_T_le_v4SPD16_eabi.lib</file>
         <name>args_main.c.obj</name>
      </input_file>
      <input_file id="fl-d4">
         <path>C:\ti\ccsv8\tools\compiler\ti-cgt-arm_18.1.4.LTS\lib\</path>
         <kind>archive</kind>
         <file>rtsv7M4_T_le_v4SPD16_eabi.lib</file>
         <name>k_rem_pio2.c.obj</name>
      </input_file>
      <input_file id="fl-d5">
         <path>C:\ti\ccsv8\tools\compiler\ti-cgt-arm_18.1.4.LTS\lib\</path>
         <kind>archive</kind>
         <file>rtsv7M4_T_le_v4SPD16_eabi.lib</file>
         <name>k_cos.c.obj</name>
      </input_file>
      <input_file id="fl-d6">
         <path>C:\ti\ccsv8\tools\compiler\ti-cgt-arm_18.1.4.LTS\lib\</path>
         <kind>archive</kind>
         <file>rtsv7M4_T_le_v4SPD16_eabi.lib</file>
         <name>k_sin.c.obj</name>
      </input_file>
      <input_file id="fl-d7">
         <path>C:\ti\ccsv8\tools\compiler\ti-cgt-arm_18.1.4.LTS\lib\</path>
         <kind>archive</kind>
         <file>rtsv7M4_T_le_v4SPD16_eabi.lib</file>
         <name>s_floor.c.obj</name>
      </input_file>
      <input_file id="fl-d8">
         <path>C:\ti\ccsv8\tools\compiler\ti-cgt-arm_18.1.4.LTS\lib\</path>
         <kind>archive</kind>
         <file>rtsv7M4_T_le_v4SPD16_eabi.lib</file>
         <name>s_scalbn.c.obj</name>
      </input_file>
      <input_file id="fl-d9">
         <path>C:\ti\ccsv8\tools\compiler\ti-cgt-arm_18.1.4.LTS\lib\</path>
         <kind>archive</kind>
         <file>rtsv7M4_T_le_v4SPD16_eabi.lib</file>
         <name>memcpy_t2.asm.obj</name>
      </input_file>
      <input_file id="fl-da">
         <path>C:\ti\ccsv8\tools\compiler\ti-cgt-arm_18.1.4.LTS\lib\</path>
         <kind>archive</kind>
         <file>rtsv7M4_T_le_v4SPD16_eabi.lib</file>
         <name>memset_t2.asm.obj</name>
      </input_file>
      <input_file id="fl-db">
         <path>C:\ti\ccsv8\tools\compiler\ti-cgt-arm_18.1.4.LTS\lib\</path>
         <kind>archive</kind>
         <file>rtsv7M4_T_le_v4SPD16_eabi.lib</file>
         <name>autoinit.c.obj</name>
      </input_file>
      <input_file id="fl-dc">
         <path>C:\ti\ccsv8\tools\compiler\ti-cgt-arm_18.1.4.LTS\lib\</path>
         <kind>archive</kind>
         <file>rtsv7M4_T_le_v4SPD16_eabi.lib</file>
         <name>pre_init.c.obj</name>
      </input_file>
      <input_file id="fl-dd">
         <path>C:\ti\ccsv8\tools\compiler\ti-cgt-arm_18.1.4.LTS\lib\</path>
         <kind>archive</kind>
         <file>rtsv7M4_T_le_v4SPD16_eabi.lib</file>
         <name>cpy_tbl.c.obj</name>
      </input_file>
      <input_file id="fl-de">
         <path>C:\ti\ccsv8\tools\compiler\ti-cgt-arm_18.1.4.LTS\lib\</path>
         <kind>archive</kind>
         <file>rtsv7M4_T_le_v4SPD16_eabi.lib</file>
         <name>errno.c.obj</name>
      </input_file>
      <input_file id="fl-df">
         <path>C:\ti\ccsv8\tools\compiler\ti-cgt-arm_18.1.4.LTS\lib\</path>
         <kind>archive</kind>
         <file>rtsv7M4_T_le_v4SPD16_eabi.lib</file>
         <name>s_copysign.c.obj</name>
      </input_file>
      <input_file id="fl-e0">
         <path>C:\Users\arago\OneDrive\Documents\GitHub\LabGroupC2\Util\Debug\</path>
         <kind>archive</kind>
         <file>Util2.lib</file>
         <name>launchpad.obj</name>
      </input_file>
      <input_file id="fl-e1">
         <path>C:\Users\arago\OneDrive\Documents\GitHub\LabGroupC2\Util\Debug\</path>
         <kind>archive</kind>
         <file>Util2.lib</file>
         <name>led.obj</name>
      </input_file>
      <input_file id="fl-e2">
         <path>C:\Users\arago\OneDrive\Documents\GitHub\LabGroupC2\Util\Debug\</path>
         <kind>archive</kind>
         <file>Util2.lib</file>
         <name>pushbutton.obj</name>
      </input_file>
      <input_file id="fl-e3">
         <path>C:\Users\arago\OneDrive\Documents\GitHub\LabGroupC2\Util\Debug\</path>
         <kind>archive</kind>
         <file>Util2.lib</file>
         <name>uart.obj</name>
      </input_file>
      <input_file id="fl-e4">
         <path>C:\ti\TivaWare_C_Series-2.1.4.178\driverlib\ccs\Debug\</path>
         <kind>archive</kind>
         <file>driverlib.lib</file>
         <name>adc.obj</name>
      </input_file>
      <input_file id="fl-e5">
         <path>C:\ti\TivaWare_C_Series-2.1.4.178\driverlib\ccs\Debug\</path>
         <kind>archive</kind>
         <file>driverlib.lib</file>
         <name>gpio.obj</name>
      </input_file>
      <input_file id="fl-e6">
         <path>C:\ti\TivaWare_C_Series-2.1.4.178\driverlib\ccs\Debug\</path>
         <kind>archive</kind>
         <file>driverlib.lib</file>
         <name>interrupt.obj</name>
      </input_file>
      <input_file id="fl-e7">
         <path>C:\ti\TivaWare_C_Series-2.1.4.178\driverlib\ccs\Debug\</path>
         <kind>archive</kind>
         <file>driverlib.lib</file>
         <name>sysctl.obj</name>
      </input_file>
      <input_file id="fl-e8">
         <path>C:\ti\TivaWare_C_Series-2.1.4.178\driverlib\ccs\Debug\</path>
         <kind>archive</kind>
         <file>driverlib.lib</file>
         <name>systick.obj</name>
      </input_file>
      <input_file id="fl-e9">
         <path>C:\ti\TivaWare_C_Series-2.1.4.178\driverlib\ccs\Debug\</path>
         <kind>archive</kind>
         <file>driverlib.lib</file>
         <name>timer.obj</name>
      </input_file>
      <input_file id="fl-ea">
         <path>C:\ti\TivaWare_C_Series-2.1.4.178\driverlib\ccs\Debug\</path>
         <kind>archive</kind>
         <file>driverlib.lib</file>
         <name>uart.obj</name>
      </input_file>
      <input_file id="fl-eb">
         <path>C:\ti\TivaWare_C_Series-2.1.4.178\driverlib\ccs\Debug\</path>
         <kind>archive</kind>
         <file>driverlib.lib</file>
         <name>cpu.obj</name>
      </input_file>
      <input_file id="fl-ec">
         <path>C:\ti\ccsv8\tools\compiler\ti-cgt-arm_18.1.4.LTS\lib\</path>
         <kind>archive</kind>
         <file>rtsv7M4_T_le_v4SPD16_eabi.lib</file>
         <name>ull_div_t2.asm.obj</name>
      </input_file>
      <input_file id="fl-ed">
         <path>C:\ti\ccsv8\tools\compiler\ti-cgt-arm_18.1.4.LTS\lib\</path>
         <kind>archive</kind>
         <file>rtsv7M4_T_le_v4SPD16_eabi.lib</file>
         <name>vsnprintf.c.obj</name>
      </input_file>
      <input_file id="fl-ee">
         <path>C:\ti\ccsv8\tools\compiler\ti-cgt-arm_18.1.4.LTS\lib\</path>
         <kind>archive</kind>
         <file>rtsv7M4_T_le_v4SPD16_eabi.lib</file>
         <name>div0.asm.obj</name>
      </input_file>
      <input_file id="fl-ef">
         <path>C:\ti\ccsv8\tools\compiler\ti-cgt-arm_18.1.4.LTS\lib\</path>
         <kind>archive</kind>
         <file>rtsv7M4_T_le_v4SPD16_eabi.lib</file>
         <name>_printfi.c.obj</name>
      </input_file>
      <input_file id="fl-f0">
         <path>C:\ti\ccsv8\tools\compiler\ti-cgt-arm_18.1.4.LTS\lib\</path>
         <kind>archive</kind>
         <file>rtsv7M4_T_le_v4SPD16_eabi.lib</file>
         <name>atoi.c.obj</name>
      </input_file>
      <input_file id="fl-f1">
         <path>C:\ti\ccsv8\tools\compiler\ti-cgt-arm_18.1.4.LTS\lib\</path>
         <kind>archive</kind>
         <file>rtsv7M4_T_le_v4SPD16_eabi.lib</file>
         <name>ctype.c.obj</name>
      </input_file>
      <input_file id="fl-f2">
         <path>C:\ti\ccsv8\tools\compiler\ti-cgt-arm_18.1.4.LTS\lib\</path>
         <kind>archive</kind>
         <file>rtsv7M4_T_le_v4SPD16_eabi.lib</file>
         <name>ltoa.c.obj</name>
      </input_file>
      <input_file id="fl-f3">
         <path>C:\ti\ccsv8\tools\compiler\ti-cgt-arm_18.1.4.LTS\lib\</path>
         <kind>archive</kind>
         <file>rtsv7M4_T_le_v4SPD16_eabi.lib</file>
         <name>memccpy.c.obj</name>
      </input_file>
      <input_file id="fl-f4">
         <path>C:\ti\ccsv8\tools\compiler\ti-cgt-arm_18.1.4.LTS\lib\</path>
         <kind>archive</kind>
         <file>rtsv7M4_T_le_v4SPD16_eabi.lib</file>
         <name>strchr.c.obj</name>
      </input_file>
      <input_file id="fl-f5">
         <path>C:\ti\ccsv8\tools\compiler\ti-cgt-arm_18.1.4.LTS\lib\</path>
         <kind>archive</kind>
         <file>rtsv7M4_T_le_v4SPD16_eabi.lib</file>
         <name>strlen.c.obj</name>
      </input_file>
      <input_file id="fl-f6">
         <path>C:\ti\ccsv8\tools\compiler\ti-cgt-arm_18.1.4.LTS\lib\</path>
         <kind>archive</kind>
         <file>rtsv7M4_T_le_v4SPD16_eabi.lib</file>
         <name>wcslen.c.obj</name>
      </input_file>
      <input_file id="fl-f7">
         <path>C:\ti\ccsv8\tools\compiler\ti-cgt-arm_18.1.4.LTS\lib\</path>
         <kind>archive</kind>
         <file>rtsv7M4_T_le_v4SPD16_eabi.lib</file>
         <name>s_frexp.c.obj</name>
      </input_file>
   </input_file_list>
   <object_component_list>
      <object_component id="oc-f">
         <name>.intvecs</name>
         <load_address>0x0</load_address>
         <run_address>0x0</run_address>
         <size>0x26c</size>
         <input_file_ref idref="fl-a"/>
      </object_component>
      <object_component id="oc-35c">
         <name>.text:__TI_printfi</name>
         <load_address>0x26c</load_address>
         <run_address>0x26c</run_address>
         <size>0xa5e</size>
         <input_file_ref idref="fl-ef"/>
      </object_component>
      <object_component id="oc-2af">
         <name>.text</name>
         <load_address>0xcca</load_address>
         <run_address>0xcca</run_address>
         <size>0x2</size>
         <input_file_ref idref="fl-ee"/>
      </object_component>
      <object_component id="oc-163">
         <name>.text:__kernel_rem_pio2</name>
         <load_address>0xccc</load_address>
         <run_address>0xccc</run_address>
         <size>0x738</size>
         <input_file_ref idref="fl-d4"/>
      </object_component>
      <object_component id="oc-d4">
         <name>.text:sin</name>
         <load_address>0x1404</load_address>
         <run_address>0x1404</run_address>
         <size>0x5c4</size>
         <input_file_ref idref="fl-c6"/>
      </object_component>
      <object_component id="oc-e9">
         <name>.text</name>
         <load_address>0x19c8</load_address>
         <run_address>0x19c8</run_address>
         <size>0x3d0</size>
         <input_file_ref idref="fl-e0"/>
      </object_component>
      <object_component id="oc-3e1">
         <name>.text:_pconv_a</name>
         <load_address>0x1d98</load_address>
         <run_address>0x1d98</run_address>
         <size>0x270</size>
         <input_file_ref idref="fl-ef"/>
      </object_component>
      <object_component id="oc-98">
         <name>.text</name>
         <load_address>0x2008</load_address>
         <run_address>0x2008</run_address>
         <size>0x200</size>
         <input_file_ref idref="fl-2"/>
      </object_component>
      <object_component id="oc-3cf">
         <name>.text:_pconv_g</name>
         <load_address>0x2208</load_address>
         <run_address>0x2208</run_address>
         <size>0x1d0</size>
         <input_file_ref idref="fl-ef"/>
      </object_component>
      <object_component id="oc-159">
         <name>.text</name>
         <load_address>0x23d8</load_address>
         <run_address>0x23d8</run_address>
         <size>0x1b6</size>
         <input_file_ref idref="fl-c7"/>
      </object_component>
      <object_component id="oc-153">
         <name>.text:__kernel_sin</name>
         <load_address>0x2590</load_address>
         <run_address>0x2590</run_address>
         <size>0x174</size>
         <input_file_ref idref="fl-d6"/>
      </object_component>
      <object_component id="oc-169">
         <name>.text:__kernel_cos</name>
         <load_address>0x2704</load_address>
         <run_address>0x2704</run_address>
         <size>0x16c</size>
         <input_file_ref idref="fl-d5"/>
      </object_component>
      <object_component id="oc-3db">
         <name>.text:_pconv_e</name>
         <load_address>0x2870</load_address>
         <run_address>0x2870</run_address>
         <size>0x13c</size>
         <input_file_ref idref="fl-ef"/>
      </object_component>
      <object_component id="oc-ca">
         <name>.text</name>
         <load_address>0x29ac</load_address>
         <run_address>0x29ac</run_address>
         <size>0x136</size>
         <input_file_ref idref="fl-c9"/>
      </object_component>
      <object_component id="oc-2cc">
         <name>.text:GPIOPadConfigSet</name>
         <load_address>0x2ae2</load_address>
         <run_address>0x2ae2</run_address>
         <size>0x132</size>
         <input_file_ref idref="fl-e5"/>
      </object_component>
      <object_component id="oc-426">
         <name>.text:fcvt</name>
         <load_address>0x2c14</load_address>
         <run_address>0x2c14</run_address>
         <size>0x124</size>
         <input_file_ref idref="fl-ef"/>
      </object_component>
      <object_component id="oc-1b5">
         <name>.text:SysCtlClockGet</name>
         <load_address>0x2d38</load_address>
         <run_address>0x2d38</run_address>
         <size>0x110</size>
         <input_file_ref idref="fl-e7"/>
      </object_component>
      <object_component id="oc-253">
         <name>.text:scalbn</name>
         <load_address>0x2e48</load_address>
         <run_address>0x2e48</run_address>
         <size>0x110</size>
         <input_file_ref idref="fl-d8"/>
      </object_component>
      <object_component id="oc-cf">
         <name>.text</name>
         <load_address>0x2f58</load_address>
         <run_address>0x2f58</run_address>
         <size>0xfc</size>
         <input_file_ref idref="fl-ca"/>
      </object_component>
      <object_component id="oc-259">
         <name>.text:floor</name>
         <load_address>0x3054</load_address>
         <run_address>0x3054</run_address>
         <size>0xf8</size>
         <input_file_ref idref="fl-d7"/>
      </object_component>
      <object_component id="oc-1af">
         <name>.text:SysCtlClockSet</name>
         <load_address>0x314c</load_address>
         <run_address>0x314c</run_address>
         <size>0xf4</size>
         <input_file_ref idref="fl-e7"/>
      </object_component>
      <object_component id="oc-19d">
         <name>.text</name>
         <load_address>0x3240</load_address>
         <run_address>0x3240</run_address>
         <size>0xc4</size>
         <input_file_ref idref="fl-e3"/>
      </object_component>
      <object_component id="oc-3c9">
         <name>.text:_ltostr</name>
         <load_address>0x3304</load_address>
         <run_address>0x3304</run_address>
         <size>0xb1</size>
         <input_file_ref idref="fl-ef"/>
      </object_component>
      <object_component id="oc-1d9">
         <name>.text</name>
         <load_address>0x33b8</load_address>
         <run_address>0x33b8</run_address>
         <size>0x9c</size>
         <input_file_ref idref="fl-e1"/>
      </object_component>
      <object_component id="oc-38">
         <name>.text</name>
         <load_address>0x3454</load_address>
         <run_address>0x3454</run_address>
         <size>0x9c</size>
         <input_file_ref idref="fl-d9"/>
      </object_component>
      <object_component id="oc-1a9">
         <name>.text</name>
         <load_address>0x34f0</load_address>
         <run_address>0x34f0</run_address>
         <size>0x96</size>
         <input_file_ref idref="fl-ec"/>
      </object_component>
      <object_component id="oc-f4">
         <name>.text</name>
         <load_address>0x3588</load_address>
         <run_address>0x3588</run_address>
         <size>0x90</size>
         <input_file_ref idref="fl-6"/>
      </object_component>
      <object_component id="oc-1d3">
         <name>.text</name>
         <load_address>0x3618</load_address>
         <run_address>0x3618</run_address>
         <size>0x8c</size>
         <input_file_ref idref="fl-e2"/>
      </object_component>
      <object_component id="oc-15e">
         <name>.text:__aeabi_cdcmple</name>
         <load_address>0x36a4</load_address>
         <run_address>0x36a4</run_address>
         <size>0x86</size>
         <input_file_ref idref="fl-c8"/>
      </object_component>
      <object_component id="oc-25f">
         <name>.text:__aeabi_cdrcmple</name>
         <load_address>0x372a</load_address>
         <run_address>0x372a</run_address>
         <size>0x86</size>
         <input_file_ref idref="fl-c8"/>
      </object_component>
      <object_component id="oc-216">
         <name>.text:ADCSequenceStepConfigure</name>
         <load_address>0x37b0</load_address>
         <run_address>0x37b0</run_address>
         <size>0x7a</size>
         <input_file_ref idref="fl-e4"/>
      </object_component>
      <object_component id="oc-8c">
         <name>.text</name>
         <load_address>0x382a</load_address>
         <run_address>0x382a</run_address>
         <size>0x7a</size>
         <input_file_ref idref="fl-da"/>
      </object_component>
      <object_component id="oc-e4">
         <name>.text</name>
         <load_address>0x38a4</load_address>
         <run_address>0x38a4</run_address>
         <size>0x72</size>
         <input_file_ref idref="fl-7"/>
      </object_component>
      <object_component id="oc-41f">
         <name>.text:_mcpy</name>
         <load_address>0x3916</load_address>
         <run_address>0x3916</run_address>
         <size>0x6e</size>
         <input_file_ref idref="fl-ef"/>
      </object_component>
      <object_component id="oc-12">
         <name>.text:decompress:lzss:__TI_decompress_lzss</name>
         <load_address>0x3984</load_address>
         <run_address>0x3984</run_address>
         <size>0x68</size>
         <input_file_ref idref="fl-cf"/>
      </object_component>
      <object_component id="oc-434">
         <name>.text:frexp</name>
         <load_address>0x39ec</load_address>
         <run_address>0x39ec</run_address>
         <size>0x64</size>
         <input_file_ref idref="fl-f7"/>
      </object_component>
      <object_component id="oc-1f7">
         <name>.text:TimerConfigure</name>
         <load_address>0x3a50</load_address>
         <run_address>0x3a50</run_address>
         <size>0x60</size>
         <input_file_ref idref="fl-e9"/>
      </object_component>
      <object_component id="oc-3d5">
         <name>.text:_pconv_f</name>
         <load_address>0x3ab0</load_address>
         <run_address>0x3ab0</run_address>
         <size>0x56</size>
         <input_file_ref idref="fl-ef"/>
      </object_component>
      <object_component id="oc-413">
         <name>.text:ltoa</name>
         <load_address>0x3b06</load_address>
         <run_address>0x3b06</run_address>
         <size>0x54</size>
         <input_file_ref idref="fl-f2"/>
      </object_component>
      <object_component id="oc-100">
         <name>.text</name>
         <load_address>0x3b5c</load_address>
         <run_address>0x3b5c</run_address>
         <size>0x54</size>
         <input_file_ref idref="fl-3"/>
      </object_component>
      <object_component id="oc-419">
         <name>.text:_ecpy</name>
         <load_address>0x3bb0</load_address>
         <run_address>0x3bb0</run_address>
         <size>0x52</size>
         <input_file_ref idref="fl-ef"/>
      </object_component>
      <object_component id="oc-210">
         <name>.text:ADCSequenceConfigure</name>
         <load_address>0x3c02</load_address>
         <run_address>0x3c02</run_address>
         <size>0x50</size>
         <input_file_ref idref="fl-e4"/>
      </object_component>
      <object_component id="oc-3c3">
         <name>.text:atoi</name>
         <load_address>0x3c54</load_address>
         <run_address>0x3c54</run_address>
         <size>0x4c</size>
         <input_file_ref idref="fl-f0"/>
      </object_component>
      <object_component id="oc-1f1">
         <name>.text:GPIOPinConfigure</name>
         <load_address>0x3ca0</load_address>
         <run_address>0x3ca0</run_address>
         <size>0x48</size>
         <input_file_ref idref="fl-e5"/>
      </object_component>
      <object_component id="oc-fa">
         <name>.text</name>
         <load_address>0x3ce8</load_address>
         <run_address>0x3ce8</run_address>
         <size>0x48</size>
         <input_file_ref idref="fl-8"/>
      </object_component>
      <object_component id="oc-df">
         <name>.text</name>
         <load_address>0x3d30</load_address>
         <run_address>0x3d30</run_address>
         <size>0x48</size>
         <input_file_ref idref="fl-cb"/>
      </object_component>
      <object_component id="oc-28c">
         <name>.text:UARTConfigSetExpClk</name>
         <load_address>0x3d78</load_address>
         <run_address>0x3d78</run_address>
         <size>0x46</size>
         <input_file_ref idref="fl-ea"/>
      </object_component>
      <object_component id="oc-11c">
         <name>.text:__TI_auto_init_nobinit_nopinit:__TI_auto_init_nobinit_nopinit</name>
         <load_address>0x3dc0</load_address>
         <run_address>0x3dc0</run_address>
         <size>0x44</size>
         <input_file_ref idref="fl-db"/>
      </object_component>
      <object_component id="oc-da">
         <name>.text</name>
         <load_address>0x3e04</load_address>
         <run_address>0x3e04</run_address>
         <size>0x42</size>
         <input_file_ref idref="fl-9"/>
      </object_component>
      <object_component id="oc-29e">
         <name>.text:vsnprintf</name>
         <load_address>0x3e48</load_address>
         <run_address>0x3e48</run_address>
         <size>0x40</size>
         <input_file_ref idref="fl-ed"/>
      </object_component>
      <object_component id="oc-42c">
         <name>.text:_fcpy</name>
         <load_address>0x3e88</load_address>
         <run_address>0x3e88</run_address>
         <size>0x3e</size>
         <input_file_ref idref="fl-ef"/>
      </object_component>
      <object_component id="oc-20a">
         <name>.text:SysCtlPeripheralReady</name>
         <load_address>0x3ec8</load_address>
         <run_address>0x3ec8</run_address>
         <size>0x38</size>
         <input_file_ref idref="fl-e7"/>
      </object_component>
      <object_component id="oc-56">
         <name>.text:_c_int00_noargs:_c_int00_noargs</name>
         <load_address>0x3f00</load_address>
         <run_address>0x3f00</run_address>
         <size>0x38</size>
         <input_file_ref idref="fl-d0"/>
      </object_component>
      <object_component id="oc-2bd">
         <name>.text:IntRegister</name>
         <load_address>0x3f38</load_address>
         <run_address>0x3f38</run_address>
         <size>0x34</size>
         <input_file_ref idref="fl-e6"/>
      </object_component>
      <object_component id="oc-1e5">
         <name>.text:SysCtlPeripheralEnable</name>
         <load_address>0x3f6c</load_address>
         <run_address>0x3f6c</run_address>
         <size>0x34</size>
         <input_file_ref idref="fl-e7"/>
      </object_component>
      <object_component id="oc-362">
         <name>.text:_outs</name>
         <load_address>0x3fa0</load_address>
         <run_address>0x3fa0</run_address>
         <size>0x30</size>
         <input_file_ref idref="fl-ed"/>
      </object_component>
      <object_component id="oc-17c">
         <name>.text:ADCIntStatus</name>
         <load_address>0x3fd0</load_address>
         <run_address>0x3fd0</run_address>
         <size>0x2e</size>
         <input_file_ref idref="fl-e4"/>
      </object_component>
      <object_component id="oc-ef">
         <name>.text</name>
         <load_address>0x4000</load_address>
         <run_address>0x4000</run_address>
         <size>0x2e</size>
         <input_file_ref idref="fl-4"/>
      </object_component>
      <object_component id="oc-c5">
         <name>.text</name>
         <load_address>0x402e</load_address>
         <run_address>0x402e</run_address>
         <size>0x2e</size>
         <input_file_ref idref="fl-cc"/>
      </object_component>
      <object_component id="oc-2f5">
         <name>.text:GPIODirModeSet</name>
         <load_address>0x405c</load_address>
         <run_address>0x405c</run_address>
         <size>0x2a</size>
         <input_file_ref idref="fl-e5"/>
      </object_component>
      <object_component id="oc-34c">
         <name>.text:UARTDisable</name>
         <load_address>0x4088</load_address>
         <run_address>0x4088</run_address>
         <size>0x20</size>
         <input_file_ref idref="fl-ea"/>
      </object_component>
      <object_component id="oc-182">
         <name>.text:ADCSequenceDataGet</name>
         <load_address>0x40a8</load_address>
         <run_address>0x40a8</run_address>
         <size>0x1e</size>
         <input_file_ref idref="fl-e4"/>
      </object_component>
      <object_component id="oc-1c1">
         <name>.text:SysTickIntRegister</name>
         <load_address>0x40c8</load_address>
         <run_address>0x40c8</run_address>
         <size>0x1c</size>
         <input_file_ref idref="fl-e8"/>
      </object_component>
      <object_component id="oc-3e7">
         <name>.text:memccpy</name>
         <load_address>0x40e4</load_address>
         <run_address>0x40e4</run_address>
         <size>0x1c</size>
         <input_file_ref idref="fl-f3"/>
      </object_component>
      <object_component id="oc-176">
         <name>.text:ADCProcessorTrigger</name>
         <load_address>0x4100</load_address>
         <run_address>0x4100</run_address>
         <size>0x18</size>
         <input_file_ref idref="fl-e4"/>
      </object_component>
      <object_component id="oc-2dc">
         <name>.text:GPIOPinTypeGPIOOutput</name>
         <load_address>0x4118</load_address>
         <run_address>0x4118</run_address>
         <size>0x18</size>
         <input_file_ref idref="fl-e5"/>
      </object_component>
      <object_component id="oc-1fd">
         <name>.text:TimerControlLevel</name>
         <load_address>0x4130</load_address>
         <run_address>0x4130</run_address>
         <size>0x18</size>
         <input_file_ref idref="fl-e9"/>
      </object_component>
      <object_component id="oc-368">
         <name>.text:_outc</name>
         <load_address>0x4148</load_address>
         <run_address>0x4148</run_address>
         <size>0x18</size>
         <input_file_ref idref="fl-ed"/>
      </object_component>
      <object_component id="oc-43a">
         <name>.text:strchr</name>
         <load_address>0x4160</load_address>
         <run_address>0x4160</run_address>
         <size>0x16</size>
         <input_file_ref idref="fl-f4"/>
      </object_component>
      <object_component id="oc-1cd">
         <name>.text:SysTickEnable</name>
         <load_address>0x4178</load_address>
         <run_address>0x4178</run_address>
         <size>0x14</size>
         <input_file_ref idref="fl-e8"/>
      </object_component>
      <object_component id="oc-1c7">
         <name>.text:SysTickIntEnable</name>
         <load_address>0x418c</load_address>
         <run_address>0x418c</run_address>
         <size>0x14</size>
         <input_file_ref idref="fl-e8"/>
      </object_component>
      <object_component id="oc-352">
         <name>.text:UARTEnable</name>
         <load_address>0x41a0</load_address>
         <run_address>0x41a0</run_address>
         <size>0x14</size>
         <input_file_ref idref="fl-ea"/>
      </object_component>
      <object_component id="oc-331">
         <name>.text:copysign</name>
         <load_address>0x41b4</load_address>
         <run_address>0x41b4</run_address>
         <size>0x14</size>
         <input_file_ref idref="fl-df"/>
      </object_component>
      <object_component id="oc-3bd">
         <name>.text:strlen</name>
         <load_address>0x41c8</load_address>
         <run_address>0x41c8</run_address>
         <size>0x14</size>
         <input_file_ref idref="fl-f5"/>
      </object_component>
      <object_component id="oc-2c6">
         <name>.text:GPIOPinTypeGPIOInput</name>
         <load_address>0x41dc</load_address>
         <run_address>0x41dc</run_address>
         <size>0x12</size>
         <input_file_ref idref="fl-e5"/>
      </object_component>
      <object_component id="oc-1eb">
         <name>.text:GPIOPinTypeTimer</name>
         <load_address>0x41ee</load_address>
         <run_address>0x41ee</run_address>
         <size>0x12</size>
         <input_file_ref idref="fl-e5"/>
      </object_component>
      <object_component id="oc-286">
         <name>.text:GPIOPinTypeUART</name>
         <load_address>0x4200</load_address>
         <run_address>0x4200</run_address>
         <size>0x12</size>
         <input_file_ref idref="fl-e5"/>
      </object_component>
      <object_component id="oc-190">
         <name>.text:TimerLoadSet</name>
         <load_address>0x4212</load_address>
         <run_address>0x4212</run_address>
         <size>0x12</size>
         <input_file_ref idref="fl-e9"/>
      </object_component>
      <object_component id="oc-196">
         <name>.text:TimerMatchSet</name>
         <load_address>0x4224</load_address>
         <run_address>0x4224</run_address>
         <size>0x12</size>
         <input_file_ref idref="fl-e9"/>
      </object_component>
      <object_component id="oc-44">
         <name>.text:decompress:ZI:__TI_zero_init_nomemset:__TI_zero_init_nomemset</name>
         <load_address>0x4236</load_address>
         <run_address>0x4236</run_address>
         <size>0x12</size>
         <input_file_ref idref="fl-cd"/>
      </object_component>
      <object_component id="oc-3ed">
         <name>.text:wcslen</name>
         <load_address>0x4248</load_address>
         <run_address>0x4248</run_address>
         <size>0x12</size>
         <input_file_ref idref="fl-f6"/>
      </object_component>
      <object_component id="oc-1bb">
         <name>.text:SysTickPeriodSet</name>
         <load_address>0x425c</load_address>
         <run_address>0x425c</run_address>
         <size>0x10</size>
         <input_file_ref idref="fl-e8"/>
      </object_component>
      <object_component id="oc-21c">
         <name>.text:ADCSequenceEnable</name>
         <load_address>0x426c</load_address>
         <run_address>0x426c</run_address>
         <size>0xe</size>
         <input_file_ref idref="fl-e4"/>
      </object_component>
      <object_component id="oc-203">
         <name>.text:TimerEnable</name>
         <load_address>0x427a</load_address>
         <run_address>0x427a</run_address>
         <size>0xe</size>
         <input_file_ref idref="fl-e9"/>
      </object_component>
      <object_component id="oc-18">
         <name>.text:decompress:none:__TI_decompress_none</name>
         <load_address>0x4288</load_address>
         <run_address>0x4288</run_address>
         <size>0xe</size>
         <input_file_ref idref="fl-ce"/>
      </object_component>
      <object_component id="oc-24">
         <name>.text</name>
         <load_address>0x4296</load_address>
         <run_address>0x4296</run_address>
         <size>0xc</size>
         <input_file_ref idref="fl-a"/>
      </object_component>
      <object_component id="oc-188">
         <name>.text:ADCIntClear</name>
         <load_address>0x42a2</load_address>
         <run_address>0x42a2</run_address>
         <size>0xa</size>
         <input_file_ref idref="fl-e4"/>
      </object_component>
      <object_component id="oc-298">
         <name>.text:UARTCharGet</name>
         <load_address>0x42ac</load_address>
         <run_address>0x42ac</run_address>
         <size>0xa</size>
         <input_file_ref idref="fl-ea"/>
      </object_component>
      <object_component id="oc-292">
         <name>.text:UARTCharPut</name>
         <load_address>0x42b6</load_address>
         <run_address>0x42b6</run_address>
         <size>0xa</size>
         <input_file_ref idref="fl-ea"/>
      </object_component>
      <object_component id="oc-32b">
         <name>.text:__aeabi_errno_addr</name>
         <load_address>0x42c0</load_address>
         <run_address>0x42c0</run_address>
         <size>0x8</size>
         <input_file_ref idref="fl-de"/>
      </object_component>
      <object_component id="oc-2d2">
         <name>.text:GPIOPinRead</name>
         <load_address>0x42c8</load_address>
         <run_address>0x42c8</run_address>
         <size>0x6</size>
         <input_file_ref idref="fl-e5"/>
      </object_component>
      <object_component id="oc-2e2">
         <name>.text:GPIOPinWrite</name>
         <load_address>0x42ce</load_address>
         <run_address>0x42ce</run_address>
         <size>0x6</size>
         <input_file_ref idref="fl-e5"/>
      </object_component>
      <object_component id="oc-1ae">
         <name>.text:SysCtlDelay</name>
         <load_address>0x42d4</load_address>
         <run_address>0x42d4</run_address>
         <size>0x6</size>
         <input_file_ref idref="fl-e7"/>
      </object_component>
      <object_component id="oc-92">
         <name>.text:_system_pre_init</name>
         <load_address>0x42da</load_address>
         <run_address>0x42da</run_address>
         <size>0x4</size>
         <input_file_ref idref="fl-dc"/>
      </object_component>
      <object_component id="oc-110">
         <name>.text:abort:abort</name>
         <load_address>0x42de</load_address>
         <run_address>0x42de</run_address>
         <size>0x4</size>
         <input_file_ref idref="fl-d1"/>
      </object_component>
      <object_component id="oc-264">
         <name>.const:$O1$$</name>
         <load_address>0x42e8</load_address>
         <run_address>0x42e8</run_address>
         <size>0x158</size>
         <input_file_ref idref="fl-d4"/>
      </object_component>
      <object_component id="oc-40d">
         <name>.const:.string:_ctypes_</name>
         <load_address>0x4440</load_address>
         <run_address>0x4440</run_address>
         <size>0x101</size>
         <input_file_ref idref="fl-f1"/>
      </object_component>
      <object_component id="oc-2fc">
         <name>.const:g_pui32GPIOBaseAddrs</name>
         <load_address>0x4544</load_address>
         <run_address>0x4544</run_address>
         <size>0x90</size>
         <input_file_ref idref="fl-e5"/>
      </object_component>
      <object_component id="oc-2b7">
         <name>.const:g_pui32Xtals</name>
         <load_address>0x45d4</load_address>
         <run_address>0x45d4</run_address>
         <size>0x6c</size>
         <input_file_ref idref="fl-e7"/>
      </object_component>
      <object_component id="oc-4a7">
         <name>.cinit..data.load</name>
         <load_address>0x4640</load_address>
         <run_address>0x4640</run_address>
         <size>0x12</size>
      </object_component>
      <object_component id="oc-4a4">
         <name>__TI_handler_table</name>
         <load_address>0x4654</load_address>
         <run_address>0x4654</run_address>
         <size>0xc</size>
      </object_component>
      <object_component id="oc-4a8">
         <name>.cinit..bss.load</name>
         <load_address>0x4660</load_address>
         <run_address>0x4660</run_address>
         <size>0x8</size>
      </object_component>
      <object_component id="oc-4a6">
         <name>.cinit..vtable.load</name>
         <load_address>0x4668</load_address>
         <run_address>0x4668</run_address>
         <size>0x8</size>
      </object_component>
      <object_component id="oc-4a5">
         <name>__TI_cinit_table</name>
         <load_address>0x4670</load_address>
         <run_address>0x4670</run_address>
         <size>0x18</size>
      </object_component>
      <object_component id="oc-38d">
         <name>.vtable</name>
         <uninitialized>true</uninitialized>
         <run_address>0x20000000</run_address>
         <size>0x26c</size>
         <input_file_ref idref="fl-e6"/>
      </object_component>
      <object_component id="oc-106">
         <name>.data:data</name>
         <load_address>0x200006fc</load_address>
         <run_address>0x200006fc</run_address>
         <size>0x8</size>
         <input_file_ref idref="fl-2"/>
      </object_component>
      <object_component id="oc-10c">
         <name>.data</name>
         <load_address>0x2000070c</load_address>
         <run_address>0x2000070c</run_address>
         <size>0x4</size>
         <input_file_ref idref="fl-2"/>
      </object_component>
      <object_component id="oc-109">
         <name>.data:led</name>
         <load_address>0x20000704</load_address>
         <run_address>0x20000704</run_address>
         <size>0x8</size>
         <input_file_ref idref="fl-2"/>
      </object_component>
      <object_component id="oc-3af">
         <name>.data</name>
         <load_address>0x20000710</load_address>
         <run_address>0x20000710</run_address>
         <size>0x4</size>
         <input_file_ref idref="fl-de"/>
      </object_component>
      <object_component id="oc-1a3">
         <name>.data</name>
         <load_address>0x200006f4</load_address>
         <run_address>0x200006f4</run_address>
         <size>0x8</size>
         <input_file_ref idref="fl-e0"/>
      </object_component>
      <object_component id="oc-2e8">
         <name>.data</name>
         <load_address>0x20000714</load_address>
         <run_address>0x20000714</run_address>
         <size>0x1</size>
         <input_file_ref idref="fl-e1"/>
      </object_component>
      <object_component id="oc-2d8">
         <name>.data</name>
         <load_address>0x20000715</load_address>
         <run_address>0x20000715</run_address>
         <size>0x1</size>
         <input_file_ref idref="fl-e2"/>
      </object_component>
      <object_component id="oc-1df">
         <name>.bss</name>
         <uninitialized>true</uninitialized>
         <run_address>0x200006f0</run_address>
         <size>0x4</size>
         <input_file_ref idref="fl-e0"/>
      </object_component>
      <object_component id="oc-1a6">
         <name>.bss:callbackHeap</name>
         <uninitialized>true</uninitialized>
         <run_address>0x20000670</run_address>
         <size>0x80</size>
         <input_file_ref idref="fl-e0"/>
      </object_component>
      <object_component id="oc-21">
         <name>.stack</name>
         <uninitialized>true</uninitialized>
         <run_address>0x20000270</run_address>
         <size>0x4</size>
         <input_file_ref idref="fl-d0"/>
      </object_component>
      <object_component id="oc-4a9">
         <name>.stack</name>
         <uninitialized>true</uninitialized>
         <run_address>0x20000270</run_address>
         <size>0x0</size>
      </object_component>
      <object_component id="oc-b4">
         <name>.debug_info</name>
         <load_address>0x0</load_address>
         <run_address>0x0</run_address>
         <size>0x3d9</size>
         <input_file_ref idref="fl-2"/>
      </object_component>
      <object_component id="oc-107">
         <name>.debug_info</name>
         <load_address>0x3d9</load_address>
         <run_address>0x3d9</run_address>
         <size>0xd6</size>
         <input_file_ref idref="fl-2"/>
      </object_component>
      <object_component id="oc-10d">
         <name>.debug_info</name>
         <load_address>0x4af</load_address>
         <run_address>0x4af</run_address>
         <size>0xe3</size>
         <input_file_ref idref="fl-2"/>
      </object_component>
      <object_component id="oc-10a">
         <name>.debug_info</name>
         <load_address>0x592</load_address>
         <run_address>0x592</run_address>
         <size>0xd3</size>
         <input_file_ref idref="fl-2"/>
      </object_component>
      <object_component id="oc-99">
         <name>.debug_info</name>
         <load_address>0x665</load_address>
         <run_address>0x665</run_address>
         <size>0x563</size>
         <input_file_ref idref="fl-2"/>
      </object_component>
      <object_component id="oc-228">
         <name>.debug_info</name>
         <load_address>0xbc8</load_address>
         <run_address>0xbc8</run_address>
         <size>0x87</size>
         <input_file_ref idref="fl-2"/>
      </object_component>
      <object_component id="oc-6d">
         <name>.debug_info</name>
         <load_address>0xc4f</load_address>
         <run_address>0xc4f</run_address>
         <size>0x26b</size>
         <input_file_ref idref="fl-2"/>
      </object_component>
      <object_component id="oc-af">
         <name>.debug_info</name>
         <load_address>0xeba</load_address>
         <run_address>0xeba</run_address>
         <size>0x8b</size>
         <input_file_ref idref="fl-2"/>
      </object_component>
      <object_component id="oc-aa">
         <name>.debug_info</name>
         <load_address>0xf45</load_address>
         <run_address>0xf45</run_address>
         <size>0x297</size>
         <input_file_ref idref="fl-2"/>
      </object_component>
      <object_component id="oc-72">
         <name>.debug_info</name>
         <load_address>0x11dc</load_address>
         <run_address>0x11dc</run_address>
         <size>0xbb</size>
         <input_file_ref idref="fl-2"/>
      </object_component>
      <object_component id="oc-103">
         <name>.debug_info</name>
         <load_address>0x1297</load_address>
         <run_address>0x1297</run_address>
         <size>0x1c5</size>
         <input_file_ref idref="fl-3"/>
      </object_component>
      <object_component id="oc-f1">
         <name>.debug_info</name>
         <load_address>0x145c</load_address>
         <run_address>0x145c</run_address>
         <size>0x11e</size>
         <input_file_ref idref="fl-4"/>
      </object_component>
      <object_component id="oc-f6">
         <name>.debug_info</name>
         <load_address>0x157a</load_address>
         <run_address>0x157a</run_address>
         <size>0x223</size>
         <input_file_ref idref="fl-6"/>
      </object_component>
      <object_component id="oc-e5">
         <name>.debug_info</name>
         <load_address>0x179d</load_address>
         <run_address>0x179d</run_address>
         <size>0x166</size>
         <input_file_ref idref="fl-7"/>
      </object_component>
      <object_component id="oc-fb">
         <name>.debug_info</name>
         <load_address>0x1903</load_address>
         <run_address>0x1903</run_address>
         <size>0x1aa</size>
         <input_file_ref idref="fl-8"/>
      </object_component>
      <object_component id="oc-dd">
         <name>.debug_info</name>
         <load_address>0x1aad</load_address>
         <run_address>0x1aad</run_address>
         <size>0x142</size>
         <input_file_ref idref="fl-9"/>
      </object_component>
      <object_component id="oc-2c">
         <name>.debug_info</name>
         <load_address>0x1bef</load_address>
         <run_address>0x1bef</run_address>
         <size>0x2b8</size>
         <input_file_ref idref="fl-a"/>
      </object_component>
      <object_component id="oc-10">
         <name>.debug_info</name>
         <load_address>0x1ea7</load_address>
         <run_address>0x1ea7</run_address>
         <size>0xf7</size>
         <input_file_ref idref="fl-a"/>
      </object_component>
      <object_component id="oc-25">
         <name>.debug_info</name>
         <load_address>0x1f9e</load_address>
         <run_address>0x1f9e</run_address>
         <size>0x273</size>
         <input_file_ref idref="fl-a"/>
      </object_component>
      <object_component id="oc-33">
         <name>.debug_info</name>
         <load_address>0x2211</load_address>
         <run_address>0x2211</run_address>
         <size>0x84</size>
         <input_file_ref idref="fl-a"/>
      </object_component>
      <object_component id="oc-170">
         <name>.debug_info</name>
         <load_address>0x2295</load_address>
         <run_address>0x2295</run_address>
         <size>0x39b</size>
         <input_file_ref idref="fl-c6"/>
      </object_component>
      <object_component id="oc-d8">
         <name>.debug_info</name>
         <load_address>0x2630</load_address>
         <run_address>0x2630</run_address>
         <size>0x796</size>
         <input_file_ref idref="fl-c6"/>
      </object_component>
      <object_component id="oc-273">
         <name>.debug_info</name>
         <load_address>0x2dc6</load_address>
         <run_address>0x2dc6</run_address>
         <size>0x46</size>
         <input_file_ref idref="fl-c6"/>
      </object_component>
      <object_component id="oc-171">
         <name>.debug_info</name>
         <load_address>0x2e0c</load_address>
         <run_address>0x2e0c</run_address>
         <size>0x39</size>
         <input_file_ref idref="fl-c6"/>
      </object_component>
      <object_component id="oc-15c">
         <name>.debug_info</name>
         <load_address>0x2e45</load_address>
         <run_address>0x2e45</run_address>
         <size>0x14f</size>
         <input_file_ref idref="fl-c7"/>
      </object_component>
      <object_component id="oc-161">
         <name>.debug_info</name>
         <load_address>0x2f94</load_address>
         <run_address>0x2f94</run_address>
         <size>0x12b</size>
         <input_file_ref idref="fl-c8"/>
      </object_component>
      <object_component id="oc-262">
         <name>.debug_info</name>
         <load_address>0x30bf</load_address>
         <run_address>0x30bf</run_address>
         <size>0x12d</size>
         <input_file_ref idref="fl-c8"/>
      </object_component>
      <object_component id="oc-cd">
         <name>.debug_info</name>
         <load_address>0x31ec</load_address>
         <run_address>0x31ec</run_address>
         <size>0x13d</size>
         <input_file_ref idref="fl-c9"/>
      </object_component>
      <object_component id="oc-d2">
         <name>.debug_info</name>
         <load_address>0x3329</load_address>
         <run_address>0x3329</run_address>
         <size>0x13d</size>
         <input_file_ref idref="fl-ca"/>
      </object_component>
      <object_component id="oc-e1">
         <name>.debug_info</name>
         <load_address>0x3466</load_address>
         <run_address>0x3466</run_address>
         <size>0x131</size>
         <input_file_ref idref="fl-cb"/>
      </object_component>
      <object_component id="oc-c6">
         <name>.debug_info</name>
         <load_address>0x3597</load_address>
         <run_address>0x3597</run_address>
         <size>0x12f</size>
         <input_file_ref idref="fl-cc"/>
      </object_component>
      <object_component id="oc-8b">
         <name>.debug_info</name>
         <load_address>0x36c6</load_address>
         <run_address>0x36c6</run_address>
         <size>0x31e</size>
         <input_file_ref idref="fl-cd"/>
      </object_component>
      <object_component id="oc-45">
         <name>.debug_info</name>
         <load_address>0x39e4</load_address>
         <run_address>0x39e4</run_address>
         <size>0x1bf</size>
         <input_file_ref idref="fl-cd"/>
      </object_component>
      <object_component id="oc-86">
         <name>.debug_info</name>
         <load_address>0x3ba3</load_address>
         <run_address>0x3ba3</run_address>
         <size>0x46</size>
         <input_file_ref idref="fl-cd"/>
      </object_component>
      <object_component id="oc-bc">
         <name>.debug_info</name>
         <load_address>0x3be9</load_address>
         <run_address>0x3be9</run_address>
         <size>0x2c</size>
         <input_file_ref idref="fl-cd"/>
      </object_component>
      <object_component id="oc-43">
         <name>.debug_info</name>
         <load_address>0x3c15</load_address>
         <run_address>0x3c15</run_address>
         <size>0x2a8</size>
         <input_file_ref idref="fl-ce"/>
      </object_component>
      <object_component id="oc-1b">
         <name>.debug_info</name>
         <load_address>0x3ebd</load_address>
         <run_address>0x3ebd</run_address>
         <size>0x1ea</size>
         <input_file_ref idref="fl-ce"/>
      </object_component>
      <object_component id="oc-3e">
         <name>.debug_info</name>
         <load_address>0x40a7</load_address>
         <run_address>0x40a7</run_address>
         <size>0x46</size>
         <input_file_ref idref="fl-ce"/>
      </object_component>
      <object_component id="oc-7e">
         <name>.debug_info</name>
         <load_address>0x40ed</load_address>
         <run_address>0x40ed</run_address>
         <size>0x2c</size>
         <input_file_ref idref="fl-ce"/>
      </object_component>
      <object_component id="oc-7c">
         <name>.debug_info</name>
         <load_address>0x4119</load_address>
         <run_address>0x4119</run_address>
         <size>0x29e</size>
         <input_file_ref idref="fl-cf"/>
      </object_component>
      <object_component id="oc-13">
         <name>.debug_info</name>
         <load_address>0x43b7</load_address>
         <run_address>0x43b7</run_address>
         <size>0x250</size>
         <input_file_ref idref="fl-cf"/>
      </object_component>
      <object_component id="oc-2e">
         <name>.debug_info</name>
         <load_address>0x4607</load_address>
         <run_address>0x4607</run_address>
         <size>0x60</size>
         <input_file_ref idref="fl-cf"/>
      </object_component>
      <object_component id="oc-b5">
         <name>.debug_info</name>
         <load_address>0x4667</load_address>
         <run_address>0x4667</run_address>
         <size>0x46</size>
         <input_file_ref idref="fl-cf"/>
      </object_component>
      <object_component id="oc-77">
         <name>.debug_info</name>
         <load_address>0x46ad</load_address>
         <run_address>0x46ad</run_address>
         <size>0x39</size>
         <input_file_ref idref="fl-cf"/>
      </object_component>
      <object_component id="oc-22">
         <name>.debug_info</name>
         <load_address>0x46e6</load_address>
         <run_address>0x46e6</run_address>
         <size>0x10b</size>
         <input_file_ref idref="fl-d0"/>
      </object_component>
      <object_component id="oc-57">
         <name>.debug_info</name>
         <load_address>0x47f1</load_address>
         <run_address>0x47f1</run_address>
         <size>0x1af</size>
         <input_file_ref idref="fl-d0"/>
      </object_component>
      <object_component id="oc-111">
         <name>.debug_info</name>
         <load_address>0x49a0</load_address>
         <run_address>0x49a0</run_address>
         <size>0x122</size>
         <input_file_ref idref="fl-d1"/>
      </object_component>
      <object_component id="oc-268">
         <name>.debug_info</name>
         <load_address>0x4ac2</load_address>
         <run_address>0x4ac2</run_address>
         <size>0x3aa</size>
         <input_file_ref idref="fl-d4"/>
      </object_component>
      <object_component id="oc-265">
         <name>.debug_info</name>
         <load_address>0x4e6c</load_address>
         <run_address>0x4e6c</run_address>
         <size>0x13a</size>
         <input_file_ref idref="fl-d4"/>
      </object_component>
      <object_component id="oc-164">
         <name>.debug_info</name>
         <load_address>0x4fa6</load_address>
         <run_address>0x4fa6</run_address>
         <size>0x72f</size>
         <input_file_ref idref="fl-d4"/>
      </object_component>
      <object_component id="oc-340">
         <name>.debug_info</name>
         <load_address>0x56d5</load_address>
         <run_address>0x56d5</run_address>
         <size>0x39</size>
         <input_file_ref idref="fl-d4"/>
      </object_component>
      <object_component id="oc-26a">
         <name>.debug_info</name>
         <load_address>0x570e</load_address>
         <run_address>0x570e</run_address>
         <size>0x2c</size>
         <input_file_ref idref="fl-d4"/>
      </object_component>
      <object_component id="oc-270">
         <name>.debug_info</name>
         <load_address>0x573a</load_address>
         <run_address>0x573a</run_address>
         <size>0x28d</size>
         <input_file_ref idref="fl-d5"/>
      </object_component>
      <object_component id="oc-16a">
         <name>.debug_info</name>
         <load_address>0x59c7</load_address>
         <run_address>0x59c7</run_address>
         <size>0x327</size>
         <input_file_ref idref="fl-d5"/>
      </object_component>
      <object_component id="oc-250">
         <name>.debug_info</name>
         <load_address>0x5cee</load_address>
         <run_address>0x5cee</run_address>
         <size>0x292</size>
         <input_file_ref idref="fl-d6"/>
      </object_component>
      <object_component id="oc-155">
         <name>.debug_info</name>
         <load_address>0x5f80</load_address>
         <run_address>0x5f80</run_address>
         <size>0x380</size>
         <input_file_ref idref="fl-d6"/>
      </object_component>
      <object_component id="oc-33a">
         <name>.debug_info</name>
         <load_address>0x6300</load_address>
         <run_address>0x6300</run_address>
         <size>0x28f</size>
         <input_file_ref idref="fl-d7"/>
      </object_component>
      <object_component id="oc-25d">
         <name>.debug_info</name>
         <load_address>0x658f</load_address>
         <run_address>0x658f</run_address>
         <size>0x22a</size>
         <input_file_ref idref="fl-d7"/>
      </object_component>
      <object_component id="oc-338">
         <name>.debug_info</name>
         <load_address>0x67b9</load_address>
         <run_address>0x67b9</run_address>
         <size>0x2fd</size>
         <input_file_ref idref="fl-d8"/>
      </object_component>
      <object_component id="oc-257">
         <name>.debug_info</name>
         <load_address>0x6ab6</load_address>
         <run_address>0x6ab6</run_address>
         <size>0x225</size>
         <input_file_ref idref="fl-d8"/>
      </object_component>
      <object_component id="oc-3a">
         <name>.debug_info</name>
         <load_address>0x6cdb</load_address>
         <run_address>0x6cdb</run_address>
         <size>0x11c</size>
         <input_file_ref idref="fl-d9"/>
      </object_component>
      <object_component id="oc-8e">
         <name>.debug_info</name>
         <load_address>0x6df7</load_address>
         <run_address>0x6df7</run_address>
         <size>0x14a</size>
         <input_file_ref idref="fl-da"/>
      </object_component>
      <object_component id="oc-23a">
         <name>.debug_info</name>
         <load_address>0x6f41</load_address>
         <run_address>0x6f41</run_address>
         <size>0x552</size>
         <input_file_ref idref="fl-db"/>
      </object_component>
      <object_component id="oc-11d">
         <name>.debug_info</name>
         <load_address>0x7493</load_address>
         <run_address>0x7493</run_address>
         <size>0x1a6</size>
         <input_file_ref idref="fl-db"/>
      </object_component>
      <object_component id="oc-318">
         <name>.debug_info</name>
         <load_address>0x7639</load_address>
         <run_address>0x7639</run_address>
         <size>0x39</size>
         <input_file_ref idref="fl-db"/>
      </object_component>
      <object_component id="oc-3a3">
         <name>.debug_info</name>
         <load_address>0x7672</load_address>
         <run_address>0x7672</run_address>
         <size>0x39</size>
         <input_file_ref idref="fl-db"/>
      </object_component>
      <object_component id="oc-31d">
         <name>.debug_info</name>
         <load_address>0x76ab</load_address>
         <run_address>0x76ab</run_address>
         <size>0x39</size>
         <input_file_ref idref="fl-db"/>
      </object_component>
      <object_component id="oc-322">
         <name>.debug_info</name>
         <load_address>0x76e4</load_address>
         <run_address>0x76e4</run_address>
         <size>0xcd</size>
         <input_file_ref idref="fl-db"/>
      </object_component>
      <object_component id="oc-93">
         <name>.debug_info</name>
         <load_address>0x77b1</load_address>
         <run_address>0x77b1</run_address>
         <size>0x153</size>
         <input_file_ref idref="fl-dc"/>
      </object_component>
      <object_component id="oc-3b3">
         <name>.debug_info</name>
         <load_address>0x7904</load_address>
         <run_address>0x7904</run_address>
         <size>0x289</size>
         <input_file_ref idref="fl-de"/>
      </object_component>
      <object_component id="oc-3b0">
         <name>.debug_info</name>
         <load_address>0x7b8d</load_address>
         <run_address>0x7b8d</run_address>
         <size>0x10e</size>
         <input_file_ref idref="fl-de"/>
      </object_component>
      <object_component id="oc-32c">
         <name>.debug_info</name>
         <load_address>0x7c9b</load_address>
         <run_address>0x7c9b</run_address>
         <size>0x14e</size>
         <input_file_ref idref="fl-de"/>
      </object_component>
      <object_component id="oc-332">
         <name>.debug_info</name>
         <load_address>0x7de9</load_address>
         <run_address>0x7de9</run_address>
         <size>0x161</size>
         <input_file_ref idref="fl-df"/>
      </object_component>
      <object_component id="oc-1e3">
         <name>.debug_info</name>
         <load_address>0x7f4a</load_address>
         <run_address>0x7f4a</run_address>
         <size>0x43e</size>
         <input_file_ref idref="fl-e0"/>
      </object_component>
      <object_component id="oc-1e0">
         <name>.debug_info</name>
         <load_address>0x8388</load_address>
         <run_address>0x8388</run_address>
         <size>0xe1</size>
         <input_file_ref idref="fl-e0"/>
      </object_component>
      <object_component id="oc-1a4">
         <name>.debug_info</name>
         <load_address>0x8469</load_address>
         <run_address>0x8469</run_address>
         <size>0x10d</size>
         <input_file_ref idref="fl-e0"/>
      </object_component>
      <object_component id="oc-1a7">
         <name>.debug_info</name>
         <load_address>0x8576</load_address>
         <run_address>0x8576</run_address>
         <size>0xe7</size>
         <input_file_ref idref="fl-e0"/>
      </object_component>
      <object_component id="oc-ea">
         <name>.debug_info</name>
         <load_address>0x865d</load_address>
         <run_address>0x865d</run_address>
         <size>0x9d8</size>
         <input_file_ref idref="fl-e0"/>
      </object_component>
      <object_component id="oc-2f0">
         <name>.debug_info</name>
         <load_address>0x9035</load_address>
         <run_address>0x9035</run_address>
         <size>0x51</size>
         <input_file_ref idref="fl-e0"/>
      </object_component>
      <object_component id="oc-37c">
         <name>.debug_info</name>
         <load_address>0x9086</load_address>
         <run_address>0x9086</run_address>
         <size>0xcc</size>
         <input_file_ref idref="fl-e0"/>
      </object_component>
      <object_component id="oc-2a6">
         <name>.debug_info</name>
         <load_address>0x9152</load_address>
         <run_address>0x9152</run_address>
         <size>0x2c</size>
         <input_file_ref idref="fl-e0"/>
      </object_component>
      <object_component id="oc-2e9">
         <name>.debug_info</name>
         <load_address>0x917e</load_address>
         <run_address>0x917e</run_address>
         <size>0xdf</size>
         <input_file_ref idref="fl-e1"/>
      </object_component>
      <object_component id="oc-1db">
         <name>.debug_info</name>
         <load_address>0x925d</load_address>
         <run_address>0x925d</run_address>
         <size>0x2af</size>
         <input_file_ref idref="fl-e1"/>
      </object_component>
      <object_component id="oc-2d9">
         <name>.debug_info</name>
         <load_address>0x950c</load_address>
         <run_address>0x950c</run_address>
         <size>0xe6</size>
         <input_file_ref idref="fl-e2"/>
      </object_component>
      <object_component id="oc-1d4">
         <name>.debug_info</name>
         <load_address>0x95f2</load_address>
         <run_address>0x95f2</run_address>
         <size>0x247</size>
         <input_file_ref idref="fl-e2"/>
      </object_component>
      <object_component id="oc-2a5">
         <name>.debug_info</name>
         <load_address>0x9839</load_address>
         <run_address>0x9839</run_address>
         <size>0x43c</size>
         <input_file_ref idref="fl-e3"/>
      </object_component>
      <object_component id="oc-19e">
         <name>.debug_info</name>
         <load_address>0x9c75</load_address>
         <run_address>0x9c75</run_address>
         <size>0x3e4</size>
         <input_file_ref idref="fl-e3"/>
      </object_component>
      <object_component id="oc-27e">
         <name>.debug_info</name>
         <load_address>0xa059</load_address>
         <run_address>0xa059</run_address>
         <size>0x24d</size>
         <input_file_ref idref="fl-e4"/>
      </object_component>
      <object_component id="oc-219">
         <name>.debug_info</name>
         <load_address>0xa2a6</load_address>
         <run_address>0xa2a6</run_address>
         <size>0x333</size>
         <input_file_ref idref="fl-e4"/>
      </object_component>
      <object_component id="oc-21f">
         <name>.debug_info</name>
         <load_address>0xa5d9</load_address>
         <run_address>0xa5d9</run_address>
         <size>0x2a0</size>
         <input_file_ref idref="fl-e4"/>
      </object_component>
      <object_component id="oc-185">
         <name>.debug_info</name>
         <load_address>0xa879</load_address>
         <run_address>0xa879</run_address>
         <size>0x2ff</size>
         <input_file_ref idref="fl-e4"/>
      </object_component>
      <object_component id="oc-213">
         <name>.debug_info</name>
         <load_address>0xab78</load_address>
         <run_address>0xab78</run_address>
         <size>0x326</size>
         <input_file_ref idref="fl-e4"/>
      </object_component>
      <object_component id="oc-179">
         <name>.debug_info</name>
         <load_address>0xae9e</load_address>
         <run_address>0xae9e</run_address>
         <size>0x2a4</size>
         <input_file_ref idref="fl-e4"/>
      </object_component>
      <object_component id="oc-17f">
         <name>.debug_info</name>
         <load_address>0xb142</load_address>
         <run_address>0xb142</run_address>
         <size>0x2e7</size>
         <input_file_ref idref="fl-e4"/>
      </object_component>
      <object_component id="oc-18b">
         <name>.debug_info</name>
         <load_address>0xb429</load_address>
         <run_address>0xb429</run_address>
         <size>0x294</size>
         <input_file_ref idref="fl-e4"/>
      </object_component>
      <object_component id="oc-279">
         <name>.debug_info</name>
         <load_address>0xb6bd</load_address>
         <run_address>0xb6bd</run_address>
         <size>0x18b</size>
         <input_file_ref idref="fl-e4"/>
      </object_component>
      <object_component id="oc-300">
         <name>.debug_info</name>
         <load_address>0xb848</load_address>
         <run_address>0xb848</run_address>
         <size>0x240</size>
         <input_file_ref idref="fl-e5"/>
      </object_component>
      <object_component id="oc-2fd">
         <name>.debug_info</name>
         <load_address>0xba88</load_address>
         <run_address>0xba88</run_address>
         <size>0x15b</size>
         <input_file_ref idref="fl-e5"/>
      </object_component>
      <object_component id="oc-2e3">
         <name>.debug_info</name>
         <load_address>0xbbe3</load_address>
         <run_address>0xbbe3</run_address>
         <size>0x2a3</size>
         <input_file_ref idref="fl-e5"/>
      </object_component>
      <object_component id="oc-2f6">
         <name>.debug_info</name>
         <load_address>0xbe86</load_address>
         <run_address>0xbe86</run_address>
         <size>0x2b3</size>
         <input_file_ref idref="fl-e5"/>
      </object_component>
      <object_component id="oc-2cd">
         <name>.debug_info</name>
         <load_address>0xc139</load_address>
         <run_address>0xc139</run_address>
         <size>0x316</size>
         <input_file_ref idref="fl-e5"/>
      </object_component>
      <object_component id="oc-287">
         <name>.debug_info</name>
         <load_address>0xc44f</load_address>
         <run_address>0xc44f</run_address>
         <size>0x27b</size>
         <input_file_ref idref="fl-e5"/>
      </object_component>
      <object_component id="oc-1ec">
         <name>.debug_info</name>
         <load_address>0xc6ca</load_address>
         <run_address>0xc6ca</run_address>
         <size>0x27d</size>
         <input_file_ref idref="fl-e5"/>
      </object_component>
      <object_component id="oc-2dd">
         <name>.debug_info</name>
         <load_address>0xc947</load_address>
         <run_address>0xc947</run_address>
         <size>0x2b7</size>
         <input_file_ref idref="fl-e5"/>
      </object_component>
      <object_component id="oc-2c7">
         <name>.debug_info</name>
         <load_address>0xcbfe</load_address>
         <run_address>0xcbfe</run_address>
         <size>0x285</size>
         <input_file_ref idref="fl-e5"/>
      </object_component>
      <object_component id="oc-2d3">
         <name>.debug_info</name>
         <load_address>0xce83</load_address>
         <run_address>0xce83</run_address>
         <size>0x27b</size>
         <input_file_ref idref="fl-e5"/>
      </object_component>
      <object_component id="oc-1f2">
         <name>.debug_info</name>
         <load_address>0xd0fe</load_address>
         <run_address>0xd0fe</run_address>
         <size>0x280</size>
         <input_file_ref idref="fl-e5"/>
      </object_component>
      <object_component id="oc-391">
         <name>.debug_info</name>
         <load_address>0xd37e</load_address>
         <run_address>0xd37e</run_address>
         <size>0x20e</size>
         <input_file_ref idref="fl-e6"/>
      </object_component>
      <object_component id="oc-38e">
         <name>.debug_info</name>
         <load_address>0xd58c</load_address>
         <run_address>0xd58c</run_address>
         <size>0x157</size>
         <input_file_ref idref="fl-e6"/>
      </object_component>
      <object_component id="oc-2bf">
         <name>.debug_info</name>
         <load_address>0xd6e3</load_address>
         <run_address>0xd6e3</run_address>
         <size>0x2c1</size>
         <input_file_ref idref="fl-e6"/>
      </object_component>
      <object_component id="oc-2b6">
         <name>.debug_info</name>
         <load_address>0xd9a4</load_address>
         <run_address>0xd9a4</run_address>
         <size>0x298</size>
         <input_file_ref idref="fl-e7"/>
      </object_component>
      <object_component id="oc-2b8">
         <name>.debug_info</name>
         <load_address>0xdc3c</load_address>
         <run_address>0xdc3c</run_address>
         <size>0x14d</size>
         <input_file_ref idref="fl-e7"/>
      </object_component>
      <object_component id="oc-20b">
         <name>.debug_info</name>
         <load_address>0xdd89</load_address>
         <run_address>0xdd89</run_address>
         <size>0x27f</size>
         <input_file_ref idref="fl-e7"/>
      </object_component>
      <object_component id="oc-1e6">
         <name>.debug_info</name>
         <load_address>0xe008</load_address>
         <run_address>0xe008</run_address>
         <size>0x27d</size>
         <input_file_ref idref="fl-e7"/>
      </object_component>
      <object_component id="oc-1b1">
         <name>.debug_info</name>
         <load_address>0xe285</load_address>
         <run_address>0xe285</run_address>
         <size>0x2db</size>
         <input_file_ref idref="fl-e7"/>
      </object_component>
      <object_component id="oc-1b7">
         <name>.debug_info</name>
         <load_address>0xe560</load_address>
         <run_address>0xe560</run_address>
         <size>0x2b5</size>
         <input_file_ref idref="fl-e7"/>
      </object_component>
      <object_component id="oc-384">
         <name>.debug_info</name>
         <load_address>0xe815</load_address>
         <run_address>0xe815</run_address>
         <size>0x5f</size>
         <input_file_ref idref="fl-e7"/>
      </object_component>
      <object_component id="oc-2bc">
         <name>.debug_info</name>
         <load_address>0xe874</load_address>
         <run_address>0xe874</run_address>
         <size>0x19d</size>
         <input_file_ref idref="fl-e8"/>
      </object_component>
      <object_component id="oc-1bc">
         <name>.debug_info</name>
         <load_address>0xea11</load_address>
         <run_address>0xea11</run_address>
         <size>0x261</size>
         <input_file_ref idref="fl-e8"/>
      </object_component>
      <object_component id="oc-1c2">
         <name>.debug_info</name>
         <load_address>0xec72</load_address>
         <run_address>0xec72</run_address>
         <size>0x277</size>
         <input_file_ref idref="fl-e8"/>
      </object_component>
      <object_component id="oc-1c8">
         <name>.debug_info</name>
         <load_address>0xeee9</load_address>
         <run_address>0xeee9</run_address>
         <size>0x227</size>
         <input_file_ref idref="fl-e8"/>
      </object_component>
      <object_component id="oc-1ce">
         <name>.debug_info</name>
         <load_address>0xf110</load_address>
         <run_address>0xf110</run_address>
         <size>0x221</size>
         <input_file_ref idref="fl-e8"/>
      </object_component>
      <object_component id="oc-284">
         <name>.debug_info</name>
         <load_address>0xf331</load_address>
         <run_address>0xf331</run_address>
         <size>0x223</size>
         <input_file_ref idref="fl-e9"/>
      </object_component>
      <object_component id="oc-199">
         <name>.debug_info</name>
         <load_address>0xf554</load_address>
         <run_address>0xf554</run_address>
         <size>0x2bc</size>
         <input_file_ref idref="fl-e9"/>
      </object_component>
      <object_component id="oc-192">
         <name>.debug_info</name>
         <load_address>0xf810</load_address>
         <run_address>0xf810</run_address>
         <size>0x2ba</size>
         <input_file_ref idref="fl-e9"/>
      </object_component>
      <object_component id="oc-205">
         <name>.debug_info</name>
         <load_address>0xfaca</load_address>
         <run_address>0xfaca</run_address>
         <size>0x27f</size>
         <input_file_ref idref="fl-e9"/>
      </object_component>
      <object_component id="oc-1ff">
         <name>.debug_info</name>
         <load_address>0xfd49</load_address>
         <run_address>0xfd49</run_address>
         <size>0x2bc</size>
         <input_file_ref idref="fl-e9"/>
      </object_component>
      <object_component id="oc-1f9">
         <name>.debug_info</name>
         <load_address>0x10005</load_address>
         <run_address>0x10005</run_address>
         <size>0x28c</size>
         <input_file_ref idref="fl-e9"/>
      </object_component>
      <object_component id="oc-359">
         <name>.debug_info</name>
         <load_address>0x10291</load_address>
         <run_address>0x10291</run_address>
         <size>0x227</size>
         <input_file_ref idref="fl-ea"/>
      </object_component>
      <object_component id="oc-353">
         <name>.debug_info</name>
         <load_address>0x104b8</load_address>
         <run_address>0x104b8</run_address>
         <size>0x247</size>
         <input_file_ref idref="fl-ea"/>
      </object_component>
      <object_component id="oc-34d">
         <name>.debug_info</name>
         <load_address>0x106ff</load_address>
         <run_address>0x106ff</run_address>
         <size>0x249</size>
         <input_file_ref idref="fl-ea"/>
      </object_component>
      <object_component id="oc-28d">
         <name>.debug_info</name>
         <load_address>0x10948</load_address>
         <run_address>0x10948</run_address>
         <size>0x326</size>
         <input_file_ref idref="fl-ea"/>
      </object_component>
      <object_component id="oc-293">
         <name>.debug_info</name>
         <load_address>0x10c6e</load_address>
         <run_address>0x10c6e</run_address>
         <size>0x273</size>
         <input_file_ref idref="fl-ea"/>
      </object_component>
      <object_component id="oc-299">
         <name>.debug_info</name>
         <load_address>0x10ee1</load_address>
         <run_address>0x10ee1</run_address>
         <size>0x24d</size>
         <input_file_ref idref="fl-ea"/>
      </object_component>
      <object_component id="oc-1aa">
         <name>.debug_info</name>
         <load_address>0x1112e</load_address>
         <run_address>0x1112e</run_address>
         <size>0x137</size>
         <input_file_ref idref="fl-ec"/>
      </object_component>
      <object_component id="oc-36f">
         <name>.debug_info</name>
         <load_address>0x11265</load_address>
         <run_address>0x11265</run_address>
         <size>0x340</size>
         <input_file_ref idref="fl-ed"/>
      </object_component>
      <object_component id="oc-29f">
         <name>.debug_info</name>
         <load_address>0x115a5</load_address>
         <run_address>0x115a5</run_address>
         <size>0x208</size>
         <input_file_ref idref="fl-ed"/>
      </object_component>
      <object_component id="oc-363">
         <name>.debug_info</name>
         <load_address>0x117ad</load_address>
         <run_address>0x117ad</run_address>
         <size>0x1c6</size>
         <input_file_ref idref="fl-ed"/>
      </object_component>
      <object_component id="oc-369">
         <name>.debug_info</name>
         <load_address>0x11973</load_address>
         <run_address>0x11973</run_address>
         <size>0x179</size>
         <input_file_ref idref="fl-ed"/>
      </object_component>
      <object_component id="oc-370">
         <name>.debug_info</name>
         <load_address>0x11aec</load_address>
         <run_address>0x11aec</run_address>
         <size>0x2c</size>
         <input_file_ref idref="fl-ed"/>
      </object_component>
      <object_component id="oc-375">
         <name>.debug_info</name>
         <load_address>0x11b18</load_address>
         <run_address>0x11b18</run_address>
         <size>0x69</size>
         <input_file_ref idref="fl-ed"/>
      </object_component>
      <object_component id="oc-2b1">
         <name>.debug_info</name>
         <load_address>0x11b81</load_address>
         <run_address>0x11b81</run_address>
         <size>0x118</size>
         <input_file_ref idref="fl-ee"/>
      </object_component>
[...]
      </symbol>
      <symbol id="sm-75">
         <name>callbackBuzzerPlay</name>
         <value>0x212b</value>
         <object_component_ref idref="oc-98"/>
      </symbol>
      <symbol id="sm-76">
         <name>data</name>
         <value>0x200006fc</value>
         <object_component_ref idref="oc-106"/>
      </symbol>
      <symbol id="sm-87">
         <name>pwmbuzzerInit</name>
         <value>0x3b5d</value>
         <object_component_ref idref="oc-100"/>
      </symbol>
      <symbol id="sm-94">
         <name>pwmbuzzerSet</name>
         <value>0x400d</value>
         <object_component_ref idref="oc-ef"/>
      </symbol>
      <symbol id="sm-aa">
         <name>ledPwmInit</name>
         <value>0x3589</value>
         <object_component_ref idref="oc-f4"/>
      </symbol>
      <symbol id="sm-ba">
         <name>ledPwmSet</name>
         <value>0x38bd</value>
         <object_component_ref idref="oc-e4"/>
      </symbol>
      <symbol id="sm-c8">
         <name>rasInit</name>
         <value>0x3ce9</value>
         <object_component_ref idref="oc-fa"/>
      </symbol>
      <symbol id="sm-d4">
         <name>rasInput</name>
         <value>0x3e09</value>
         <object_component_ref idref="oc-da"/>
      </symbol>
      <symbol id="sm-f5">
         <name>ResetISR</name>
         <value>0x4297</value>
         <object_component_ref idref="oc-24"/>
      </symbol>
      <symbol id="sm-f6">
         <name>g_pfnVectors</name>
         <value>0x0</value>
         <object_component_ref idref="oc-f"/>
      </symbol>
      <symbol id="sm-14c">
         <name>sin</name>
         <value>0x1405</value>
         <object_component_ref idref="oc-d4"/>
      </symbol>
      <symbol id="sm-14d">
         <name>sinl</name>
         <value>0x1405</value>
         <object_component_ref idref="oc-d4"/>
      </symbol>
      <symbol id="sm-164">
         <name>__aeabi_dsub</name>
         <value>0x23d9</value>
         <object_component_ref idref="oc-159"/>
      </symbol>
      <symbol id="sm-165">
         <name>__aeabi_dadd</name>
         <value>0x23e3</value>
         <object_component_ref idref="oc-159"/>
      </symbol>
      <symbol id="sm-187">
         <name>__aeabi_cdcmpeq</name>
         <value>0x36a5</value>
         <object_component_ref idref="oc-15e"/>
      </symbol>
      <symbol id="sm-188">
         <name>__aeabi_cdcmple</name>
         <value>0x36a5</value>
         <object_component_ref idref="oc-15e"/>
      </symbol>
      <symbol id="sm-189">
         <name>__aeabi_cdrcmple</name>
         <value>0x372b</value>
         <object_component_ref idref="oc-25f"/>
      </symbol>
      <symbol id="sm-19d">
         <name>__aeabi_ddiv</name>
         <value>0x29ad</value>
         <object_component_ref idref="oc-ca"/>
      </symbol>
      <symbol id="sm-1a8">
         <name>__aeabi_dmul</name>
         <value>0x2f59</value>
         <object_component_ref idref="oc-cf"/>
      </symbol>
      <symbol id="sm-1b2">
         <name>__aeabi_d2iz</name>
         <value>0x3d31</value>
         <object_component_ref idref="oc-df"/>
      </symbol>
      <symbol id="sm-1bc">
         <name>__aeabi_i2d</name>
         <value>0x402f</value>
         <object_component_ref idref="oc-c5"/>
      </symbol>
      <symbol id="sm-1d5">
         <name>__TI_zero_init_nomemset</name>
         <value>0x4237</value>
         <object_component_ref idref="oc-44"/>
      </symbol>
      <symbol id="sm-1ec">
         <name>__TI_decompress_none</name>
         <value>0x4289</value>
         <object_component_ref idref="oc-18"/>
      </symbol>
      <symbol id="sm-20f">
         <name>__TI_decompress_lzss</name>
         <value>0x3985</value>
         <object_component_ref idref="oc-12"/>
      </symbol>
      <symbol id="sm-222">
         <name>__stack</name>
         <value>0x20000270</value>
         <object_component_ref idref="oc-21"/>
      </symbol>
      <symbol id="sm-223">
         <name>_c_int00_noargs</name>
         <value>0x3f01</value>
         <object_component_ref idref="oc-56"/>
      </symbol>
      <symbol id="sm-22e">
         <name>C$$EXIT</name>
         <value>0x42df</value>
         <object_component_ref idref="oc-110"/>
      </symbol>
      <symbol id="sm-22f">
         <name>abort</name>
         <value>0x42df</value>
         <object_component_ref idref="oc-110"/>
      </symbol>
      <symbol id="sm-2a1">
         <name>__kernel_rem_pio2</name>
         <value>0xccd</value>
         <object_component_ref idref="oc-163"/>
      </symbol>
      <symbol id="sm-2b7">
         <name>__kernel_cos</name>
         <value>0x2705</value>
         <object_component_ref idref="oc-169"/>
      </symbol>
      <symbol id="sm-2ce">
         <name>__kernel_sin</name>
         <value>0x2591</value>
         <object_component_ref idref="oc-153"/>
      </symbol>
      <symbol id="sm-2eb">
         <name>floorl</name>
         <value>0x3055</value>
         <object_component_ref idref="oc-259"/>
      </symbol>
      <symbol id="sm-2ec">
         <name>floor</name>
         <value>0x3055</value>
         <object_component_ref idref="oc-259"/>
      </symbol>
      <symbol id="sm-309">
         <name>scalbn</name>
         <value>0x2e49</value>
         <object_component_ref idref="oc-253"/>
      </symbol>
      <symbol id="sm-30a">
         <name>scalbnl</name>
         <value>0x2e49</value>
         <object_component_ref idref="oc-253"/>
      </symbol>
      <symbol id="sm-30b">
         <name>ldexpl</name>
         <value>0x2e49</value>
         <object_component_ref idref="oc-253"/>
      </symbol>
      <symbol id="sm-30c">
         <name>ldexp</name>
         <value>0x2e49</value>
         <object_component_ref idref="oc-253"/>
      </symbol>
      <symbol id="sm-327">
         <name>memcpy</name>
         <value>0x3455</value>
         <object_component_ref idref="oc-38"/>
      </symbol>
      <symbol id="sm-328">
         <name>__aeabi_memcpy</name>
         <value>0x3455</value>
         <object_component_ref idref="oc-38"/>
      </symbol>
      <symbol id="sm-329">
         <name>__aeabi_memcpy8</name>
         <value>0x3455</value>
         <object_component_ref idref="oc-38"/>
      </symbol>
      <symbol id="sm-32a">
         <name>__aeabi_memcpy4</name>
         <value>0x3455</value>
         <object_component_ref idref="oc-38"/>
      </symbol>
      <symbol id="sm-339">
         <name>__aeabi_memset</name>
         <value>0x382d</value>
         <object_component_ref idref="oc-8c"/>
      </symbol>
      <symbol id="sm-33a">
         <name>memset</name>
         <value>0x3833</value>
         <object_component_ref idref="oc-8c"/>
      </symbol>
      <symbol id="sm-33b">
         <name>__aeabi_memset8</name>
         <value>0x382d</value>
         <object_component_ref idref="oc-8c"/>
      </symbol>
      <symbol id="sm-33c">
         <name>__aeabi_memset4</name>
         <value>0x382d</value>
         <object_component_ref idref="oc-8c"/>
      </symbol>
      <symbol id="sm-33d">
         <name>__aeabi_memclr8</name>
         <value>0x382b</value>
         <object_component_ref idref="oc-8c"/>
      </symbol>
      <symbol id="sm-33e">
         <name>__aeabi_memclr4</name>
         <value>0x382b</value>
         <object_component_ref idref="oc-8c"/>
      </symbol>
      <symbol id="sm-33f">
         <name>__aeabi_memclr</name>
         <value>0x382b</value>
         <object_component_ref idref="oc-8c"/>
      </symbol>
      <symbol id="sm-367">
         <name>__TI_auto_init_nobinit_nopinit</name>
         <value>0x3dc1</value>
         <object_component_ref idref="oc-11c"/>
      </symbol>
      <symbol id="sm-371">
         <name>_system_pre_init</name>
         <value>0x42db</value>
         <object_component_ref idref="oc-92"/>
      </symbol>
      <symbol id="sm-388">
         <name>__aeabi_errno_addr</name>
         <value>0x42c1</value>
         <object_component_ref idref="oc-32b"/>
      </symbol>
      <symbol id="sm-389">
         <name>errno</name>
         <value>0x20000710</value>
         <object_component_ref idref="oc-3af"/>
      </symbol>
      <symbol id="sm-393">
         <name>copysign</name>
         <value>0x41b5</value>
         <object_component_ref idref="oc-331"/>
      </symbol>
      <symbol id="sm-394">
         <name>copysignl</name>
         <value>0x41b5</value>
         <object_component_ref idref="oc-331"/>
      </symbol>
      <symbol id="sm-3fb">
         <name>schdExecute</name>
         <value>0x1b71</value>
         <object_component_ref idref="oc-e9"/>
      </symbol>
      <symbol id="sm-3fc">
         <name>sysTimeWaitAbsolute</name>
         <value>0x1aab</value>
         <object_component_ref idref="oc-e9"/>
      </symbol>
      <symbol id="sm-3fd">
         <name>lpInit</name>
         <value>0x1cd3</value>
         <object_component_ref idref="oc-e9"/>
      </symbol>
      <symbol id="sm-3fe">
         <name>sysTimeGet</name>
         <value>0x1a5b</value>
         <object_component_ref idref="oc-e9"/>
      </symbol>
      <symbol id="sm-3ff">
         <name>sysTimeReached</name>
         <value>0x1a61</value>
         <object_component_ref idref="oc-e9"/>
      </symbol>
      <symbol id="sm-400">
         <name>waitUs</name>
         <value>0x1ca5</value>
         <object_component_ref idref="oc-e9"/>
      </symbol>
      <symbol id="sm-401">
         <name>sysTimeWait</name>
         <value>0x1a87</value>
         <object_component_ref idref="oc-e9"/>
      </symbol>
      <symbol id="sm-402">
         <name>schdCallback</name>
         <value>0x1af7</value>
         <object_component_ref idref="oc-e9"/>
      </symbol>
      <symbol id="sm-403">
         <name>waitMs</name>
         <value>0x1c75</value>
         <object_component_ref idref="oc-e9"/>
      </symbol>
      <symbol id="sm-41e">
         <name>ledInit</name>
         <value>0x33db</value>
         <object_component_ref idref="oc-1d9"/>
      </symbol>
      <symbol id="sm-41f">
         <name>ledInitForced</name>
         <value>0x33b9</value>
         <object_component_ref idref="oc-1d9"/>
      </symbol>
      <symbol id="sm-420">
         <name>ledTurnOnOff</name>
         <value>0x33ef</value>
         <object_component_ref idref="oc-1d9"/>
      </symbol>
      <symbol id="sm-43e">
         <name>pbInitForced</name>
         <value>0x3619</value>
         <object_component_ref idref="oc-1d3"/>
      </symbol>
      <symbol id="sm-43f">
         <name>pbInit</name>
         <value>0x364d</value>
         <object_component_ref idref="oc-1d3"/>
      </symbol>
      <symbol id="sm-440">
         <name>pbRead</name>
         <value>0x3661</value>
         <object_component_ref idref="oc-1d3"/>
      </symbol>
      <symbol id="sm-457">
         <name>uartPutString</name>
         <value>0x329f</value>
         <object_component_ref idref="oc-19d"/>
      </symbol>
      <symbol id="sm-458">
         <name>uprintf</name>
         <value>0x32cb</value>
         <object_component_ref idref="oc-19d"/>
      </symbol>
      <symbol id="sm-459">
         <name>uartInit</name>
         <value>0x3241</value>
         <object_component_ref idref="oc-19d"/>
      </symbol>
      <symbol id="sm-45a">
         <name>uartPutChar</name>
         <value>0x327b</value>
         <object_component_ref idref="oc-19d"/>
      </symbol>
      <symbol id="sm-45b">
         <name>uartGetChar</name>
         <value>0x328d</value>
         <object_component_ref idref="oc-19d"/>
      </symbol>
      <symbol id="sm-4a6">
         <name>ADCProcessorTrigger</name>
         <value>0x4101</value>
         <object_component_ref idref="oc-176"/>
      </symbol>
      <symbol id="sm-4a7">
         <name>ADCSequenceEnable</name>
         <value>0x426d</value>
         <object_component_ref idref="oc-21c"/>
      </symbol>
      <symbol id="sm-4a8">
         <name>ADCSequenceConfigure</name>
         <value>0x3c03</value>
         <object_component_ref idref="oc-210"/>
      </symbol>
      <symbol id="sm-4a9">
         <name>ADCSequenceStepConfigure</name>
         <value>0x37b1</value>
         <object_component_ref idref="oc-216"/>
      </symbol>
      <symbol id="sm-4aa">
         <name>ADCIntClear</name>
         <value>0x42a3</value>
         <object_component_ref idref="oc-188"/>
      </symbol>
      <symbol id="sm-4ab">
         <name>ADCIntStatus</name>
         <value>0x3fd1</value>
         <object_component_ref idref="oc-17c"/>
      </symbol>
      <symbol id="sm-4ac">
         <name>ADCSequenceDataGet</name>
         <value>0x40a9</value>
         <object_component_ref idref="oc-182"/>
      </symbol>
      <symbol id="sm-506">
         <name>GPIOPinConfigure</name>
         <value>0x3ca1</value>
         <object_component_ref idref="oc-1f1"/>
      </symbol>
      <symbol id="sm-507">
         <name>GPIOPinTypeGPIOInput</name>
         <value>0x41dd</value>
         <object_component_ref idref="oc-2c6"/>
      </symbol>
      <symbol id="sm-508">
         <name>GPIOPinTypeUART</name>
         <value>0x4201</value>
         <object_component_ref idref="oc-286"/>
      </symbol>
      <symbol id="sm-509">
         <name>GPIOPinTypeGPIOOutput</name>
         <value>0x4119</value>
         <object_component_ref idref="oc-2dc"/>
      </symbol>
      <symbol id="sm-50a">
         <name>GPIOPinRead</name>
         <value>0x42c9</value>
         <object_component_ref idref="oc-2d2"/>
      </symbol>
      <symbol id="sm-50b">
         <name>GPIODirModeSet</name>
         <value>0x405d</value>
         <object_component_ref idref="oc-2f5"/>
      </symbol>
      <symbol id="sm-50c">
         <name>GPIOPinWrite</name>
         <value>0x42cf</value>
         <object_component_ref idref="oc-2e2"/>
      </symbol>
      <symbol id="sm-50d">
         <name>GPIOPadConfigSet</name>
         <value>0x2ae3</value>
         <object_component_ref idref="oc-2cc"/>
      </symbol>
      <symbol id="sm-50e">
         <name>GPIOPinTypeTimer</name>
         <value>0x41ef</value>
         <object_component_ref idref="oc-1eb"/>
      </symbol>
      <symbol id="sm-525">
         <name>IntRegister</name>
         <value>0x3f39</value>
         <object_component_ref idref="oc-2bd"/>
      </symbol>
      <symbol id="sm-526">
         <name>g_pfnRAMVectors</name>
         <value>0x20000000</value>
         <object_component_ref idref="oc-38d"/>
      </symbol>
      <symbol id="sm-583">
         <name>SysCtlClockSet</name>
         <value>0x314d</value>
         <object_component_ref idref="oc-1af"/>
      </symbol>
      <symbol id="sm-584">
         <name>SysCtlDelay</name>
         <value>0x42d5</value>
         <object_component_ref idref="oc-1ae"/>
      </symbol>
      <symbol id="sm-585">
         <name>SysCtlPeripheralEnable</name>
         <value>0x3f6d</value>
         <object_component_ref idref="oc-1e5"/>
      </symbol>
      <symbol id="sm-586">
         <name>SysCtlClockGet</name>
         <value>0x2d39</value>
         <object_component_ref idref="oc-1b5"/>
      </symbol>
      <symbol id="sm-587">
         <name>SysCtlPeripheralReady</name>
         <value>0x3ec9</value>
         <object_component_ref idref="oc-20a"/>
      </symbol>
      <symbol id="sm-5b4">
         <name>SysTickEnable</name>
         <value>0x4179</value>
         <object_component_ref idref="oc-1cd"/>
      </symbol>
      <symbol id="sm-5b5">
         <name>SysTickIntRegister</name>
         <value>0x40c9</value>
         <object_component_ref idref="oc-1c1"/>
      </symbol>
      <symbol id="sm-5b6">
         <name>SysTickIntEnable</name>
         <value>0x418d</value>
         <object_component_ref idref="oc-1c7"/>
      </symbol>
      <symbol id="sm-5b7">
         <name>SysTickPeriodSet</name>
         <value>0x425d</value>
         <object_component_ref idref="oc-1bb"/>
      </symbol>
      <symbol id="sm-5eb">
         <name>TimerMatchSet</name>
         <value>0x4225</value>
         <object_component_ref idref="oc-196"/>
      </symbol>
      <symbol id="sm-5ec">
         <name>TimerLoadSet</name>
         <value>0x4213</value>
         <object_component_ref idref="oc-190"/>
      </symbol>
      <symbol id="sm-5ed">
         <name>TimerControlLevel</name>
         <value>0x4131</value>
         <object_component_ref idref="oc-1fd"/>
      </symbol>
      <symbol id="sm-5ee">
         <name>TimerEnable</name>
         <value>0x427b</value>
         <object_component_ref idref="oc-203"/>
      </symbol>
      <symbol id="sm-5ef">
         <name>TimerConfigure</name>
         <value>0x3a51</value>
         <object_component_ref idref="oc-1f7"/>
      </symbol>
      <symbol id="sm-622">
         <name>UARTConfigSetExpClk</name>
         <value>0x3d79</value>
         <object_component_ref idref="oc-28c"/>
      </symbol>
      <symbol id="sm-623">
         <name>UARTDisable</name>
         <value>0x4089</value>
         <object_component_ref idref="oc-34c"/>
      </symbol>
      <symbol id="sm-624">
         <name>UARTCharPut</name>
         <value>0x42b7</value>
         <object_component_ref idref="oc-292"/>
      </symbol>
      <symbol id="sm-625">
         <name>UARTEnable</name>
         <value>0x41a1</value>
         <object_component_ref idref="oc-352"/>
      </symbol>
      <symbol id="sm-626">
         <name>UARTCharGet</name>
         <value>0x42ad</value>
         <object_component_ref idref="oc-298"/>
      </symbol>
      <symbol id="sm-634">
         <name>__aeabi_uldivmod</name>
         <value>0x34f1</value>
         <object_component_ref idref="oc-1a9"/>
      </symbol>
      <symbol id="sm-663">
         <name>vsnprintf</name>
         <value>0x3e49</value>
         <object_component_ref idref="oc-29e"/>
      </symbol>
      <symbol id="sm-66d">
         <name>__aeabi_idiv0</name>
         <value>0xccb</value>
         <object_component_ref idref="oc-2af"/>
      </symbol>
      <symbol id="sm-66e">
         <name>__aeabi_ldiv0</name>
         <value>0xccb</value>
         <object_component_ref idref="oc-2af"/>
      </symbol>
      <symbol id="sm-7d3">
         <name>__TI_printfi</name>
         <value>0x26d</value>
         <object_component_ref idref="oc-35c"/>
      </symbol>
      <symbol id="sm-7e9">
         <name>atoi</name>
         <value>0x3c55</value>
         <object_component_ref idref="oc-3c3"/>
      </symbol>
      <symbol id="sm-7f4">
         <name>_ctypes_</name>
         <value>0x4440</value>
         <object_component_ref idref="oc-40d"/>
      </symbol>
      <symbol id="sm-803">
         <name>ltoa</name>
         <value>0x3b07</value>
         <object_component_ref idref="oc-413"/>
      </symbol>
      <symbol id="sm-813">
         <name>memccpy</name>
         <value>0x40e5</value>
         <object_component_ref idref="oc-3e7"/>
      </symbol>
      <symbol id="sm-823">
         <name>strchr</name>
         <value>0x4161</value>
         <object_component_ref idref="oc-43a"/>
      </symbol>
      <symbol id="sm-831">
         <name>strlen</name>
         <value>0x41c9</value>
         <object_component_ref idref="oc-3bd"/>
      </symbol>
      <symbol id="sm-84a">
         <name>wcslen</name>
         <value>0x4249</value>
         <object_component_ref idref="oc-3ed"/>
      </symbol>
      <symbol id="sm-860">
         <name>frexpl</name>
         <value>0x39ed</value>
         <object_component_ref idref="oc-434"/>
      </symbol>
      <symbol id="sm-861">
         <name>frexp</name>
         <value>0x39ed</value>
         <object_component_ref idref="oc-434"/>
      </symbol>
      <symbol id="sm-862">
         <name>__TI_static_base__</name>
         <value>0x0</value>
      </symbol>
      <symbol id="sm-865">
         <name>__mpu_init</name>
         <value>0x0</value>
      </symbol>
      <symbol id="sm-866">
         <name>_system_post_cinit</name>
         <value>0x0</value>
      </symbol>
   </symbol_table>
   <title>Link successful</title>
</link_info>
