******************************************************************************
                  TI ARM Linker PC v18.1.4                     
******************************************************************************
>> Linked Tue Mar 19 13:21:43 2019

OUTPUT FILE NAME:   <Lab7.out>
ENTRY POINT SYMBOL: "_c_int00_noargs"  address: 00003e0d


MEMORY CONFIGURATION

         name            origin    length      used     unused   attr    fill
----------------------  --------  ---------  --------  --------  ----  --------
  FLASH                 00000000   00040000  0000455e  0003baa2  R  X
  SRAM                  20000000   00008000  00000710  000078f0  RW X


SEGMENT ALLOCATION MAP

run origin  load origin   length   init length attrs members
----------  ----------- ---------- ----------- ----- -------
00000000    00000000    00004560   00004560    r-x
  00000000    00000000    0000026c   0000026c    r-- .intvecs
  0000026c    0000026c    00003f52   00003f52    r-x .text
  000041c0    000041c0    00000358   00000358    r-- .const
  00004518    00004518    00000048   00000048    r-- .cinit
20000000    20000000    00000714   00000000    rw-
  20000000    20000000    0000026c   00000000    rw- .vtable
  20000270    20000270    00000400   00000000    rw- .stack
  20000670    20000670    00000084   00000000    rw- .bss
  200006f4    200006f4    00000020   00000000    rw- .data


SECTION ALLOCATION MAP

 output                                  attributes/
section   page    origin      length       input sections
--------  ----  ----------  ----------   ----------------
.intvecs   0    00000000    0000026c     
                  00000000    0000026c     tm4c123gh6pm_startup_ccs.obj (.intvecs)

.text      0    0000026c    00003f52     
                  0000026c    00000a5e     rtsv7M4_T_le_v4SPD16_eabi.lib : _printfi.c.obj (.text:__TI_printfi)
                  00000cca    00000002                                   : div0.asm.obj (.text)
                  00000ccc    00000738                                   : k_rem_pio2.c.obj (.text:__kernel_rem_pio2)
                  00001404    000005c4                                   : s_sin.c.obj (.text:sin)
                  000019c8    000003d0     Util2.lib : launchpad.obj (.text)
                  00001d98    00000270     rtsv7M4_T_le_v4SPD16_eabi.lib : _printfi.c.obj (.text:_pconv_a)
                  00002008    000001d0                                   : _printfi.c.obj (.text:_pconv_g)
                  000021d8    000001b6                                   : fd_add_t2.asm.obj (.text)
                  0000238e    00000002     --HOLE-- [fill = 0]
                  00002390    00000174                                   : k_sin.c.obj (.text:__kernel_sin)
                  00002504    0000016c                                   : k_cos.c.obj (.text:__kernel_cos)
                  00002670    00000164     main(6).obj (.text)
                  000027d4    0000013c     rtsv7M4_T_le_v4SPD16_eabi.lib : _printfi.c.obj (.text:_pconv_e)
                  00002910    00000136                                   : fd_div_t2.asm.obj (.text)
                  00002a46    00000132     driverlib.lib : gpio.obj (.text:GPIOPadConfigSet)
                  00002b78    00000124     rtsv7M4_T_le_v4SPD16_eabi.lib : _printfi.c.obj (.text:fcvt)
                  00002c9c    00000110     driverlib.lib : sysctl.obj (.text:SysCtlClockGet)
                  00002dac    00000110     rtsv7M4_T_le_v4SPD16_eabi.lib : s_scalbn.c.obj (.text:scalbn)
                  00002ebc    000000fc                                   : fd_mul_t2.asm.obj (.text)
                  00002fb8    000000f8                                   : s_floor.c.obj (.text:floor)
                  000030b0    000000f4     driverlib.lib : sysctl.obj (.text:SysCtlClockSet)
                  000031a4    000000c4     Util2.lib : uart.obj (.text)
                  00003268    000000b1     rtsv7M4_T_le_v4SPD16_eabi.lib : _printfi.c.obj (.text:_ltostr)
                  00003319    00000003     --HOLE-- [fill = 0]
                  0000331c    0000009c     Util2.lib : led.obj (.text)
                  000033b8    0000009c     rtsv7M4_T_le_v4SPD16_eabi.lib : memcpy_t2.asm.obj (.text)
                  00003454    00000096                                   : ull_div_t2.asm.obj (.text)
                  000034ea    00000002     --HOLE-- [fill = 0]
                  000034ec    00000090     pwmled.obj (.text)
                  0000357c    0000008c     Util2.lib : pushbutton.obj (.text)
                  00003608    00000086     rtsv7M4_T_le_v4SPD16_eabi.lib : fd_cmp_t2.asm.obj (.text:__aeabi_cdcmple)
                  0000368e    00000086                                   : fd_cmp_t2.asm.obj (.text:__aeabi_cdrcmple)
                  00003714    0000007a     driverlib.lib : adc.obj (.text:ADCSequenceStepConfigure)
                  0000378e    0000007a     rtsv7M4_T_le_v4SPD16_eabi.lib : memset_t2.asm.obj (.text)
                  00003808    00000072     pwmled_asm.obj (.text)
                  0000387a    0000006e     rtsv7M4_T_le_v4SPD16_eabi.lib : _printfi.c.obj (.text:_mcpy)
                  000038e8    00000068                                   : copy_decompress_lzss.c.obj (.text:decompress:lzss:__TI_decompress_lzss)
                  00003950    00000064                                   : s_frexp.c.obj (.text:frexp)
                  000039b4    00000060     driverlib.lib : timer.obj (.text:TimerConfigure)
                  00003a14    00000056     rtsv7M4_T_le_v4SPD16_eabi.lib : _printfi.c.obj (.text:_pconv_f)
                  00003a6a    00000054                                   : ltoa.c.obj (.text:ltoa)
                  00003abe    00000052                                   : _printfi.c.obj (.text:_ecpy)
                  00003b10    00000050     driverlib.lib : adc.obj (.text:ADCSequenceConfigure)
                  00003b60    0000004c     rtsv7M4_T_le_v4SPD16_eabi.lib : atoi.c.obj (.text:atoi)
                  00003bac    00000048     driverlib.lib : gpio.obj (.text:GPIOPinConfigure)
                  00003bf4    00000048     ras.obj (.text)
                  00003c3c    00000048     rtsv7M4_T_le_v4SPD16_eabi.lib : fd_toi_t2.asm.obj (.text)
                  00003c84    00000046     driverlib.lib : uart.obj (.text:UARTConfigSetExpClk)
                  00003cca    00000002     --HOLE-- [fill = 0]
                  00003ccc    00000044     rtsv7M4_T_le_v4SPD16_eabi.lib : autoinit.c.obj (.text:__TI_auto_init_nobinit_nopinit:__TI_auto_init_nobinit_nopinit)
                  00003d10    00000042     ras_asm.obj (.text)
                  00003d52    00000002     --HOLE-- [fill = 0]
                  00003d54    00000040     rtsv7M4_T_le_v4SPD16_eabi.lib : vsnprintf.c.obj (.text:vsnprintf)
                  00003d94    0000003e                                   : _printfi.c.obj (.text:_fcpy)
                  00003dd2    00000002     --HOLE-- [fill = 0]
                  00003dd4    00000038     driverlib.lib : sysctl.obj (.text:SysCtlPeripheralReady)
                  00003e0c    00000038     rtsv7M4_T_le_v4SPD16_eabi.lib : boot_cortex_m.c.obj (.text:_c_int00_noargs:_c_int00_noargs)
                  00003e44    00000034     driverlib.lib : interrupt.obj (.text:IntRegister)
                  00003e78    00000034                   : sysctl.obj (.text:SysCtlPeripheralEnable)
                  00003eac    00000030     rtsv7M4_T_le_v4SPD16_eabi.lib : vsnprintf.c.obj (.text:_outs)
                  00003edc    0000002e     driverlib.lib : adc.obj (.text:ADCIntStatus)
                  00003f0a    0000002e     rtsv7M4_T_le_v4SPD16_eabi.lib : i_tofd_t2.asm.obj (.text)
                  00003f38    0000002a     driverlib.lib : gpio.obj (.text:GPIODirModeSet)
                  00003f62    00000002     --HOLE-- [fill = 0]
                  00003f64    00000020                   : uart.obj (.text:UARTDisable)
                  00003f84    0000001e                   : adc.obj (.text:ADCSequenceDataGet)
                  00003fa2    00000002     --HOLE-- [fill = 0]
                  00003fa4    0000001c                   : systick.obj (.text:SysTickIntRegister)
                  00003fc0    0000001c     rtsv7M4_T_le_v4SPD16_eabi.lib : memccpy.c.obj (.text:memccpy)
                  00003fdc    00000018     driverlib.lib : adc.obj (.text:ADCProcessorTrigger)
                  00003ff4    00000018                   : gpio.obj (.text:GPIOPinTypeGPIOOutput)
                  0000400c    00000018                   : timer.obj (.text:TimerControlLevel)
                  00004024    00000018     rtsv7M4_T_le_v4SPD16_eabi.lib : vsnprintf.c.obj (.text:_outc)
                  0000403c    00000016                                   : strchr.c.obj (.text:strchr)
                  00004052    00000002     --HOLE-- [fill = 0]
                  00004054    00000014     driverlib.lib : systick.obj (.text:SysTickEnable)
                  00004068    00000014                   : systick.obj (.text:SysTickIntEnable)
                  0000407c    00000014                   : uart.obj (.text:UARTEnable)
                  00004090    00000014     rtsv7M4_T_le_v4SPD16_eabi.lib : s_copysign.c.obj (.text:copysign)
                  000040a4    00000014                                   : strlen.c.obj (.text:strlen)
                  000040b8    00000012     driverlib.lib : gpio.obj (.text:GPIOPinTypeGPIOInput)
                  000040ca    00000012                   : gpio.obj (.text:GPIOPinTypeTimer)
                  000040dc    00000012                   : gpio.obj (.text:GPIOPinTypeUART)
                  000040ee    00000012                   : timer.obj (.text:TimerLoadSet)
                  00004100    00000012                   : timer.obj (.text:TimerMatchSet)
                  00004112    00000012     rtsv7M4_T_le_v4SPD16_eabi.lib : copy_zero_init.c.obj (.text:decompress:ZI:__TI_zero_init_nomemset:__TI_zero_init_nomemset)
                  00004124    00000012                                   : wcslen.c.obj (.text:wcslen)
                  00004136    00000002     --HOLE-- [fill = 0]
                  00004138    00000010     driverlib.lib : systick.obj (.text:SysTickPeriodSet)
                  00004148    0000000e                   : adc.obj (.text:ADCSequenceEnable)
                  00004156    0000000e                   : timer.obj (.text:TimerEnable)
                  00004164    0000000e     rtsv7M4_T_le_v4SPD16_eabi.lib : copy_decompress_none.c.obj (.text:decompress:none:__TI_decompress_none)
                  00004172    0000000c     tm4c123gh6pm_startup_ccs.obj (.text)
                  0000417e    0000000a     driverlib.lib : adc.obj (.text:ADCIntClear)
                  00004188    0000000a                   : uart.obj (.text:UARTCharGet)
                  00004192    0000000a                   : uart.obj (.text:UARTCharPut)
                  0000419c    00000008     rtsv7M4_T_le_v4SPD16_eabi.lib : errno.c.obj (.text:__aeabi_errno_addr)
                  000041a4    00000006     driverlib.lib : gpio.obj (.text:GPIOPinRead)
                  000041aa    00000006                   : gpio.obj (.text:GPIOPinWrite)
                  000041b0    00000006                   : sysctl.obj (.text:SysCtlDelay)
                  000041b6    00000004     rtsv7M4_T_le_v4SPD16_eabi.lib : pre_init.c.obj (.text:_system_pre_init)
                  000041ba    00000004                                   : exit.c.obj (.text:abort:abort)

.const     0    000041c0    00000358     
                  000041c0    00000158     rtsv7M4_T_le_v4SPD16_eabi.lib : k_rem_pio2.c.obj (.const:$O1$$)
                  00004318    00000101                                   : ctype.c.obj (.const:.string:_ctypes_)
                  00004419    00000003     --HOLE-- [fill = 0]
                  0000441c    00000090     driverlib.lib : gpio.obj (.const:g_pui32GPIOBaseAddrs)
                  000044ac    0000006c                   : sysctl.obj (.const:g_pui32Xtals)

.cinit     0    00004518    00000048     
                  00004518    0000000f     (.cinit..data.load) [load image, compression = lzss]
                  00004527    00000001     --HOLE-- [fill = 0]
                  00004528    0000000c     (__TI_handler_table)
                  00004534    00000004     --HOLE-- [fill = 0]
                  00004538    00000008     (.cinit..bss.load) [load image, compression = zero_init]
                  00004540    00000008     (.cinit..vtable.load) [load image, compression = zero_init]
                  00004548    00000018     (__TI_cinit_table)

.init_array 
*          0    00000000    00000000     UNINITIALIZED

.vtable    0    20000000    0000026c     UNINITIALIZED
                  20000000    0000026c     driverlib.lib : interrupt.obj (.vtable)

.bss       0    20000670    00000084     UNINITIALIZED
                  20000670    00000080     Util2.lib : launchpad.obj (.bss:callbackHeap)
                  200006f0    00000004               : launchpad.obj (.bss)

.data      0    200006f4    00000020     UNINITIALIZED
                  200006f4    00000008     Util2.lib : launchpad.obj (.data)
                  200006fc    00000008     main(6).obj (.data:data)
                  20000704    00000008     main(6).obj (.data:led)
                  2000070c    00000004     rtsv7M4_T_le_v4SPD16_eabi.lib : errno.c.obj (.data)
                  20000710    00000002     main(6).obj (.data)
                  20000712    00000001     Util2.lib : led.obj (.data)
                  20000713    00000001               : pushbutton.obj (.data)

.stack     0    20000270    00000400     UNINITIALIZED
                  20000270    00000004     rtsv7M4_T_le_v4SPD16_eabi.lib : boot_cortex_m.c.obj (.stack)
                  20000274    000003fc     --HOLE--

MODULE SUMMARY

       Module                         code    ro data   rw data
       ------                         ----    -------   -------
    .\
       tm4c123gh6pm_startup_ccs.obj   12      620       0      
       main(6).obj                    356     0         18     
       pwmled.obj                     144     0         0      
       pwmled_asm.obj                 114     0         0      
       ras.obj                        72      0         0      
       ras_asm.obj                    66      0         0      
    +--+------------------------------+-------+---------+---------+
       Total:                         764     620       18     
                                                               
    C:/Users/arago/OneDrive/Documents/GitHub/LabGroupC2/Util/Debug/Util2.lib
       launchpad.obj                  976     0         140    
       uart.obj                       196     0         0      
       led.obj                        156     0         1      
       pushbutton.obj                 140     0         1      
    +--+------------------------------+-------+---------+---------+
       Total:                         1468    0         142    
                                                               
    C:/ti/TivaWare_C_Series-2.1.4.178/driverlib/ccs/Debug/driverlib.lib
       sysctl.obj                     630     108       0      
       interrupt.obj                  52      0         620    
       gpio.obj                       510     144       0      
       adc.obj                        326     0         0      
       timer.obj                      170     0         0      
       uart.obj                       142     0         0      
       systick.obj                    84      0         0      
    +--+------------------------------+-------+---------+---------+
       Total:                         1914    252       620    
                                                               
    C:\ti\ccsv8\tools\compiler\ti-cgt-arm_18.1.4.LTS\lib\rtsv7M4_T_le_v4SPD16_eabi.lib
       _printfi.c.obj                 4867    0         0      
       k_rem_pio2.c.obj               1848    344       0      
       s_sin.c.obj                    1476    0         0      
       fd_add_t2.asm.obj              438     0         0      
       k_sin.c.obj                    372     0         0      
       k_cos.c.obj                    364     0         0      
       fd_div_t2.asm.obj              310     0         0      
       s_scalbn.c.obj                 272     0         0      
       fd_cmp_t2.asm.obj              268     0         0      
       ctype.c.obj                    0       257       0      
       fd_mul_t2.asm.obj              252     0         0      
       s_floor.c.obj                  248     0         0      
       memcpy_t2.asm.obj              156     0         0      
       ull_div_t2.asm.obj             150     0         0      
       vsnprintf.c.obj                136     0         0      
       memset_t2.asm.obj              122     0         0      
       copy_decompress_lzss.c.obj     104     0         0      
       s_frexp.c.obj                  100     0         0      
       ltoa.c.obj                     84      0         0      
       atoi.c.obj                     76      0         0      
       fd_toi_t2.asm.obj              72      0         0      
       autoinit.c.obj                 68      0         0      
       boot_cortex_m.c.obj            56      0         0      
       i_tofd_t2.asm.obj              46      0         0      
       memccpy.c.obj                  28      0         0      
       strchr.c.obj                   22      0         0      
       s_copysign.c.obj               20      0         0      
       strlen.c.obj                   20      0         0      
       copy_zero_init.c.obj           18      0         0      
       wcslen.c.obj                   18      0         0      
       copy_decompress_none.c.obj     14      0         0      
       errno.c.obj                    8       0         4      
       exit.c.obj                     4       0         0      
       pre_init.c.obj                 4       0         0      
       div0.asm.obj                   2       0         0      
    +--+------------------------------+-------+---------+---------+
       Total:                         12043   601       4      
                                                               
       Stack:                         0       0         1024   
       Linker Generated:              0       67        0      
    +--+------------------------------+-------+---------+---------+
       Grand Total:                   16189   1540      1808   


LINKER GENERATED COPY TABLES

__TI_cinit_table @ 00004548 records: 3, size/record: 8, table size: 24
	.data: load addr=00004518, load size=0000000f bytes, run addr=200006f4, run size=00000020 bytes, compression=lzss
	.bss: load addr=00004538, load size=00000008 bytes, run addr=20000670, run size=00000084 bytes, compression=zero_init
	.vtable: load addr=00004540, load size=00000008 bytes, run addr=20000000, run size=0000026c bytes, compression=zero_init


LINKER GENERATED HANDLER TABLE

__TI_handler_table @ 00004528 records: 3, size/record: 4, table size: 12
	index: 0, handler: __TI_zero_init
	index: 1, handler: __TI_decompress_lzss
	index: 2, handler: __TI_decompress_none


GLOBAL SYMBOLS: SORTED ALPHABETICALLY BY Name 

address   name                          
-------   ----                          
0000417f  ADCIntClear                   
00003edd  ADCIntStatus                  
00003fdd  ADCProcessorTrigger           
00003b11  ADCSequenceConfigure          
00003f85  ADCSequenceDataGet            
00004149  ADCSequenceEnable             
00003715  ADCSequenceStepConfigure      
000041bb  C$$EXIT                       
00003f39  GPIODirModeSet                
00002a47  GPIOPadConfigSet              
00003bad  GPIOPinConfigure              
000041a5  GPIOPinRead                   
000040b9  GPIOPinTypeGPIOInput          
00003ff5  GPIOPinTypeGPIOOutput         
000040cb  GPIOPinTypeTimer              
000040dd  GPIOPinTypeUART               
000041ab  GPIOPinWrite                  
00003e45  IntRegister                   
00004173  ResetISR                      
00002c9d  SysCtlClockGet                
000030b1  SysCtlClockSet                
000041b1  SysCtlDelay                   
00003e79  SysCtlPeripheralEnable        
00003dd5  SysCtlPeripheralReady         
00004055  SysTickEnable                 
00004069  SysTickIntEnable              
00003fa5  SysTickIntRegister            
00004139  SysTickPeriodSet              
000039b5  TimerConfigure                
0000400d  TimerControlLevel             
00004157  TimerEnable                   
000040ef  TimerLoadSet                  
00004101  TimerMatchSet                 
00004189  UARTCharGet                   
00004193  UARTCharPut                   
00003c85  UARTConfigSetExpClk           
00003f65  UARTDisable                   
0000407d  UARTEnable                    
20000670  __STACK_END                   
00000400  __STACK_SIZE                  
20000470  __STACK_TOP                   
00004548  __TI_CINIT_Base               
00004560  __TI_CINIT_Limit              
00004528  __TI_Handler_Table_Base       
00004534  __TI_Handler_Table_Limit      
00003ccd  __TI_auto_init_nobinit_nopinit
000038e9  __TI_decompress_lzss          
00004165  __TI_decompress_none          
ffffffff  __TI_pprof_out_hndl           
0000026d  __TI_printfi                  
ffffffff  __TI_prof_data_size           
ffffffff  __TI_prof_data_start          
00000000  __TI_static_base__            
00004113  __TI_zero_init_nomemset       
00003609  __aeabi_cdcmpeq               
00003609  __aeabi_cdcmple               
0000368f  __aeabi_cdrcmple              
00003c3d  __aeabi_d2iz                  
000021e3  __aeabi_dadd                  
00002911  __aeabi_ddiv                  
00002ebd  __aeabi_dmul                  
000021d9  __aeabi_dsub                  
0000419d  __aeabi_errno_addr            
00003f0b  __aeabi_i2d                   
00000ccb  __aeabi_idiv0                 
00000ccb  __aeabi_ldiv0                 
0000378f  __aeabi_memclr                
0000378f  __aeabi_memclr4               
0000378f  __aeabi_memclr8               
000033b9  __aeabi_memcpy                
000033b9  __aeabi_memcpy4               
000033b9  __aeabi_memcpy8               
00003791  __aeabi_memset                
00003791  __aeabi_memset4               
00003791  __aeabi_memset8               
00003455  __aeabi_uldivmod              
ffffffff  __binit__                     
ffffffff  __c_args__                    
00002505  __kernel_cos                  
00000ccd  __kernel_rem_pio2             
00002391  __kernel_sin                  
UNDEFED   __mpu_init                    
20000270  __stack                       
00003e0d  _c_int00_noargs               
00004318  _ctypes_                      
UNDEFED   _system_post_cinit            
000041b7  _system_pre_init              
000041bb  abort                         
00003b61  atoi                          
ffffffff  binit                         
000026bf  callbackLedPlay               
00004091  copysign                      
00004091  copysignl                     
200006fc  data                          
2000070c  errno                         
00002fb9  floor                         
00002fb9  floorl                        
00003951  frexp                         
00003951  frexpl                        
20000000  g_pfnRAMVectors               
00000000  g_pfnVectors                  
00002dad  ldexp                         
00002dad  ldexpl                        
0000333f  ledInit                       
0000331d  ledInitForced                 
000034ed  ledPwmInit                    
00003821  ledPwmSet                     
00003353  ledTurnOnOff                  
00001cd3  lpInit                        
00003a6b  ltoa                          
00002793  main                          
00003fc1  memccpy                       
000033b9  memcpy                        
00003797  memset                        
000035b1  pbInit                        
0000357d  pbInitForced                  
000035c5  pbRead                        
00003bf5  rasInit                       
00003d15  rasInput                      
00002dad  scalbn                        
00002dad  scalbnl                       
00001af7  schdCallback                  
00001b71  schdExecute                   
00001405  sin                           
00001405  sinl                          
0000403d  strchr                        
000040a5  strlen                        
00001a5b  sysTimeGet                    
00001a61  sysTimeReached                
00001a87  sysTimeWait                   
00001aab  sysTimeWaitAbsolute           
000031f1  uartGetChar                   
000031a5  uartInit                      
000031df  uartPutChar                   
00003203  uartPutString                 
0000322f  uprintf                       
00003d55  vsnprintf                     
00001c75  waitMs                        
00001ca5  waitUs                        
00004125  wcslen                        


GLOBAL SYMBOLS: SORTED BY Symbol Address 

address   name                          
-------   ----                          
00000000  __TI_static_base__            
00000000  g_pfnVectors                  
0000026d  __TI_printfi                  
00000400  __STACK_SIZE                  
00000ccb  __aeabi_idiv0                 
00000ccb  __aeabi_ldiv0                 
00000ccd  __kernel_rem_pio2             
00001405  sin                           
00001405  sinl                          
00001a5b  sysTimeGet                    
00001a61  sysTimeReached                
00001a87  sysTimeWait                   
00001aab  sysTimeWaitAbsolute           
00001af7  schdCallback                  
00001b71  schdExecute                   
00001c75  waitMs                        
00001ca5  waitUs                        
00001cd3  lpInit                        
000021d9  __aeabi_dsub                  
000021e3  __aeabi_dadd                  
00002391  __kernel_sin                  
00002505  __kernel_cos                  
000026bf  callbackLedPlay               
00002793  main                          
00002911  __aeabi_ddiv                  
00002a47  GPIOPadConfigSet              
00002c9d  SysCtlClockGet                
00002dad  ldexp                         
00002dad  ldexpl                        
00002dad  scalbn                        
00002dad  scalbnl                       
00002ebd  __aeabi_dmul                  
00002fb9  floor                         
00002fb9  floorl                        
000030b1  SysCtlClockSet                
000031a5  uartInit                      
000031df  uartPutChar                   
000031f1  uartGetChar                   
00003203  uartPutString                 
0000322f  uprintf                       
0000331d  ledInitForced                 
0000333f  ledInit                       
00003353  ledTurnOnOff                  
000033b9  __aeabi_memcpy                
000033b9  __aeabi_memcpy4               
000033b9  __aeabi_memcpy8               
000033b9  memcpy                        
00003455  __aeabi_uldivmod              
000034ed  ledPwmInit                    
0000357d  pbInitForced                  
000035b1  pbInit                        
000035c5  pbRead                        
00003609  __aeabi_cdcmpeq               
00003609  __aeabi_cdcmple               
0000368f  __aeabi_cdrcmple              
00003715  ADCSequenceStepConfigure      
0000378f  __aeabi_memclr                
0000378f  __aeabi_memclr4               
0000378f  __aeabi_memclr8               
00003791  __aeabi_memset                
00003791  __aeabi_memset4               
00003791  __aeabi_memset8               
00003797  memset                        
00003821  ledPwmSet                     
000038e9  __TI_decompress_lzss          
00003951  frexp                         
00003951  frexpl                        
000039b5  TimerConfigure                
00003a6b  ltoa                          
00003b11  ADCSequenceConfigure          
00003b61  atoi                          
00003bad  GPIOPinConfigure              
00003bf5  rasInit                       
00003c3d  __aeabi_d2iz                  
00003c85  UARTConfigSetExpClk           
00003ccd  __TI_auto_init_nobinit_nopinit
00003d15  rasInput                      
00003d55  vsnprintf                     
00003dd5  SysCtlPeripheralReady         
00003e0d  _c_int00_noargs               
00003e45  IntRegister                   
00003e79  SysCtlPeripheralEnable        
00003edd  ADCIntStatus                  
00003f0b  __aeabi_i2d                   
00003f39  GPIODirModeSet                
00003f65  UARTDisable                   
00003f85  ADCSequenceDataGet            
00003fa5  SysTickIntRegister            
00003fc1  memccpy                       
00003fdd  ADCProcessorTrigger           
00003ff5  GPIOPinTypeGPIOOutput         
0000400d  TimerControlLevel             
0000403d  strchr                        
00004055  SysTickEnable                 
00004069  SysTickIntEnable              
0000407d  UARTEnable                    
00004091  copysign                      
00004091  copysignl                     
000040a5  strlen                        
000040b9  GPIOPinTypeGPIOInput          
000040cb  GPIOPinTypeTimer              
000040dd  GPIOPinTypeUART               
000040ef  TimerLoadSet                  
00004101  TimerMatchSet                 
00004113  __TI_zero_init_nomemset       
00004125  wcslen                        
00004139  SysTickPeriodSet              
00004149  ADCSequenceEnable             
00004157  TimerEnable                   
00004165  __TI_decompress_none          
00004173  ResetISR                      
0000417f  ADCIntClear                   
00004189  UARTCharGet                   
00004193  UARTCharPut                   
0000419d  __aeabi_errno_addr            
000041a5  GPIOPinRead                   
000041ab  GPIOPinWrite                  
000041b1  SysCtlDelay                   
000041b7  _system_pre_init              
000041bb  C$$EXIT                       
000041bb  abort                         
00004318  _ctypes_                      
00004528  __TI_Handler_Table_Base       
00004534  __TI_Handler_Table_Limit      
00004548  __TI_CINIT_Base               
00004560  __TI_CINIT_Limit              
20000000  g_pfnRAMVectors               
20000270  __stack                       
20000470  __STACK_TOP                   
20000670  __STACK_END                   
200006fc  data                          
2000070c  errno                         
ffffffff  __TI_pprof_out_hndl           
ffffffff  __TI_prof_data_size           
ffffffff  __TI_prof_data_start          
ffffffff  __binit__                     
ffffffff  __c_args__                    
ffffffff  binit                         
UNDEFED   __mpu_init                    
UNDEFED   _system_post_cinit            

[140 symbols]
